Archive member included to satisfy reference by file (symbol)

c:/program files (x86)/gnu arm embedded toolchain/10 2021.10/bin/../lib/gcc/arm-none-eabi/10.3.1/../../../../arm-none-eabi/lib/thumb/v7e-m/nofp\libg_nano.a(lib_a-exit.o)
                              c:/program files (x86)/gnu arm embedded toolchain/10 2021.10/bin/../lib/gcc/arm-none-eabi/10.3.1/../../../../arm-none-eabi/lib/thumb/v7e-m/nofp/crt0.o (exit)
c:/program files (x86)/gnu arm embedded toolchain/10 2021.10/bin/../lib/gcc/arm-none-eabi/10.3.1/../../../../arm-none-eabi/lib/thumb/v7e-m/nofp\libg_nano.a(lib_a-impure.o)
                              c:/program files (x86)/gnu arm embedded toolchain/10 2021.10/bin/../lib/gcc/arm-none-eabi/10.3.1/../../../../arm-none-eabi/lib/thumb/v7e-m/nofp\libg_nano.a(lib_a-exit.o) (_global_impure_ptr)
c:/program files (x86)/gnu arm embedded toolchain/10 2021.10/bin/../lib/gcc/arm-none-eabi/10.3.1/../../../../arm-none-eabi/lib/thumb/v7e-m/nofp\libg_nano.a(lib_a-init.o)
                              c:/program files (x86)/gnu arm embedded toolchain/10 2021.10/bin/../lib/gcc/arm-none-eabi/10.3.1/../../../../arm-none-eabi/lib/thumb/v7e-m/nofp/crt0.o (__libc_init_array)
c:/program files (x86)/gnu arm embedded toolchain/10 2021.10/bin/../lib/gcc/arm-none-eabi/10.3.1/../../../../arm-none-eabi/lib/thumb/v7e-m/nofp\libg_nano.a(lib_a-memcpy-stub.o)
                              Projects/Servo_Motor/src/startup.o (memcpy)
c:/program files (x86)/gnu arm embedded toolchain/10 2021.10/bin/../lib/gcc/arm-none-eabi/10.3.1/../../../../arm-none-eabi/lib/thumb/v7e-m/nofp\libg_nano.a(lib_a-memset.o)
                              c:/program files (x86)/gnu arm embedded toolchain/10 2021.10/bin/../lib/gcc/arm-none-eabi/10.3.1/../../../../arm-none-eabi/lib/thumb/v7e-m/nofp/crt0.o (memset)
c:/program files (x86)/gnu arm embedded toolchain/10 2021.10/bin/../lib/gcc/arm-none-eabi/10.3.1/../../../../arm-none-eabi/lib/thumb/v7e-m/nofp\libnosys.a(_exit.o)
                              c:/program files (x86)/gnu arm embedded toolchain/10 2021.10/bin/../lib/gcc/arm-none-eabi/10.3.1/../../../../arm-none-eabi/lib/thumb/v7e-m/nofp\libg_nano.a(lib_a-exit.o) (_exit)

Discarded input sections

 .text          0x00000000        0x0 c:/program files (x86)/gnu arm embedded toolchain/10 2021.10/bin/../lib/gcc/arm-none-eabi/10.3.1/thumb/v7e-m/nofp/crti.o
 .data          0x00000000        0x0 c:/program files (x86)/gnu arm embedded toolchain/10 2021.10/bin/../lib/gcc/arm-none-eabi/10.3.1/thumb/v7e-m/nofp/crti.o
 .bss           0x00000000        0x0 c:/program files (x86)/gnu arm embedded toolchain/10 2021.10/bin/../lib/gcc/arm-none-eabi/10.3.1/thumb/v7e-m/nofp/crti.o
 .text          0x00000000       0x40 c:/program files (x86)/gnu arm embedded toolchain/10 2021.10/bin/../lib/gcc/arm-none-eabi/10.3.1/thumb/v7e-m/nofp/crtbegin.o
 .data          0x00000000        0x4 c:/program files (x86)/gnu arm embedded toolchain/10 2021.10/bin/../lib/gcc/arm-none-eabi/10.3.1/thumb/v7e-m/nofp/crtbegin.o
 .bss           0x00000000       0x1c c:/program files (x86)/gnu arm embedded toolchain/10 2021.10/bin/../lib/gcc/arm-none-eabi/10.3.1/thumb/v7e-m/nofp/crtbegin.o
 .rodata        0x00000000       0x24 c:/program files (x86)/gnu arm embedded toolchain/10 2021.10/bin/../lib/gcc/arm-none-eabi/10.3.1/thumb/v7e-m/nofp/crtbegin.o
 .init_array    0x00000000        0x4 c:/program files (x86)/gnu arm embedded toolchain/10 2021.10/bin/../lib/gcc/arm-none-eabi/10.3.1/thumb/v7e-m/nofp/crtbegin.o
 .fini_array    0x00000000        0x4 c:/program files (x86)/gnu arm embedded toolchain/10 2021.10/bin/../lib/gcc/arm-none-eabi/10.3.1/thumb/v7e-m/nofp/crtbegin.o
 .text          0x00000000       0x7c c:/program files (x86)/gnu arm embedded toolchain/10 2021.10/bin/../lib/gcc/arm-none-eabi/10.3.1/../../../../arm-none-eabi/lib/thumb/v7e-m/nofp/crt0.o
 .data          0x00000000        0x0 c:/program files (x86)/gnu arm embedded toolchain/10 2021.10/bin/../lib/gcc/arm-none-eabi/10.3.1/../../../../arm-none-eabi/lib/thumb/v7e-m/nofp/crt0.o
 .bss           0x00000000        0x0 c:/program files (x86)/gnu arm embedded toolchain/10 2021.10/bin/../lib/gcc/arm-none-eabi/10.3.1/../../../../arm-none-eabi/lib/thumb/v7e-m/nofp/crt0.o
 .ARM.extab     0x00000000        0x0 c:/program files (x86)/gnu arm embedded toolchain/10 2021.10/bin/../lib/gcc/arm-none-eabi/10.3.1/../../../../arm-none-eabi/lib/thumb/v7e-m/nofp/crt0.o
 .ARM.exidx     0x00000000       0x10 c:/program files (x86)/gnu arm embedded toolchain/10 2021.10/bin/../lib/gcc/arm-none-eabi/10.3.1/../../../../arm-none-eabi/lib/thumb/v7e-m/nofp/crt0.o
 .ARM.attributes
                0x00000000       0x1c c:/program files (x86)/gnu arm embedded toolchain/10 2021.10/bin/../lib/gcc/arm-none-eabi/10.3.1/../../../../arm-none-eabi/lib/thumb/v7e-m/nofp/crt0.o
 .text          0x00000000        0x0 Projects/Servo_Motor/src/main.o
 .data          0x00000000        0x0 Projects/Servo_Motor/src/main.o
 .bss           0x00000000        0x0 Projects/Servo_Motor/src/main.o
 .text.delay    0x00000000       0x1c Projects/Servo_Motor/src/main.o
 .text          0x00000000        0x0 Projects/Servo_Motor/src/servo.o
 .data          0x00000000        0x0 Projects/Servo_Motor/src/servo.o
 .bss           0x00000000        0x0 Projects/Servo_Motor/src/servo.o
 .text.Servo_GetAngle
                0x00000000        0xc Projects/Servo_Motor/src/servo.o
 .text.Servo_Stop
                0x00000000       0x14 Projects/Servo_Motor/src/servo.o
 .text          0x00000000        0x0 Projects/Servo_Motor/src/startup.o
 .data          0x00000000        0x0 Projects/Servo_Motor/src/startup.o
 .bss           0x00000000        0x0 Projects/Servo_Motor/src/startup.o
 .data          0x00000000        0x0 Projects/Servo_Motor/src/system_stm32f4xx.o
 .bss           0x00000000        0x0 Projects/Servo_Motor/src/system_stm32f4xx.o
 .text          0x00000000        0x0 Drivers/GPIO/src/gpio.o
 .data          0x00000000        0x0 Drivers/GPIO/src/gpio.o
 .bss           0x00000000        0x0 Drivers/GPIO/src/gpio.o
 .text.LIB_GPIO_Init
                0x00000000       0xfc Drivers/GPIO/src/gpio.o
 .text.LIB_GPIO_ReadPin
                0x00000000        0xc Drivers/GPIO/src/gpio.o
 .text.LIB_GPIO_WritePin
                0x00000000        0x8 Drivers/GPIO/src/gpio.o
 .text.LIB_GPIO_TogglePin
                0x00000000        0x8 Drivers/GPIO/src/gpio.o
 .text.__LIB_RCC_GPIOA_CLK_ENABLE
                0x00000000       0x10 Drivers/GPIO/src/gpio.o
 .text.__LIB_RCC_GPIOB_CLK_ENABLE
                0x00000000       0x10 Drivers/GPIO/src/gpio.o
 .text.__LIB_RCC_GPIOC_CLK_ENABLE
                0x00000000       0x10 Drivers/GPIO/src/gpio.o
 .text.__LIB_RCC_GPIOD_CLK_ENABLE
                0x00000000       0x10 Drivers/GPIO/src/gpio.o
 .text.__LIB_RCC_GPIOF_CLK_ENABLE
                0x00000000       0x10 Drivers/GPIO/src/gpio.o
 .text.__LIB_RCC_GPIOG_CLK_ENABLE
                0x00000000       0x10 Drivers/GPIO/src/gpio.o
 .text.__LIB_RCC_GPIOH_CLK_ENABLE
                0x00000000       0x10 Drivers/GPIO/src/gpio.o
 .text          0x00000000        0x0 Drivers/UART/src/uart.o
 .data          0x00000000        0x0 Drivers/UART/src/uart.o
 .bss           0x00000000        0x0 Drivers/UART/src/uart.o
 .text.USART_2_Init
                0x00000000       0xcc Drivers/UART/src/uart.o
 .text.USART_2_Write
                0x00000000       0x14 Drivers/UART/src/uart.o
 .text.USART_2_Read
                0x00000000       0x14 Drivers/UART/src/uart.o
 .text.fgetc    0x00000000       0x34 Drivers/UART/src/uart.o
 .text.fputc    0x00000000       0x14 Drivers/UART/src/uart.o
 .debug_info    0x00000000      0xdc3 Drivers/UART/src/uart.o
 .debug_abbrev  0x00000000      0x30d Drivers/UART/src/uart.o
 .debug_loc     0x00000000      0x113 Drivers/UART/src/uart.o
 .debug_aranges
                0x00000000       0x40 Drivers/UART/src/uart.o
 .debug_ranges  0x00000000       0x30 Drivers/UART/src/uart.o
 .debug_line    0x00000000      0x485 Drivers/UART/src/uart.o
 .debug_str     0x00000000      0x780 Drivers/UART/src/uart.o
 .comment       0x00000000       0x4a Drivers/UART/src/uart.o
 .debug_frame   0x00000000       0x6c Drivers/UART/src/uart.o
 .ARM.attributes
                0x00000000       0x2e Drivers/UART/src/uart.o
 .text          0x00000000        0x0 Drivers/PWM/src/pwm.o
 .data          0x00000000        0x0 Drivers/PWM/src/pwm.o
 .bss           0x00000000        0x0 Drivers/PWM/src/pwm.o
 .text.PWM_Init
                0x00000000       0xd0 Drivers/PWM/src/pwm.o
 .text.PWM_SetDutyCycle
                0x00000000       0x20 Drivers/PWM/src/pwm.o
 .text.PWM_GetDutyCycle
                0x00000000       0x24 Drivers/PWM/src/pwm.o
 .text          0x00000000        0x0 c:/program files (x86)/gnu arm embedded toolchain/10 2021.10/bin/../lib/gcc/arm-none-eabi/10.3.1/../../../../arm-none-eabi/lib/thumb/v7e-m/nofp\libg_nano.a(lib_a-exit.o)
 .data          0x00000000        0x0 c:/program files (x86)/gnu arm embedded toolchain/10 2021.10/bin/../lib/gcc/arm-none-eabi/10.3.1/../../../../arm-none-eabi/lib/thumb/v7e-m/nofp\libg_nano.a(lib_a-exit.o)
 .bss           0x00000000        0x0 c:/program files (x86)/gnu arm embedded toolchain/10 2021.10/bin/../lib/gcc/arm-none-eabi/10.3.1/../../../../arm-none-eabi/lib/thumb/v7e-m/nofp\libg_nano.a(lib_a-exit.o)
 .text.exit     0x00000000       0x28 c:/program files (x86)/gnu arm embedded toolchain/10 2021.10/bin/../lib/gcc/arm-none-eabi/10.3.1/../../../../arm-none-eabi/lib/thumb/v7e-m/nofp\libg_nano.a(lib_a-exit.o)
 .debug_frame   0x00000000       0x28 c:/program files (x86)/gnu arm embedded toolchain/10 2021.10/bin/../lib/gcc/arm-none-eabi/10.3.1/../../../../arm-none-eabi/lib/thumb/v7e-m/nofp\libg_nano.a(lib_a-exit.o)
 .ARM.attributes
                0x00000000       0x2e c:/program files (x86)/gnu arm embedded toolchain/10 2021.10/bin/../lib/gcc/arm-none-eabi/10.3.1/../../../../arm-none-eabi/lib/thumb/v7e-m/nofp\libg_nano.a(lib_a-exit.o)
 .text          0x00000000        0x0 c:/program files (x86)/gnu arm embedded toolchain/10 2021.10/bin/../lib/gcc/arm-none-eabi/10.3.1/../../../../arm-none-eabi/lib/thumb/v7e-m/nofp\libg_nano.a(lib_a-impure.o)
 .data          0x00000000        0x0 c:/program files (x86)/gnu arm embedded toolchain/10 2021.10/bin/../lib/gcc/arm-none-eabi/10.3.1/../../../../arm-none-eabi/lib/thumb/v7e-m/nofp\libg_nano.a(lib_a-impure.o)
 .bss           0x00000000        0x0 c:/program files (x86)/gnu arm embedded toolchain/10 2021.10/bin/../lib/gcc/arm-none-eabi/10.3.1/../../../../arm-none-eabi/lib/thumb/v7e-m/nofp\libg_nano.a(lib_a-impure.o)
 .data._impure_ptr
                0x00000000        0x4 c:/program files (x86)/gnu arm embedded toolchain/10 2021.10/bin/../lib/gcc/arm-none-eabi/10.3.1/../../../../arm-none-eabi/lib/thumb/v7e-m/nofp\libg_nano.a(lib_a-impure.o)
 .data.impure_data
                0x00000000       0x60 c:/program files (x86)/gnu arm embedded toolchain/10 2021.10/bin/../lib/gcc/arm-none-eabi/10.3.1/../../../../arm-none-eabi/lib/thumb/v7e-m/nofp\libg_nano.a(lib_a-impure.o)
 .rodata._global_impure_ptr
                0x00000000        0x4 c:/program files (x86)/gnu arm embedded toolchain/10 2021.10/bin/../lib/gcc/arm-none-eabi/10.3.1/../../../../arm-none-eabi/lib/thumb/v7e-m/nofp\libg_nano.a(lib_a-impure.o)
 .ARM.attributes
                0x00000000       0x2e c:/program files (x86)/gnu arm embedded toolchain/10 2021.10/bin/../lib/gcc/arm-none-eabi/10.3.1/../../../../arm-none-eabi/lib/thumb/v7e-m/nofp\libg_nano.a(lib_a-impure.o)
 .text          0x00000000        0x0 c:/program files (x86)/gnu arm embedded toolchain/10 2021.10/bin/../lib/gcc/arm-none-eabi/10.3.1/../../../../arm-none-eabi/lib/thumb/v7e-m/nofp\libg_nano.a(lib_a-init.o)
 .data          0x00000000        0x0 c:/program files (x86)/gnu arm embedded toolchain/10 2021.10/bin/../lib/gcc/arm-none-eabi/10.3.1/../../../../arm-none-eabi/lib/thumb/v7e-m/nofp\libg_nano.a(lib_a-init.o)
 .bss           0x00000000        0x0 c:/program files (x86)/gnu arm embedded toolchain/10 2021.10/bin/../lib/gcc/arm-none-eabi/10.3.1/../../../../arm-none-eabi/lib/thumb/v7e-m/nofp\libg_nano.a(lib_a-init.o)
 .text.__libc_init_array
                0x00000000       0x48 c:/program files (x86)/gnu arm embedded toolchain/10 2021.10/bin/../lib/gcc/arm-none-eabi/10.3.1/../../../../arm-none-eabi/lib/thumb/v7e-m/nofp\libg_nano.a(lib_a-init.o)
 .debug_frame   0x00000000       0x2c c:/program files (x86)/gnu arm embedded toolchain/10 2021.10/bin/../lib/gcc/arm-none-eabi/10.3.1/../../../../arm-none-eabi/lib/thumb/v7e-m/nofp\libg_nano.a(lib_a-init.o)
 .ARM.attributes
                0x00000000       0x2e c:/program files (x86)/gnu arm embedded toolchain/10 2021.10/bin/../lib/gcc/arm-none-eabi/10.3.1/../../../../arm-none-eabi/lib/thumb/v7e-m/nofp\libg_nano.a(lib_a-init.o)
 .text          0x00000000        0x0 c:/program files (x86)/gnu arm embedded toolchain/10 2021.10/bin/../lib/gcc/arm-none-eabi/10.3.1/../../../../arm-none-eabi/lib/thumb/v7e-m/nofp\libg_nano.a(lib_a-memcpy-stub.o)
 .data          0x00000000        0x0 c:/program files (x86)/gnu arm embedded toolchain/10 2021.10/bin/../lib/gcc/arm-none-eabi/10.3.1/../../../../arm-none-eabi/lib/thumb/v7e-m/nofp\libg_nano.a(lib_a-memcpy-stub.o)
 .bss           0x00000000        0x0 c:/program files (x86)/gnu arm embedded toolchain/10 2021.10/bin/../lib/gcc/arm-none-eabi/10.3.1/../../../../arm-none-eabi/lib/thumb/v7e-m/nofp\libg_nano.a(lib_a-memcpy-stub.o)
 .text          0x00000000        0x0 c:/program files (x86)/gnu arm embedded toolchain/10 2021.10/bin/../lib/gcc/arm-none-eabi/10.3.1/../../../../arm-none-eabi/lib/thumb/v7e-m/nofp\libg_nano.a(lib_a-memset.o)
 .data          0x00000000        0x0 c:/program files (x86)/gnu arm embedded toolchain/10 2021.10/bin/../lib/gcc/arm-none-eabi/10.3.1/../../../../arm-none-eabi/lib/thumb/v7e-m/nofp\libg_nano.a(lib_a-memset.o)
 .bss           0x00000000        0x0 c:/program files (x86)/gnu arm embedded toolchain/10 2021.10/bin/../lib/gcc/arm-none-eabi/10.3.1/../../../../arm-none-eabi/lib/thumb/v7e-m/nofp\libg_nano.a(lib_a-memset.o)
 .text          0x00000000        0x0 c:/program files (x86)/gnu arm embedded toolchain/10 2021.10/bin/../lib/gcc/arm-none-eabi/10.3.1/../../../../arm-none-eabi/lib/thumb/v7e-m/nofp\libnosys.a(_exit.o)
 .data          0x00000000        0x0 c:/program files (x86)/gnu arm embedded toolchain/10 2021.10/bin/../lib/gcc/arm-none-eabi/10.3.1/../../../../arm-none-eabi/lib/thumb/v7e-m/nofp\libnosys.a(_exit.o)
 .bss           0x00000000        0x0 c:/program files (x86)/gnu arm embedded toolchain/10 2021.10/bin/../lib/gcc/arm-none-eabi/10.3.1/../../../../arm-none-eabi/lib/thumb/v7e-m/nofp\libnosys.a(_exit.o)
 .text._exit    0x00000000        0x4 c:/program files (x86)/gnu arm embedded toolchain/10 2021.10/bin/../lib/gcc/arm-none-eabi/10.3.1/../../../../arm-none-eabi/lib/thumb/v7e-m/nofp\libnosys.a(_exit.o)
 .debug_frame   0x00000000       0x20 c:/program files (x86)/gnu arm embedded toolchain/10 2021.10/bin/../lib/gcc/arm-none-eabi/10.3.1/../../../../arm-none-eabi/lib/thumb/v7e-m/nofp\libnosys.a(_exit.o)
 .ARM.attributes
                0x00000000       0x2e c:/program files (x86)/gnu arm embedded toolchain/10 2021.10/bin/../lib/gcc/arm-none-eabi/10.3.1/../../../../arm-none-eabi/lib/thumb/v7e-m/nofp\libnosys.a(_exit.o)
 .text          0x00000000        0x0 c:/program files (x86)/gnu arm embedded toolchain/10 2021.10/bin/../lib/gcc/arm-none-eabi/10.3.1/thumb/v7e-m/nofp/crtend.o
 .data          0x00000000        0x0 c:/program files (x86)/gnu arm embedded toolchain/10 2021.10/bin/../lib/gcc/arm-none-eabi/10.3.1/thumb/v7e-m/nofp/crtend.o
 .bss           0x00000000        0x0 c:/program files (x86)/gnu arm embedded toolchain/10 2021.10/bin/../lib/gcc/arm-none-eabi/10.3.1/thumb/v7e-m/nofp/crtend.o
 .rodata        0x00000000       0x24 c:/program files (x86)/gnu arm embedded toolchain/10 2021.10/bin/../lib/gcc/arm-none-eabi/10.3.1/thumb/v7e-m/nofp/crtend.o
 .text          0x00000000        0x0 c:/program files (x86)/gnu arm embedded toolchain/10 2021.10/bin/../lib/gcc/arm-none-eabi/10.3.1/thumb/v7e-m/nofp/crtn.o
 .data          0x00000000        0x0 c:/program files (x86)/gnu arm embedded toolchain/10 2021.10/bin/../lib/gcc/arm-none-eabi/10.3.1/thumb/v7e-m/nofp/crtn.o
 .bss           0x00000000        0x0 c:/program files (x86)/gnu arm embedded toolchain/10 2021.10/bin/../lib/gcc/arm-none-eabi/10.3.1/thumb/v7e-m/nofp/crtn.o

Memory Configuration

Name             Origin             Length             Attributes
FLASH            0x08000000         0x00100000         xr
RAM              0x20000000         0x00020000         xrw
*default*        0x00000000         0xffffffff

Linker script and memory map

LOAD c:/program files (x86)/gnu arm embedded toolchain/10 2021.10/bin/../lib/gcc/arm-none-eabi/10.3.1/thumb/v7e-m/nofp/crti.o
LOAD c:/program files (x86)/gnu arm embedded toolchain/10 2021.10/bin/../lib/gcc/arm-none-eabi/10.3.1/thumb/v7e-m/nofp/crtbegin.o
LOAD c:/program files (x86)/gnu arm embedded toolchain/10 2021.10/bin/../lib/gcc/arm-none-eabi/10.3.1/../../../../arm-none-eabi/lib/thumb/v7e-m/nofp/crt0.o
LOAD Projects/Servo_Motor/src/main.o
LOAD Projects/Servo_Motor/src/servo.o
LOAD Projects/Servo_Motor/src/startup.o
LOAD Projects/Servo_Motor/src/system_stm32f4xx.o
LOAD Drivers/GPIO/src/gpio.o
LOAD Drivers/UART/src/uart.o
LOAD Drivers/PWM/src/pwm.o
START GROUP
LOAD c:/program files (x86)/gnu arm embedded toolchain/10 2021.10/bin/../lib/gcc/arm-none-eabi/10.3.1/thumb/v7e-m/nofp\libgcc.a
LOAD c:/program files (x86)/gnu arm embedded toolchain/10 2021.10/bin/../lib/gcc/arm-none-eabi/10.3.1/../../../../arm-none-eabi/lib/thumb/v7e-m/nofp\libg_nano.a
LOAD c:/program files (x86)/gnu arm embedded toolchain/10 2021.10/bin/../lib/gcc/arm-none-eabi/10.3.1/../../../../arm-none-eabi/lib/thumb/v7e-m/nofp\libc_nano.a
END GROUP
START GROUP
LOAD c:/program files (x86)/gnu arm embedded toolchain/10 2021.10/bin/../lib/gcc/arm-none-eabi/10.3.1/thumb/v7e-m/nofp\libgcc.a
LOAD c:/program files (x86)/gnu arm embedded toolchain/10 2021.10/bin/../lib/gcc/arm-none-eabi/10.3.1/../../../../arm-none-eabi/lib/thumb/v7e-m/nofp\libc_nano.a
LOAD c:/program files (x86)/gnu arm embedded toolchain/10 2021.10/bin/../lib/gcc/arm-none-eabi/10.3.1/../../../../arm-none-eabi/lib/thumb/v7e-m/nofp\libnosys.a
END GROUP
START GROUP
LOAD c:/program files (x86)/gnu arm embedded toolchain/10 2021.10/bin/../lib/gcc/arm-none-eabi/10.3.1/thumb/v7e-m/nofp\libgcc.a
LOAD c:/program files (x86)/gnu arm embedded toolchain/10 2021.10/bin/../lib/gcc/arm-none-eabi/10.3.1/../../../../arm-none-eabi/lib/thumb/v7e-m/nofp\libc_nano.a
LOAD c:/program files (x86)/gnu arm embedded toolchain/10 2021.10/bin/../lib/gcc/arm-none-eabi/10.3.1/../../../../arm-none-eabi/lib/thumb/v7e-m/nofp\libnosys.a
END GROUP
LOAD c:/program files (x86)/gnu arm embedded toolchain/10 2021.10/bin/../lib/gcc/arm-none-eabi/10.3.1/thumb/v7e-m/nofp/crtend.o
LOAD c:/program files (x86)/gnu arm embedded toolchain/10 2021.10/bin/../lib/gcc/arm-none-eabi/10.3.1/thumb/v7e-m/nofp/crtn.o

.isr_vector     0x08000000       0x40
 *(.isr_vector)
 .isr_vector    0x08000000       0x40 Projects/Servo_Motor/src/startup.o
                0x08000000                vector_table

.text           0x08000040      0x2a4
                0x08000040                . = ALIGN (0x4)
 *(.text*)
 .text.startup.main
                0x08000040       0x50 Projects/Servo_Motor/src/main.o
                0x08000040                main
 .text.Servo_GPIO_Init
                0x08000090       0x3c Projects/Servo_Motor/src/servo.o
                0x08000090                Servo_GPIO_Init
 .text.Servo_PWM_Init
                0x080000cc       0x34 Projects/Servo_Motor/src/servo.o
                0x080000cc                Servo_PWM_Init
 .text.Servo_SetAngle
                0x08000100       0x30 Projects/Servo_Motor/src/servo.o
                0x08000100                Servo_SetAngle
 .text.Servo_Start
                0x08000130       0x30 Projects/Servo_Motor/src/servo.o
                0x08000130                Servo_Start
 .text.Default_Handler
                0x08000160        0x4 Projects/Servo_Motor/src/startup.o
                0x08000160                Default_Handler
 .text.Reset_Handler
                0x08000164       0x50 Projects/Servo_Motor/src/startup.o
                0x08000164                Reset_Handler
 .text          0x080001b4        0x4 Projects/Servo_Motor/src/system_stm32f4xx.o
                0x080001b4                SystemInit
 .text.__LIB_RCC_GPIOE_CLK_ENABLE
                0x080001b8       0x10 Drivers/GPIO/src/gpio.o
                0x080001b8                __LIB_RCC_GPIOE_CLK_ENABLE
 .text.Timer_Init
                0x080001c8       0x78 Drivers/PWM/src/pwm.o
                0x080001c8                Timer_Init
 .text.Configure_PWM
                0x08000240       0x5c Drivers/PWM/src/pwm.o
                0x08000240                Configure_PWM
 .text.memcpy   0x0800029c       0x1c c:/program files (x86)/gnu arm embedded toolchain/10 2021.10/bin/../lib/gcc/arm-none-eabi/10.3.1/../../../../arm-none-eabi/lib/thumb/v7e-m/nofp\libg_nano.a(lib_a-memcpy-stub.o)
                0x0800029c                memcpy
 .text.memset   0x080002b8       0x10 c:/program files (x86)/gnu arm embedded toolchain/10 2021.10/bin/../lib/gcc/arm-none-eabi/10.3.1/../../../../arm-none-eabi/lib/thumb/v7e-m/nofp\libg_nano.a(lib_a-memset.o)
                0x080002b8                memset
 *(.rodata*)
 *(.glue_7)
 .glue_7        0x080002c8        0x0 linker stubs
 *(.glue_7t)
 .glue_7t       0x080002c8        0x0 linker stubs
 *(.init)
 .init          0x080002c8        0x4 c:/program files (x86)/gnu arm embedded toolchain/10 2021.10/bin/../lib/gcc/arm-none-eabi/10.3.1/thumb/v7e-m/nofp/crti.o
                0x080002c8                _init
 .init          0x080002cc        0x8 c:/program files (x86)/gnu arm embedded toolchain/10 2021.10/bin/../lib/gcc/arm-none-eabi/10.3.1/thumb/v7e-m/nofp/crtn.o
 *(.fini)
 .fini          0x080002d4        0x4 c:/program files (x86)/gnu arm embedded toolchain/10 2021.10/bin/../lib/gcc/arm-none-eabi/10.3.1/thumb/v7e-m/nofp/crti.o
                0x080002d4                _fini
 .fini          0x080002d8        0x8 c:/program files (x86)/gnu arm embedded toolchain/10 2021.10/bin/../lib/gcc/arm-none-eabi/10.3.1/thumb/v7e-m/nofp/crtn.o
 *(.ARM.extab* .gnu.linkonce.armextab.*)
 *(.ARM.exidx* .gnu.linkonce.armexidx.*)
 *(.eh_frame)
 .eh_frame      0x080002e0        0x0 c:/program files (x86)/gnu arm embedded toolchain/10 2021.10/bin/../lib/gcc/arm-none-eabi/10.3.1/thumb/v7e-m/nofp/crtbegin.o
 .eh_frame      0x080002e0        0x4 c:/program files (x86)/gnu arm embedded toolchain/10 2021.10/bin/../lib/gcc/arm-none-eabi/10.3.1/thumb/v7e-m/nofp/crtend.o
                0x080002e4                __etext = .

.vfp11_veneer   0x080002e4        0x0
 .vfp11_veneer  0x080002e4        0x0 linker stubs

.v4_bx          0x080002e4        0x0
 .v4_bx         0x080002e4        0x0 linker stubs

.iplt           0x080002e4        0x0
 .iplt          0x080002e4        0x0 Projects/Servo_Motor/src/main.o

.rel.dyn        0x080002e4        0x0
 .rel.iplt      0x080002e4        0x0 Projects/Servo_Motor/src/main.o

.data           0x20000000        0x1 load address 0x080002e4
                0x20000000                __data_start__ = .
 *(.data*)
 .data.current_angle
                0x20000000        0x1 Projects/Servo_Motor/src/servo.o
                0x20000001                __data_end__ = .

.igot.plt       0x20000004        0x0 load address 0x080002e8
 .igot.plt      0x20000004        0x0 Projects/Servo_Motor/src/main.o

.bss            0x20000001        0x3
                0x20000001                __bss_start__ = .
 *(.bss*)
 .bss.is_running
                0x20000001        0x1 Projects/Servo_Motor/src/servo.o
 *(COMMON)
                0x20000004                . = ALIGN (0x4)
 *fill*         0x20000002        0x2 
                0x20000004                __bss_end__ = .
                0x20000004                end = .
                0x20000004                _end = .

.stack          0x20000004      0x404
                0x20000008                . = ALIGN (0x8)
 *fill*         0x20000004        0x4 
                0x20000008                _stack = .
                0x20000408                . = (. + 0x400)
 *fill*         0x20000008      0x400 
OUTPUT(Projects/Servo_Motor/main.elf elf32-littlearm)
LOAD linker stubs

.ARM.attributes
                0x00000000       0x2a
 .ARM.attributes
                0x00000000       0x1e c:/program files (x86)/gnu arm embedded toolchain/10 2021.10/bin/../lib/gcc/arm-none-eabi/10.3.1/thumb/v7e-m/nofp/crti.o
 .ARM.attributes
                0x0000001e       0x2e c:/program files (x86)/gnu arm embedded toolchain/10 2021.10/bin/../lib/gcc/arm-none-eabi/10.3.1/thumb/v7e-m/nofp/crtbegin.o
 .ARM.attributes
                0x0000004c       0x2e Projects/Servo_Motor/src/main.o
 .ARM.attributes
                0x0000007a       0x2e Projects/Servo_Motor/src/servo.o
 .ARM.attributes
                0x000000a8       0x2e Projects/Servo_Motor/src/startup.o
 .ARM.attributes
                0x000000d6       0x2e Projects/Servo_Motor/src/system_stm32f4xx.o
 .ARM.attributes
                0x00000104       0x2e Drivers/GPIO/src/gpio.o
 .ARM.attributes
                0x00000132       0x2e Drivers/PWM/src/pwm.o
 .ARM.attributes
                0x00000160       0x2e c:/program files (x86)/gnu arm embedded toolchain/10 2021.10/bin/../lib/gcc/arm-none-eabi/10.3.1/../../../../arm-none-eabi/lib/thumb/v7e-m/nofp\libg_nano.a(lib_a-memcpy-stub.o)
 .ARM.attributes
                0x0000018e       0x2e c:/program files (x86)/gnu arm embedded toolchain/10 2021.10/bin/../lib/gcc/arm-none-eabi/10.3.1/../../../../arm-none-eabi/lib/thumb/v7e-m/nofp\libg_nano.a(lib_a-memset.o)
 .ARM.attributes
                0x000001bc       0x2e c:/program files (x86)/gnu arm embedded toolchain/10 2021.10/bin/../lib/gcc/arm-none-eabi/10.3.1/thumb/v7e-m/nofp/crtend.o
 .ARM.attributes
                0x000001ea       0x1e c:/program files (x86)/gnu arm embedded toolchain/10 2021.10/bin/../lib/gcc/arm-none-eabi/10.3.1/thumb/v7e-m/nofp/crtn.o

.comment        0x00000000       0x49
 .comment       0x00000000       0x49 Projects/Servo_Motor/src/main.o
                                 0x4a (size before relaxing)
 .comment       0x00000049       0x4a Projects/Servo_Motor/src/servo.o
 .comment       0x00000049       0x4a Projects/Servo_Motor/src/startup.o
 .comment       0x00000049       0x4a Projects/Servo_Motor/src/system_stm32f4xx.o
 .comment       0x00000049       0x4a Drivers/GPIO/src/gpio.o
 .comment       0x00000049       0x4a Drivers/PWM/src/pwm.o

.debug_info     0x00000000     0x193a
 .debug_info    0x00000000      0x583 Projects/Servo_Motor/src/main.o
 .debug_info    0x00000583      0x659 Projects/Servo_Motor/src/servo.o
 .debug_info    0x00000bdc      0x196 Projects/Servo_Motor/src/startup.o
 .debug_info    0x00000d72       0x7e Projects/Servo_Motor/src/system_stm32f4xx.o
 .debug_info    0x00000df0      0x574 Drivers/GPIO/src/gpio.o
 .debug_info    0x00001364      0x5d6 Drivers/PWM/src/pwm.o

.debug_abbrev   0x00000000      0x768
 .debug_abbrev  0x00000000      0x16e Projects/Servo_Motor/src/main.o
 .debug_abbrev  0x0000016e      0x1c0 Projects/Servo_Motor/src/servo.o
 .debug_abbrev  0x0000032e      0x115 Projects/Servo_Motor/src/startup.o
 .debug_abbrev  0x00000443       0x44 Projects/Servo_Motor/src/system_stm32f4xx.o
 .debug_abbrev  0x00000487      0x135 Drivers/GPIO/src/gpio.o
 .debug_abbrev  0x000005bc      0x1ac Drivers/PWM/src/pwm.o

.debug_loc      0x00000000      0x667
 .debug_loc     0x00000000       0x4a Projects/Servo_Motor/src/main.o
 .debug_loc     0x0000004a      0x107 Projects/Servo_Motor/src/servo.o
 .debug_loc     0x00000151      0x27a Drivers/GPIO/src/gpio.o
 .debug_loc     0x000003cb      0x29c Drivers/PWM/src/pwm.o

.debug_aranges  0x00000000      0x170
 .debug_aranges
                0x00000000       0x28 Projects/Servo_Motor/src/main.o
 .debug_aranges
                0x00000028       0x48 Projects/Servo_Motor/src/servo.o
 .debug_aranges
                0x00000070       0x28 Projects/Servo_Motor/src/startup.o
 .debug_aranges
                0x00000098       0x20 Projects/Servo_Motor/src/system_stm32f4xx.o
 .debug_aranges
                0x000000b8       0x78 Drivers/GPIO/src/gpio.o
 .debug_aranges
                0x00000130       0x40 Drivers/PWM/src/pwm.o

.debug_ranges   0x00000000      0x1c0
 .debug_ranges  0x00000000       0x30 Projects/Servo_Motor/src/main.o
 .debug_ranges  0x00000030       0x68 Projects/Servo_Motor/src/servo.o
 .debug_ranges  0x00000098       0x18 Projects/Servo_Motor/src/startup.o
 .debug_ranges  0x000000b0       0x68 Drivers/GPIO/src/gpio.o
 .debug_ranges  0x00000118       0xa8 Drivers/PWM/src/pwm.o

.debug_line     0x00000000      0xf5e
 .debug_line    0x00000000      0x263 Projects/Servo_Motor/src/main.o
 .debug_line    0x00000263      0x307 Projects/Servo_Motor/src/servo.o
 .debug_line    0x0000056a      0x1e4 Projects/Servo_Motor/src/startup.o
 .debug_line    0x0000074e       0x5c Projects/Servo_Motor/src/system_stm32f4xx.o
 .debug_line    0x000007aa      0x3cc Drivers/GPIO/src/gpio.o
 .debug_line    0x00000b76      0x3e8 Drivers/PWM/src/pwm.o

.debug_str      0x00000000      0x868
 .debug_str     0x00000000      0x3e6 Projects/Servo_Motor/src/main.o
                                0x438 (size before relaxing)
 .debug_str     0x000003e6       0xb3 Projects/Servo_Motor/src/servo.o
                                0x4b3 (size before relaxing)
 .debug_str     0x00000499       0xb9 Projects/Servo_Motor/src/startup.o
                                0x214 (size before relaxing)
 .debug_str     0x00000552       0xce Projects/Servo_Motor/src/system_stm32f4xx.o
                                0x15d (size before relaxing)
 .debug_str     0x00000620      0x1c5 Drivers/GPIO/src/gpio.o
                                0x4d9 (size before relaxing)
 .debug_str     0x000007e5       0x83 Drivers/PWM/src/pwm.o
                                0x431 (size before relaxing)

.debug_frame    0x00000000      0x2ac
 .debug_frame   0x00000000       0x44 Projects/Servo_Motor/src/main.o
 .debug_frame   0x00000044       0x80 Projects/Servo_Motor/src/servo.o
 .debug_frame   0x000000c4       0x38 Projects/Servo_Motor/src/startup.o
 .debug_frame   0x000000fc       0x20 Projects/Servo_Motor/src/system_stm32f4xx.o
 .debug_frame   0x0000011c       0xe8 Drivers/GPIO/src/gpio.o
 .debug_frame   0x00000204       0x60 Drivers/PWM/src/pwm.o
 .debug_frame   0x00000264       0x28 c:/program files (x86)/gnu arm embedded toolchain/10 2021.10/bin/../lib/gcc/arm-none-eabi/10.3.1/../../../../arm-none-eabi/lib/thumb/v7e-m/nofp\libg_nano.a(lib_a-memcpy-stub.o)
 .debug_frame   0x0000028c       0x20 c:/program files (x86)/gnu arm embedded toolchain/10 2021.10/bin/../lib/gcc/arm-none-eabi/10.3.1/../../../../arm-none-eabi/lib/thumb/v7e-m/nofp\libg_nano.a(lib_a-memset.o)
