Archive member included to satisfy reference by file (symbol)

c:/program files (x86)/gnu arm embedded toolchain/10 2021.10/bin/../lib/gcc/arm-none-eabi/10.3.1/../../../../arm-none-eabi/lib/thumb/v7e-m/nofp\libg_nano.a(lib_a-exit.o)
                              c:/program files (x86)/gnu arm embedded toolchain/10 2021.10/bin/../lib/gcc/arm-none-eabi/10.3.1/../../../../arm-none-eabi/lib/thumb/v7e-m/nofp/crt0.o (exit)
c:/program files (x86)/gnu arm embedded toolchain/10 2021.10/bin/../lib/gcc/arm-none-eabi/10.3.1/../../../../arm-none-eabi/lib/thumb/v7e-m/nofp\libg_nano.a(lib_a-impure.o)
                              c:/program files (x86)/gnu arm embedded toolchain/10 2021.10/bin/../lib/gcc/arm-none-eabi/10.3.1/../../../../arm-none-eabi/lib/thumb/v7e-m/nofp\libg_nano.a(lib_a-exit.o) (_global_impure_ptr)
c:/program files (x86)/gnu arm embedded toolchain/10 2021.10/bin/../lib/gcc/arm-none-eabi/10.3.1/../../../../arm-none-eabi/lib/thumb/v7e-m/nofp\libg_nano.a(lib_a-init.o)
                              c:/program files (x86)/gnu arm embedded toolchain/10 2021.10/bin/../lib/gcc/arm-none-eabi/10.3.1/../../../../arm-none-eabi/lib/thumb/v7e-m/nofp/crt0.o (__libc_init_array)
c:/program files (x86)/gnu arm embedded toolchain/10 2021.10/bin/../lib/gcc/arm-none-eabi/10.3.1/../../../../arm-none-eabi/lib/thumb/v7e-m/nofp\libg_nano.a(lib_a-memcpy-stub.o)
                              Projects/Servo_Motor/src/startup.o (memcpy)
c:/program files (x86)/gnu arm embedded toolchain/10 2021.10/bin/../lib/gcc/arm-none-eabi/10.3.1/../../../../arm-none-eabi/lib/thumb/v7e-m/nofp\libg_nano.a(lib_a-memset.o)
                              c:/program files (x86)/gnu arm embedded toolchain/10 2021.10/bin/../lib/gcc/arm-none-eabi/10.3.1/../../../../arm-none-eabi/lib/thumb/v7e-m/nofp/crt0.o (memset)
c:/program files (x86)/gnu arm embedded toolchain/10 2021.10/bin/../lib/gcc/arm-none-eabi/10.3.1/../../../../arm-none-eabi/lib/thumb/v7e-m/nofp\libnosys.a(_exit.o)
                              c:/program files (x86)/gnu arm embedded toolchain/10 2021.10/bin/../lib/gcc/arm-none-eabi/10.3.1/../../../../arm-none-eabi/lib/thumb/v7e-m/nofp\libg_nano.a(lib_a-exit.o) (_exit)

Discarded input sections

 .text          0x00000000        0x0 c:/program files (x86)/gnu arm embedded toolchain/10 2021.10/bin/../lib/gcc/arm-none-eabi/10.3.1/thumb/v7e-m/nofp/crti.o
 .data          0x00000000        0x0 c:/program files (x86)/gnu arm embedded toolchain/10 2021.10/bin/../lib/gcc/arm-none-eabi/10.3.1/thumb/v7e-m/nofp/crti.o
 .bss           0x00000000        0x0 c:/program files (x86)/gnu arm embedded toolchain/10 2021.10/bin/../lib/gcc/arm-none-eabi/10.3.1/thumb/v7e-m/nofp/crti.o
 .text          0x00000000       0x40 c:/program files (x86)/gnu arm embedded toolchain/10 2021.10/bin/../lib/gcc/arm-none-eabi/10.3.1/thumb/v7e-m/nofp/crtbegin.o
 .data          0x00000000        0x4 c:/program files (x86)/gnu arm embedded toolchain/10 2021.10/bin/../lib/gcc/arm-none-eabi/10.3.1/thumb/v7e-m/nofp/crtbegin.o
 .bss           0x00000000       0x1c c:/program files (x86)/gnu arm embedded toolchain/10 2021.10/bin/../lib/gcc/arm-none-eabi/10.3.1/thumb/v7e-m/nofp/crtbegin.o
 .rodata        0x00000000       0x24 c:/program files (x86)/gnu arm embedded toolchain/10 2021.10/bin/../lib/gcc/arm-none-eabi/10.3.1/thumb/v7e-m/nofp/crtbegin.o
 .init_array    0x00000000        0x4 c:/program files (x86)/gnu arm embedded toolchain/10 2021.10/bin/../lib/gcc/arm-none-eabi/10.3.1/thumb/v7e-m/nofp/crtbegin.o
 .fini_array    0x00000000        0x4 c:/program files (x86)/gnu arm embedded toolchain/10 2021.10/bin/../lib/gcc/arm-none-eabi/10.3.1/thumb/v7e-m/nofp/crtbegin.o
 .text          0x00000000       0x7c c:/program files (x86)/gnu arm embedded toolchain/10 2021.10/bin/../lib/gcc/arm-none-eabi/10.3.1/../../../../arm-none-eabi/lib/thumb/v7e-m/nofp/crt0.o
 .data          0x00000000        0x0 c:/program files (x86)/gnu arm embedded toolchain/10 2021.10/bin/../lib/gcc/arm-none-eabi/10.3.1/../../../../arm-none-eabi/lib/thumb/v7e-m/nofp/crt0.o
 .bss           0x00000000        0x0 c:/program files (x86)/gnu arm embedded toolchain/10 2021.10/bin/../lib/gcc/arm-none-eabi/10.3.1/../../../../arm-none-eabi/lib/thumb/v7e-m/nofp/crt0.o
 .ARM.extab     0x00000000        0x0 c:/program files (x86)/gnu arm embedded toolchain/10 2021.10/bin/../lib/gcc/arm-none-eabi/10.3.1/../../../../arm-none-eabi/lib/thumb/v7e-m/nofp/crt0.o
 .ARM.exidx     0x00000000       0x10 c:/program files (x86)/gnu arm embedded toolchain/10 2021.10/bin/../lib/gcc/arm-none-eabi/10.3.1/../../../../arm-none-eabi/lib/thumb/v7e-m/nofp/crt0.o
 .ARM.attributes
                0x00000000       0x1c c:/program files (x86)/gnu arm embedded toolchain/10 2021.10/bin/../lib/gcc/arm-none-eabi/10.3.1/../../../../arm-none-eabi/lib/thumb/v7e-m/nofp/crt0.o
 .text          0x00000000        0x0 Drivers/GPIO/src/gpio.o
 .data          0x00000000        0x0 Drivers/GPIO/src/gpio.o
 .bss           0x00000000        0x0 Drivers/GPIO/src/gpio.o
 .text.GPIO_ReadPin
                0x00000000       0x10 Drivers/GPIO/src/gpio.o
 .text.GPIO_WritePin
                0x00000000        0xc Drivers/GPIO/src/gpio.o
 .text.GPIO_TogglePin
                0x00000000        0xc Drivers/GPIO/src/gpio.o
 .text.GPIO_SetPin
                0x00000000        0xc Drivers/GPIO/src/gpio.o
 .text.GPIO_ResetPin
                0x00000000        0xc Drivers/GPIO/src/gpio.o
 .text          0x00000000        0x0 Drivers/PWM/src/pwm.o
 .data          0x00000000        0x0 Drivers/PWM/src/pwm.o
 .bss           0x00000000        0x0 Drivers/PWM/src/pwm.o
 .text.PWM_GetDutyCycle
                0x00000000       0x2c Drivers/PWM/src/pwm.o
 .text          0x00000000        0x0 Drivers/UART/src/uart.o
 .data          0x00000000        0x0 Drivers/UART/src/uart.o
 .bss           0x00000000        0x0 Drivers/UART/src/uart.o
 .text.BRR_Oversample_by_16
                0x00000000        0xc Drivers/UART/src/uart.o
 .text.USART_Init
                0x00000000      0x5e8 Drivers/UART/src/uart.o
 .text.USART_constructor
                0x00000000        0xc Drivers/UART/src/uart.o
 .text.USART_x_Write
                0x00000000       0x10 Drivers/UART/src/uart.o
 .text.USART_x_Read
                0x00000000       0x10 Drivers/UART/src/uart.o
 .rodata.GetPortName.str1.4
                0x00000000       0x37 Drivers/UART/src/uart.o
 .text.GetPortName
                0x00000000       0x74 Drivers/UART/src/uart.o
 .text.USART_WriteChar
                0x00000000       0x10 Drivers/UART/src/uart.o
 .text.USART_ReadChar
                0x00000000       0x10 Drivers/UART/src/uart.o
 .text.USART_WriteString
                0x00000000       0x34 Drivers/UART/src/uart.o
 .text.USART_ReadString
                0x00000000       0x38 Drivers/UART/src/uart.o
 .debug_info    0x00000000      0x7b8 Drivers/UART/src/uart.o
 .debug_abbrev  0x00000000      0x2e1 Drivers/UART/src/uart.o
 .debug_loc     0x00000000      0x42a Drivers/UART/src/uart.o
 .debug_aranges
                0x00000000       0x58 Drivers/UART/src/uart.o
 .debug_ranges  0x00000000       0x98 Drivers/UART/src/uart.o
 .debug_line    0x00000000      0xb0a Drivers/UART/src/uart.o
 .debug_str     0x00000000      0x434 Drivers/UART/src/uart.o
 .comment       0x00000000       0x4a Drivers/UART/src/uart.o
 .debug_frame   0x00000000       0xdc Drivers/UART/src/uart.o
 .ARM.attributes
                0x00000000       0x2e Drivers/UART/src/uart.o
 .text          0x00000000        0x0 Projects/Servo_Motor/src/main.o
 .data          0x00000000        0x0 Projects/Servo_Motor/src/main.o
 .bss           0x00000000        0x0 Projects/Servo_Motor/src/main.o
 .text.delay    0x00000000       0x1c Projects/Servo_Motor/src/main.o
 .text          0x00000000        0x0 Projects/Servo_Motor/src/servo.o
 .data          0x00000000        0x0 Projects/Servo_Motor/src/servo.o
 .bss           0x00000000        0x0 Projects/Servo_Motor/src/servo.o
 .text.Servo_PWM_Init
                0x00000000       0x54 Projects/Servo_Motor/src/servo.o
 .text.Servo_GetAngle
                0x00000000        0xc Projects/Servo_Motor/src/servo.o
 .text.Servo_Stop
                0x00000000       0x14 Projects/Servo_Motor/src/servo.o
 .text.servo_angle_to_ticks
                0x00000000       0x44 Projects/Servo_Motor/src/servo.o
 .text          0x00000000        0x0 Projects/Servo_Motor/src/startup.o
 .data          0x00000000        0x0 Projects/Servo_Motor/src/startup.o
 .bss           0x00000000        0x0 Projects/Servo_Motor/src/startup.o
 .data          0x00000000        0x0 Projects/Servo_Motor/src/system_stm32f4xx.o
 .bss           0x00000000        0x0 Projects/Servo_Motor/src/system_stm32f4xx.o
 .text          0x00000000        0x0 c:/program files (x86)/gnu arm embedded toolchain/10 2021.10/bin/../lib/gcc/arm-none-eabi/10.3.1/../../../../arm-none-eabi/lib/thumb/v7e-m/nofp\libg_nano.a(lib_a-exit.o)
 .data          0x00000000        0x0 c:/program files (x86)/gnu arm embedded toolchain/10 2021.10/bin/../lib/gcc/arm-none-eabi/10.3.1/../../../../arm-none-eabi/lib/thumb/v7e-m/nofp\libg_nano.a(lib_a-exit.o)
 .bss           0x00000000        0x0 c:/program files (x86)/gnu arm embedded toolchain/10 2021.10/bin/../lib/gcc/arm-none-eabi/10.3.1/../../../../arm-none-eabi/lib/thumb/v7e-m/nofp\libg_nano.a(lib_a-exit.o)
 .text.exit     0x00000000       0x28 c:/program files (x86)/gnu arm embedded toolchain/10 2021.10/bin/../lib/gcc/arm-none-eabi/10.3.1/../../../../arm-none-eabi/lib/thumb/v7e-m/nofp\libg_nano.a(lib_a-exit.o)
 .debug_frame   0x00000000       0x28 c:/program files (x86)/gnu arm embedded toolchain/10 2021.10/bin/../lib/gcc/arm-none-eabi/10.3.1/../../../../arm-none-eabi/lib/thumb/v7e-m/nofp\libg_nano.a(lib_a-exit.o)
 .ARM.attributes
                0x00000000       0x2e c:/program files (x86)/gnu arm embedded toolchain/10 2021.10/bin/../lib/gcc/arm-none-eabi/10.3.1/../../../../arm-none-eabi/lib/thumb/v7e-m/nofp\libg_nano.a(lib_a-exit.o)
 .text          0x00000000        0x0 c:/program files (x86)/gnu arm embedded toolchain/10 2021.10/bin/../lib/gcc/arm-none-eabi/10.3.1/../../../../arm-none-eabi/lib/thumb/v7e-m/nofp\libg_nano.a(lib_a-impure.o)
 .data          0x00000000        0x0 c:/program files (x86)/gnu arm embedded toolchain/10 2021.10/bin/../lib/gcc/arm-none-eabi/10.3.1/../../../../arm-none-eabi/lib/thumb/v7e-m/nofp\libg_nano.a(lib_a-impure.o)
 .bss           0x00000000        0x0 c:/program files (x86)/gnu arm embedded toolchain/10 2021.10/bin/../lib/gcc/arm-none-eabi/10.3.1/../../../../arm-none-eabi/lib/thumb/v7e-m/nofp\libg_nano.a(lib_a-impure.o)
 .data._impure_ptr
                0x00000000        0x4 c:/program files (x86)/gnu arm embedded toolchain/10 2021.10/bin/../lib/gcc/arm-none-eabi/10.3.1/../../../../arm-none-eabi/lib/thumb/v7e-m/nofp\libg_nano.a(lib_a-impure.o)
 .data.impure_data
                0x00000000       0x60 c:/program files (x86)/gnu arm embedded toolchain/10 2021.10/bin/../lib/gcc/arm-none-eabi/10.3.1/../../../../arm-none-eabi/lib/thumb/v7e-m/nofp\libg_nano.a(lib_a-impure.o)
 .rodata._global_impure_ptr
                0x00000000        0x4 c:/program files (x86)/gnu arm embedded toolchain/10 2021.10/bin/../lib/gcc/arm-none-eabi/10.3.1/../../../../arm-none-eabi/lib/thumb/v7e-m/nofp\libg_nano.a(lib_a-impure.o)
 .ARM.attributes
                0x00000000       0x2e c:/program files (x86)/gnu arm embedded toolchain/10 2021.10/bin/../lib/gcc/arm-none-eabi/10.3.1/../../../../arm-none-eabi/lib/thumb/v7e-m/nofp\libg_nano.a(lib_a-impure.o)
 .text          0x00000000        0x0 c:/program files (x86)/gnu arm embedded toolchain/10 2021.10/bin/../lib/gcc/arm-none-eabi/10.3.1/../../../../arm-none-eabi/lib/thumb/v7e-m/nofp\libg_nano.a(lib_a-init.o)
 .data          0x00000000        0x0 c:/program files (x86)/gnu arm embedded toolchain/10 2021.10/bin/../lib/gcc/arm-none-eabi/10.3.1/../../../../arm-none-eabi/lib/thumb/v7e-m/nofp\libg_nano.a(lib_a-init.o)
 .bss           0x00000000        0x0 c:/program files (x86)/gnu arm embedded toolchain/10 2021.10/bin/../lib/gcc/arm-none-eabi/10.3.1/../../../../arm-none-eabi/lib/thumb/v7e-m/nofp\libg_nano.a(lib_a-init.o)
 .text.__libc_init_array
                0x00000000       0x48 c:/program files (x86)/gnu arm embedded toolchain/10 2021.10/bin/../lib/gcc/arm-none-eabi/10.3.1/../../../../arm-none-eabi/lib/thumb/v7e-m/nofp\libg_nano.a(lib_a-init.o)
 .debug_frame   0x00000000       0x2c c:/program files (x86)/gnu arm embedded toolchain/10 2021.10/bin/../lib/gcc/arm-none-eabi/10.3.1/../../../../arm-none-eabi/lib/thumb/v7e-m/nofp\libg_nano.a(lib_a-init.o)
 .ARM.attributes
                0x00000000       0x2e c:/program files (x86)/gnu arm embedded toolchain/10 2021.10/bin/../lib/gcc/arm-none-eabi/10.3.1/../../../../arm-none-eabi/lib/thumb/v7e-m/nofp\libg_nano.a(lib_a-init.o)
 .text          0x00000000        0x0 c:/program files (x86)/gnu arm embedded toolchain/10 2021.10/bin/../lib/gcc/arm-none-eabi/10.3.1/../../../../arm-none-eabi/lib/thumb/v7e-m/nofp\libg_nano.a(lib_a-memcpy-stub.o)
 .data          0x00000000        0x0 c:/program files (x86)/gnu arm embedded toolchain/10 2021.10/bin/../lib/gcc/arm-none-eabi/10.3.1/../../../../arm-none-eabi/lib/thumb/v7e-m/nofp\libg_nano.a(lib_a-memcpy-stub.o)
 .bss           0x00000000        0x0 c:/program files (x86)/gnu arm embedded toolchain/10 2021.10/bin/../lib/gcc/arm-none-eabi/10.3.1/../../../../arm-none-eabi/lib/thumb/v7e-m/nofp\libg_nano.a(lib_a-memcpy-stub.o)
 .text          0x00000000        0x0 c:/program files (x86)/gnu arm embedded toolchain/10 2021.10/bin/../lib/gcc/arm-none-eabi/10.3.1/../../../../arm-none-eabi/lib/thumb/v7e-m/nofp\libg_nano.a(lib_a-memset.o)
 .data          0x00000000        0x0 c:/program files (x86)/gnu arm embedded toolchain/10 2021.10/bin/../lib/gcc/arm-none-eabi/10.3.1/../../../../arm-none-eabi/lib/thumb/v7e-m/nofp\libg_nano.a(lib_a-memset.o)
 .bss           0x00000000        0x0 c:/program files (x86)/gnu arm embedded toolchain/10 2021.10/bin/../lib/gcc/arm-none-eabi/10.3.1/../../../../arm-none-eabi/lib/thumb/v7e-m/nofp\libg_nano.a(lib_a-memset.o)
 .text          0x00000000        0x0 c:/program files (x86)/gnu arm embedded toolchain/10 2021.10/bin/../lib/gcc/arm-none-eabi/10.3.1/../../../../arm-none-eabi/lib/thumb/v7e-m/nofp\libnosys.a(_exit.o)
 .data          0x00000000        0x0 c:/program files (x86)/gnu arm embedded toolchain/10 2021.10/bin/../lib/gcc/arm-none-eabi/10.3.1/../../../../arm-none-eabi/lib/thumb/v7e-m/nofp\libnosys.a(_exit.o)
 .bss           0x00000000        0x0 c:/program files (x86)/gnu arm embedded toolchain/10 2021.10/bin/../lib/gcc/arm-none-eabi/10.3.1/../../../../arm-none-eabi/lib/thumb/v7e-m/nofp\libnosys.a(_exit.o)
 .text._exit    0x00000000        0x4 c:/program files (x86)/gnu arm embedded toolchain/10 2021.10/bin/../lib/gcc/arm-none-eabi/10.3.1/../../../../arm-none-eabi/lib/thumb/v7e-m/nofp\libnosys.a(_exit.o)
 .debug_frame   0x00000000       0x20 c:/program files (x86)/gnu arm embedded toolchain/10 2021.10/bin/../lib/gcc/arm-none-eabi/10.3.1/../../../../arm-none-eabi/lib/thumb/v7e-m/nofp\libnosys.a(_exit.o)
 .ARM.attributes
                0x00000000       0x2e c:/program files (x86)/gnu arm embedded toolchain/10 2021.10/bin/../lib/gcc/arm-none-eabi/10.3.1/../../../../arm-none-eabi/lib/thumb/v7e-m/nofp\libnosys.a(_exit.o)
 .text          0x00000000        0x0 c:/program files (x86)/gnu arm embedded toolchain/10 2021.10/bin/../lib/gcc/arm-none-eabi/10.3.1/thumb/v7e-m/nofp/crtend.o
 .data          0x00000000        0x0 c:/program files (x86)/gnu arm embedded toolchain/10 2021.10/bin/../lib/gcc/arm-none-eabi/10.3.1/thumb/v7e-m/nofp/crtend.o
 .bss           0x00000000        0x0 c:/program files (x86)/gnu arm embedded toolchain/10 2021.10/bin/../lib/gcc/arm-none-eabi/10.3.1/thumb/v7e-m/nofp/crtend.o
 .rodata        0x00000000       0x24 c:/program files (x86)/gnu arm embedded toolchain/10 2021.10/bin/../lib/gcc/arm-none-eabi/10.3.1/thumb/v7e-m/nofp/crtend.o
 .text          0x00000000        0x0 c:/program files (x86)/gnu arm embedded toolchain/10 2021.10/bin/../lib/gcc/arm-none-eabi/10.3.1/thumb/v7e-m/nofp/crtn.o
 .data          0x00000000        0x0 c:/program files (x86)/gnu arm embedded toolchain/10 2021.10/bin/../lib/gcc/arm-none-eabi/10.3.1/thumb/v7e-m/nofp/crtn.o
 .bss           0x00000000        0x0 c:/program files (x86)/gnu arm embedded toolchain/10 2021.10/bin/../lib/gcc/arm-none-eabi/10.3.1/thumb/v7e-m/nofp/crtn.o

Memory Configuration

Name             Origin             Length             Attributes
FLASH            0x08000000         0x00100000         xr
RAM              0x20000000         0x00020000         xrw
*default*        0x00000000         0xffffffff

Linker script and memory map

LOAD c:/program files (x86)/gnu arm embedded toolchain/10 2021.10/bin/../lib/gcc/arm-none-eabi/10.3.1/thumb/v7e-m/nofp/crti.o
LOAD c:/program files (x86)/gnu arm embedded toolchain/10 2021.10/bin/../lib/gcc/arm-none-eabi/10.3.1/thumb/v7e-m/nofp/crtbegin.o
LOAD c:/program files (x86)/gnu arm embedded toolchain/10 2021.10/bin/../lib/gcc/arm-none-eabi/10.3.1/../../../../arm-none-eabi/lib/thumb/v7e-m/nofp/crt0.o
LOAD Drivers/GPIO/src/gpio.o
LOAD Drivers/PWM/src/pwm.o
LOAD Drivers/UART/src/uart.o
LOAD Projects/Servo_Motor/src/main.o
LOAD Projects/Servo_Motor/src/servo.o
LOAD Projects/Servo_Motor/src/startup.o
LOAD Projects/Servo_Motor/src/system_stm32f4xx.o
START GROUP
LOAD c:/program files (x86)/gnu arm embedded toolchain/10 2021.10/bin/../lib/gcc/arm-none-eabi/10.3.1/thumb/v7e-m/nofp\libgcc.a
LOAD c:/program files (x86)/gnu arm embedded toolchain/10 2021.10/bin/../lib/gcc/arm-none-eabi/10.3.1/../../../../arm-none-eabi/lib/thumb/v7e-m/nofp\libg_nano.a
LOAD c:/program files (x86)/gnu arm embedded toolchain/10 2021.10/bin/../lib/gcc/arm-none-eabi/10.3.1/../../../../arm-none-eabi/lib/thumb/v7e-m/nofp\libc_nano.a
END GROUP
START GROUP
LOAD c:/program files (x86)/gnu arm embedded toolchain/10 2021.10/bin/../lib/gcc/arm-none-eabi/10.3.1/thumb/v7e-m/nofp\libgcc.a
LOAD c:/program files (x86)/gnu arm embedded toolchain/10 2021.10/bin/../lib/gcc/arm-none-eabi/10.3.1/../../../../arm-none-eabi/lib/thumb/v7e-m/nofp\libc_nano.a
LOAD c:/program files (x86)/gnu arm embedded toolchain/10 2021.10/bin/../lib/gcc/arm-none-eabi/10.3.1/../../../../arm-none-eabi/lib/thumb/v7e-m/nofp\libnosys.a
END GROUP
START GROUP
LOAD c:/program files (x86)/gnu arm embedded toolchain/10 2021.10/bin/../lib/gcc/arm-none-eabi/10.3.1/thumb/v7e-m/nofp\libgcc.a
LOAD c:/program files (x86)/gnu arm embedded toolchain/10 2021.10/bin/../lib/gcc/arm-none-eabi/10.3.1/../../../../arm-none-eabi/lib/thumb/v7e-m/nofp\libc_nano.a
LOAD c:/program files (x86)/gnu arm embedded toolchain/10 2021.10/bin/../lib/gcc/arm-none-eabi/10.3.1/../../../../arm-none-eabi/lib/thumb/v7e-m/nofp\libnosys.a
END GROUP
LOAD c:/program files (x86)/gnu arm embedded toolchain/10 2021.10/bin/../lib/gcc/arm-none-eabi/10.3.1/thumb/v7e-m/nofp/crtend.o
LOAD c:/program files (x86)/gnu arm embedded toolchain/10 2021.10/bin/../lib/gcc/arm-none-eabi/10.3.1/thumb/v7e-m/nofp/crtn.o

.isr_vector     0x08000000       0x40
 *(.isr_vector)
 .isr_vector    0x08000000       0x40 Projects/Servo_Motor/src/startup.o
                0x08000000                vector_table

.text           0x08000040      0x614
                0x08000040                . = ALIGN (0x4)
 *(.text*)
 .text.__RCC_GPIO_CLK_ENABLE
                0x08000040       0xdc Drivers/GPIO/src/gpio.o
                0x08000040                __RCC_GPIO_CLK_ENABLE
 .text.GPIO_Init
                0x0800011c       0xfc Drivers/GPIO/src/gpio.o
                0x0800011c                GPIO_Init
 .text.GPIO_constructor
                0x08000218        0x8 Drivers/GPIO/src/gpio.o
                0x08000218                GPIO_constructor
 .text.Timer_Init
                0x08000220       0x94 Drivers/PWM/src/pwm.o
                0x08000220                Timer_Init
 .text.Configure_PWM
                0x080002b4       0x5c Drivers/PWM/src/pwm.o
                0x080002b4                Configure_PWM
 .text.PWM_SetDutyCycle
                0x08000310       0x30 Drivers/PWM/src/pwm.o
                0x08000310                PWM_SetDutyCycle
 .text.PWM_constructor
                0x08000340       0x20 Drivers/PWM/src/pwm.o
                0x08000340                PWM_constructor
 .text.startup.main
                0x08000360       0x90 Projects/Servo_Motor/src/main.o
                0x08000360                main
 .text.servo_constructor
                0x080003f0      0x100 Projects/Servo_Motor/src/servo.o
                0x080003f0                servo_constructor
 .text.Servo_SetAngle
                0x080004f0       0x5c Projects/Servo_Motor/src/servo.o
                0x080004f0                Servo_SetAngle
 .text.Servo_Start
                0x0800054c       0x68 Projects/Servo_Motor/src/servo.o
                0x0800054c                Servo_Start
 .text.Default_Handler
                0x080005b4        0x4 Projects/Servo_Motor/src/startup.o
                0x080005b4                Default_Handler
 .text.Reset_Handler
                0x080005b8       0x50 Projects/Servo_Motor/src/startup.o
                0x080005b8                Reset_Handler
 .text          0x08000608        0x4 Projects/Servo_Motor/src/system_stm32f4xx.o
                0x08000608                SystemInit
 .text.memcpy   0x0800060c       0x1c c:/program files (x86)/gnu arm embedded toolchain/10 2021.10/bin/../lib/gcc/arm-none-eabi/10.3.1/../../../../arm-none-eabi/lib/thumb/v7e-m/nofp\libg_nano.a(lib_a-memcpy-stub.o)
                0x0800060c                memcpy
 .text.memset   0x08000628       0x10 c:/program files (x86)/gnu arm embedded toolchain/10 2021.10/bin/../lib/gcc/arm-none-eabi/10.3.1/../../../../arm-none-eabi/lib/thumb/v7e-m/nofp\libg_nano.a(lib_a-memset.o)
                0x08000628                memset
 *(.rodata*)
 *(.glue_7)
 .glue_7        0x08000638        0x0 linker stubs
 *(.glue_7t)
 .glue_7t       0x08000638        0x0 linker stubs
 *(.init)
 .init          0x08000638        0x4 c:/program files (x86)/gnu arm embedded toolchain/10 2021.10/bin/../lib/gcc/arm-none-eabi/10.3.1/thumb/v7e-m/nofp/crti.o
                0x08000638                _init
 .init          0x0800063c        0x8 c:/program files (x86)/gnu arm embedded toolchain/10 2021.10/bin/../lib/gcc/arm-none-eabi/10.3.1/thumb/v7e-m/nofp/crtn.o
 *(.fini)
 .fini          0x08000644        0x4 c:/program files (x86)/gnu arm embedded toolchain/10 2021.10/bin/../lib/gcc/arm-none-eabi/10.3.1/thumb/v7e-m/nofp/crti.o
                0x08000644                _fini
 .fini          0x08000648        0x8 c:/program files (x86)/gnu arm embedded toolchain/10 2021.10/bin/../lib/gcc/arm-none-eabi/10.3.1/thumb/v7e-m/nofp/crtn.o
 *(.ARM.extab* .gnu.linkonce.armextab.*)
 *(.ARM.exidx* .gnu.linkonce.armexidx.*)
 *(.eh_frame)
 .eh_frame      0x08000650        0x0 c:/program files (x86)/gnu arm embedded toolchain/10 2021.10/bin/../lib/gcc/arm-none-eabi/10.3.1/thumb/v7e-m/nofp/crtbegin.o
 .eh_frame      0x08000650        0x4 c:/program files (x86)/gnu arm embedded toolchain/10 2021.10/bin/../lib/gcc/arm-none-eabi/10.3.1/thumb/v7e-m/nofp/crtend.o
                0x08000654                __etext = .

.vfp11_veneer   0x08000654        0x0
 .vfp11_veneer  0x08000654        0x0 linker stubs

.v4_bx          0x08000654        0x0
 .v4_bx         0x08000654        0x0 linker stubs

.iplt           0x08000654        0x0
 .iplt          0x08000654        0x0 Drivers/GPIO/src/gpio.o

.rel.dyn        0x08000654        0x0
 .rel.iplt      0x08000654        0x0 Drivers/GPIO/src/gpio.o

.data           0x20000000        0x0 load address 0x08000654
                0x20000000                __data_start__ = .
 *(.data*)
                0x20000000                __data_end__ = .

.igot.plt       0x20000000        0x0
 .igot.plt      0x20000000        0x0 Drivers/GPIO/src/gpio.o

.bss            0x20000000        0x0
                0x20000000                __bss_start__ = .
 *(.bss*)
 *(COMMON)
                0x20000000                . = ALIGN (0x4)
                0x20000000                __bss_end__ = .
                0x20000000                end = .
                0x20000000                _end = .

.stack          0x20000000      0x400
                0x20000000                . = ALIGN (0x8)
                0x20000000                _stack = .
                0x20000400                . = (. + 0x400)
 *fill*         0x20000000      0x400 
OUTPUT(Projects/Servo_Motor/main.elf elf32-littlearm)
LOAD linker stubs

.ARM.attributes
                0x00000000       0x2a
 .ARM.attributes
                0x00000000       0x1e c:/program files (x86)/gnu arm embedded toolchain/10 2021.10/bin/../lib/gcc/arm-none-eabi/10.3.1/thumb/v7e-m/nofp/crti.o
 .ARM.attributes
                0x0000001e       0x2e c:/program files (x86)/gnu arm embedded toolchain/10 2021.10/bin/../lib/gcc/arm-none-eabi/10.3.1/thumb/v7e-m/nofp/crtbegin.o
 .ARM.attributes
                0x0000004c       0x2e Drivers/GPIO/src/gpio.o
 .ARM.attributes
                0x0000007a       0x2e Drivers/PWM/src/pwm.o
 .ARM.attributes
                0x000000a8       0x2e Projects/Servo_Motor/src/main.o
 .ARM.attributes
                0x000000d6       0x2e Projects/Servo_Motor/src/servo.o
 .ARM.attributes
                0x00000104       0x2e Projects/Servo_Motor/src/startup.o
 .ARM.attributes
                0x00000132       0x2e Projects/Servo_Motor/src/system_stm32f4xx.o
 .ARM.attributes
                0x00000160       0x2e c:/program files (x86)/gnu arm embedded toolchain/10 2021.10/bin/../lib/gcc/arm-none-eabi/10.3.1/../../../../arm-none-eabi/lib/thumb/v7e-m/nofp\libg_nano.a(lib_a-memcpy-stub.o)
 .ARM.attributes
                0x0000018e       0x2e c:/program files (x86)/gnu arm embedded toolchain/10 2021.10/bin/../lib/gcc/arm-none-eabi/10.3.1/../../../../arm-none-eabi/lib/thumb/v7e-m/nofp\libg_nano.a(lib_a-memset.o)
 .ARM.attributes
                0x000001bc       0x2e c:/program files (x86)/gnu arm embedded toolchain/10 2021.10/bin/../lib/gcc/arm-none-eabi/10.3.1/thumb/v7e-m/nofp/crtend.o
 .ARM.attributes
                0x000001ea       0x1e c:/program files (x86)/gnu arm embedded toolchain/10 2021.10/bin/../lib/gcc/arm-none-eabi/10.3.1/thumb/v7e-m/nofp/crtn.o

.comment        0x00000000       0x49
 .comment       0x00000000       0x49 Drivers/GPIO/src/gpio.o
                                 0x4a (size before relaxing)
 .comment       0x00000049       0x4a Drivers/PWM/src/pwm.o
 .comment       0x00000049       0x4a Projects/Servo_Motor/src/main.o
 .comment       0x00000049       0x4a Projects/Servo_Motor/src/servo.o
 .comment       0x00000049       0x4a Projects/Servo_Motor/src/startup.o
 .comment       0x00000049       0x4a Projects/Servo_Motor/src/system_stm32f4xx.o

.debug_info     0x00000000     0x2526
 .debug_info    0x00000000      0x64d Drivers/GPIO/src/gpio.o
 .debug_info    0x0000064d      0x610 Drivers/PWM/src/pwm.o
 .debug_info    0x00000c5d      0x871 Projects/Servo_Motor/src/main.o
 .debug_info    0x000014ce      0xe44 Projects/Servo_Motor/src/servo.o
 .debug_info    0x00002312      0x196 Projects/Servo_Motor/src/startup.o
 .debug_info    0x000024a8       0x7e Projects/Servo_Motor/src/system_stm32f4xx.o

.debug_abbrev   0x00000000      0x8cd
 .debug_abbrev  0x00000000      0x169 Drivers/GPIO/src/gpio.o
 .debug_abbrev  0x00000169      0x1ac Drivers/PWM/src/pwm.o
 .debug_abbrev  0x00000315      0x1ef Projects/Servo_Motor/src/main.o
 .debug_abbrev  0x00000504      0x270 Projects/Servo_Motor/src/servo.o
 .debug_abbrev  0x00000774      0x115 Projects/Servo_Motor/src/startup.o
 .debug_abbrev  0x00000889       0x44 Projects/Servo_Motor/src/system_stm32f4xx.o

.debug_loc      0x00000000     0x1512
 .debug_loc     0x00000000      0x33d Drivers/GPIO/src/gpio.o
 .debug_loc     0x0000033d      0x16c Drivers/PWM/src/pwm.o
 .debug_loc     0x000004a9       0x4a Projects/Servo_Motor/src/main.o
 .debug_loc     0x000004f3     0x101f Projects/Servo_Motor/src/servo.o

.debug_aranges  0x00000000      0x158
 .debug_aranges
                0x00000000       0x58 Drivers/GPIO/src/gpio.o
 .debug_aranges
                0x00000058       0x40 Drivers/PWM/src/pwm.o
 .debug_aranges
                0x00000098       0x28 Projects/Servo_Motor/src/main.o
 .debug_aranges
                0x000000c0       0x50 Projects/Servo_Motor/src/servo.o
 .debug_aranges
                0x00000110       0x28 Projects/Servo_Motor/src/startup.o
 .debug_aranges
                0x00000138       0x20 Projects/Servo_Motor/src/system_stm32f4xx.o

.debug_ranges   0x00000000      0x320
 .debug_ranges  0x00000000       0x48 Drivers/GPIO/src/gpio.o
 .debug_ranges  0x00000048       0x30 Drivers/PWM/src/pwm.o
 .debug_ranges  0x00000078       0x18 Projects/Servo_Motor/src/main.o
 .debug_ranges  0x00000090      0x278 Projects/Servo_Motor/src/servo.o
 .debug_ranges  0x00000308       0x18 Projects/Servo_Motor/src/startup.o

.debug_line     0x00000000     0x125f
 .debug_line    0x00000000      0x46e Drivers/GPIO/src/gpio.o
 .debug_line    0x0000046e      0x33f Drivers/PWM/src/pwm.o
 .debug_line    0x000007ad      0x2a5 Projects/Servo_Motor/src/main.o
 .debug_line    0x00000a52      0x5cd Projects/Servo_Motor/src/servo.o
 .debug_line    0x0000101f      0x1e4 Projects/Servo_Motor/src/startup.o
 .debug_line    0x00001203       0x5c Projects/Servo_Motor/src/system_stm32f4xx.o

.debug_str      0x00000000      0x986
 .debug_str     0x00000000      0x390 Drivers/GPIO/src/gpio.o
                                0x3f7 (size before relaxing)
 .debug_str     0x00000390      0x245 Drivers/PWM/src/pwm.o
                                0x4b5 (size before relaxing)
 .debug_str     0x000005d5      0x136 Projects/Servo_Motor/src/main.o
                                0x5ee (size before relaxing)
 .debug_str     0x0000070b       0xf4 Projects/Servo_Motor/src/servo.o
                                0x6e7 (size before relaxing)
 .debug_str     0x000007ff       0xb9 Projects/Servo_Motor/src/startup.o
                                0x214 (size before relaxing)
 .debug_str     0x000008b8       0xce Projects/Servo_Motor/src/system_stm32f4xx.o
                                0x15d (size before relaxing)

.debug_frame    0x00000000      0x2a8
 .debug_frame   0x00000000       0xa8 Drivers/GPIO/src/gpio.o
 .debug_frame   0x000000a8       0x78 Drivers/PWM/src/pwm.o
 .debug_frame   0x00000120       0x44 Projects/Servo_Motor/src/main.o
 .debug_frame   0x00000164       0xa4 Projects/Servo_Motor/src/servo.o
 .debug_frame   0x00000208       0x38 Projects/Servo_Motor/src/startup.o
 .debug_frame   0x00000240       0x20 Projects/Servo_Motor/src/system_stm32f4xx.o
 .debug_frame   0x00000260       0x28 c:/program files (x86)/gnu arm embedded toolchain/10 2021.10/bin/../lib/gcc/arm-none-eabi/10.3.1/../../../../arm-none-eabi/lib/thumb/v7e-m/nofp\libg_nano.a(lib_a-memcpy-stub.o)
 .debug_frame   0x00000288       0x20 c:/program files (x86)/gnu arm embedded toolchain/10 2021.10/bin/../lib/gcc/arm-none-eabi/10.3.1/../../../../arm-none-eabi/lib/thumb/v7e-m/nofp\libg_nano.a(lib_a-memset.o)
