Archive member included to satisfy reference by file (symbol)

c:/program files (x86)/gnu arm embedded toolchain/10 2021.10/bin/../lib/gcc/arm-none-eabi/10.3.1/../../../../arm-none-eabi/lib/thumb/v7e-m/nofp\libg_nano.a(lib_a-exit.o)
                              c:/program files (x86)/gnu arm embedded toolchain/10 2021.10/bin/../lib/gcc/arm-none-eabi/10.3.1/../../../../arm-none-eabi/lib/thumb/v7e-m/nofp/crt0.o (exit)
c:/program files (x86)/gnu arm embedded toolchain/10 2021.10/bin/../lib/gcc/arm-none-eabi/10.3.1/../../../../arm-none-eabi/lib/thumb/v7e-m/nofp\libg_nano.a(lib_a-impure.o)
                              c:/program files (x86)/gnu arm embedded toolchain/10 2021.10/bin/../lib/gcc/arm-none-eabi/10.3.1/../../../../arm-none-eabi/lib/thumb/v7e-m/nofp\libg_nano.a(lib_a-exit.o) (_global_impure_ptr)
c:/program files (x86)/gnu arm embedded toolchain/10 2021.10/bin/../lib/gcc/arm-none-eabi/10.3.1/../../../../arm-none-eabi/lib/thumb/v7e-m/nofp\libg_nano.a(lib_a-init.o)
                              c:/program files (x86)/gnu arm embedded toolchain/10 2021.10/bin/../lib/gcc/arm-none-eabi/10.3.1/../../../../arm-none-eabi/lib/thumb/v7e-m/nofp/crt0.o (__libc_init_array)
c:/program files (x86)/gnu arm embedded toolchain/10 2021.10/bin/../lib/gcc/arm-none-eabi/10.3.1/../../../../arm-none-eabi/lib/thumb/v7e-m/nofp\libg_nano.a(lib_a-memset.o)
                              c:/program files (x86)/gnu arm embedded toolchain/10 2021.10/bin/../lib/gcc/arm-none-eabi/10.3.1/../../../../arm-none-eabi/lib/thumb/v7e-m/nofp/crt0.o (memset)
c:/program files (x86)/gnu arm embedded toolchain/10 2021.10/bin/../lib/gcc/arm-none-eabi/10.3.1/../../../../arm-none-eabi/lib/thumb/v7e-m/nofp\libnosys.a(_exit.o)
                              c:/program files (x86)/gnu arm embedded toolchain/10 2021.10/bin/../lib/gcc/arm-none-eabi/10.3.1/../../../../arm-none-eabi/lib/thumb/v7e-m/nofp\libg_nano.a(lib_a-exit.o) (_exit)

Discarded input sections

 .text          0x00000000        0x0 c:/program files (x86)/gnu arm embedded toolchain/10 2021.10/bin/../lib/gcc/arm-none-eabi/10.3.1/thumb/v7e-m/nofp/crti.o
 .data          0x00000000        0x0 c:/program files (x86)/gnu arm embedded toolchain/10 2021.10/bin/../lib/gcc/arm-none-eabi/10.3.1/thumb/v7e-m/nofp/crti.o
 .bss           0x00000000        0x0 c:/program files (x86)/gnu arm embedded toolchain/10 2021.10/bin/../lib/gcc/arm-none-eabi/10.3.1/thumb/v7e-m/nofp/crti.o
 .text          0x00000000       0x40 c:/program files (x86)/gnu arm embedded toolchain/10 2021.10/bin/../lib/gcc/arm-none-eabi/10.3.1/thumb/v7e-m/nofp/crtbegin.o
 .data          0x00000000        0x4 c:/program files (x86)/gnu arm embedded toolchain/10 2021.10/bin/../lib/gcc/arm-none-eabi/10.3.1/thumb/v7e-m/nofp/crtbegin.o
 .bss           0x00000000       0x1c c:/program files (x86)/gnu arm embedded toolchain/10 2021.10/bin/../lib/gcc/arm-none-eabi/10.3.1/thumb/v7e-m/nofp/crtbegin.o
 .rodata        0x00000000       0x24 c:/program files (x86)/gnu arm embedded toolchain/10 2021.10/bin/../lib/gcc/arm-none-eabi/10.3.1/thumb/v7e-m/nofp/crtbegin.o
 .init_array    0x00000000        0x4 c:/program files (x86)/gnu arm embedded toolchain/10 2021.10/bin/../lib/gcc/arm-none-eabi/10.3.1/thumb/v7e-m/nofp/crtbegin.o
 .fini_array    0x00000000        0x4 c:/program files (x86)/gnu arm embedded toolchain/10 2021.10/bin/../lib/gcc/arm-none-eabi/10.3.1/thumb/v7e-m/nofp/crtbegin.o
 .eh_frame      0x00000000        0x0 c:/program files (x86)/gnu arm embedded toolchain/10 2021.10/bin/../lib/gcc/arm-none-eabi/10.3.1/thumb/v7e-m/nofp/crtbegin.o
 .ARM.attributes
                0x00000000       0x2e c:/program files (x86)/gnu arm embedded toolchain/10 2021.10/bin/../lib/gcc/arm-none-eabi/10.3.1/thumb/v7e-m/nofp/crtbegin.o
 .text          0x00000000       0x7c c:/program files (x86)/gnu arm embedded toolchain/10 2021.10/bin/../lib/gcc/arm-none-eabi/10.3.1/../../../../arm-none-eabi/lib/thumb/v7e-m/nofp/crt0.o
 .data          0x00000000        0x0 c:/program files (x86)/gnu arm embedded toolchain/10 2021.10/bin/../lib/gcc/arm-none-eabi/10.3.1/../../../../arm-none-eabi/lib/thumb/v7e-m/nofp/crt0.o
 .bss           0x00000000        0x0 c:/program files (x86)/gnu arm embedded toolchain/10 2021.10/bin/../lib/gcc/arm-none-eabi/10.3.1/../../../../arm-none-eabi/lib/thumb/v7e-m/nofp/crt0.o
 .ARM.extab     0x00000000        0x0 c:/program files (x86)/gnu arm embedded toolchain/10 2021.10/bin/../lib/gcc/arm-none-eabi/10.3.1/../../../../arm-none-eabi/lib/thumb/v7e-m/nofp/crt0.o
 .ARM.exidx     0x00000000       0x10 c:/program files (x86)/gnu arm embedded toolchain/10 2021.10/bin/../lib/gcc/arm-none-eabi/10.3.1/../../../../arm-none-eabi/lib/thumb/v7e-m/nofp/crt0.o
 .ARM.attributes
                0x00000000       0x1c c:/program files (x86)/gnu arm embedded toolchain/10 2021.10/bin/../lib/gcc/arm-none-eabi/10.3.1/../../../../arm-none-eabi/lib/thumb/v7e-m/nofp/crt0.o
 .text          0x00000000        0x0 Drivers/GPIO_cpp/src/gpio.o
 .data          0x00000000        0x0 Drivers/GPIO_cpp/src/gpio.o
 .bss           0x00000000        0x0 Drivers/GPIO_cpp/src/gpio.o
 .text._ZN4GPIO12GPIO_ReadPinEt
                0x00000000       0x10 Drivers/GPIO_cpp/src/gpio.o
 .text._ZN4GPIO13GPIO_WritePinEt13GPIO_PinState
                0x00000000        0xc Drivers/GPIO_cpp/src/gpio.o
 .text._ZN4GPIO14GPIO_TogglePinEt
                0x00000000        0xc Drivers/GPIO_cpp/src/gpio.o
 .text._ZN4GPIO11GPIO_SetPinEt
                0x00000000        0xc Drivers/GPIO_cpp/src/gpio.o
 .text._ZN4GPIO13GPIO_ResetPinEt
                0x00000000        0xc Drivers/GPIO_cpp/src/gpio.o
 .text._ZN4GPIO19RCC_GPIO_CLK_ENABLEEv
                0x00000000       0xdc Drivers/GPIO_cpp/src/gpio.o
 .text._ZN4GPIOC2EP18GPIO_ManualTypeDefP16GPIO_InitTypeDef
                0x00000000      0x10c Drivers/GPIO_cpp/src/gpio.o
 .debug_info    0x00000000      0x76e Drivers/GPIO_cpp/src/gpio.o
 .debug_abbrev  0x00000000      0x22d Drivers/GPIO_cpp/src/gpio.o
 .debug_loc     0x00000000      0x2fd Drivers/GPIO_cpp/src/gpio.o
 .debug_aranges
                0x00000000       0x50 Drivers/GPIO_cpp/src/gpio.o
 .debug_ranges  0x00000000       0x60 Drivers/GPIO_cpp/src/gpio.o
 .debug_line    0x00000000      0x401 Drivers/GPIO_cpp/src/gpio.o
 .debug_str     0x00000000      0x558 Drivers/GPIO_cpp/src/gpio.o
 .comment       0x00000000       0x4a Drivers/GPIO_cpp/src/gpio.o
 .debug_frame   0x00000000       0x98 Drivers/GPIO_cpp/src/gpio.o
 .ARM.attributes
                0x00000000       0x2e Drivers/GPIO_cpp/src/gpio.o
 .text          0x00000000        0x0 Drivers/PWM/src/pwm.o
 .data          0x00000000        0x0 Drivers/PWM/src/pwm.o
 .bss           0x00000000        0x0 Drivers/PWM/src/pwm.o
 .text.Timer_Init
                0x00000000       0x94 Drivers/PWM/src/pwm.o
 .text.Configure_PWM
                0x00000000       0x5c Drivers/PWM/src/pwm.o
 .text.PWM_constructor
                0x00000000       0x44 Drivers/PWM/src/pwm.o
 .text.PWM_SetDutyCycle
                0x00000000       0x2c Drivers/PWM/src/pwm.o
 .text.PWM_GetDutyCycle
                0x00000000       0x2c Drivers/PWM/src/pwm.o
 .text.PWM_SetPulseTicks
                0x00000000       0x28 Drivers/PWM/src/pwm.o
 .text.PWM_Start
                0x00000000        0xc Drivers/PWM/src/pwm.o
 .text.PWM_Stop
                0x00000000        0xc Drivers/PWM/src/pwm.o
 .debug_info    0x00000000      0x6cc Drivers/PWM/src/pwm.o
 .debug_abbrev  0x00000000      0x1ee Drivers/PWM/src/pwm.o
 .debug_loc     0x00000000      0x1b0 Drivers/PWM/src/pwm.o
 .debug_aranges
                0x00000000       0x58 Drivers/PWM/src/pwm.o
 .debug_ranges  0x00000000       0x70 Drivers/PWM/src/pwm.o
 .debug_line    0x00000000      0x436 Drivers/PWM/src/pwm.o
 .debug_str     0x00000000      0x4e0 Drivers/PWM/src/pwm.o
 .comment       0x00000000       0x4a Drivers/PWM/src/pwm.o
 .debug_frame   0x00000000       0xa8 Drivers/PWM/src/pwm.o
 .ARM.attributes
                0x00000000       0x2e Drivers/PWM/src/pwm.o
 .text          0x00000000        0x0 Drivers/PWM_cpp/src/main.o
 .data          0x00000000        0x0 Drivers/PWM_cpp/src/main.o
 .bss           0x00000000        0x0 Drivers/PWM_cpp/src/main.o
 .text._Z8delay_fni
                0x00000000       0x1c Drivers/PWM_cpp/src/main.o
 .text          0x00000000        0x0 Drivers/PWM_cpp/src/pwm.o
 .data          0x00000000        0x0 Drivers/PWM_cpp/src/pwm.o
 .bss           0x00000000        0x0 Drivers/PWM_cpp/src/pwm.o
 .text._ZN3PWM16PWM_GetDutyCycleEv
                0x00000000       0x2c Drivers/PWM_cpp/src/pwm.o
 .data          0x00000000        0x0 Drivers/PWM_cpp/src/startup.o
 .bss           0x00000000        0x0 Drivers/PWM_cpp/src/startup.o
 .text          0x00000000       0x10 Drivers/PWM_cpp/src/system_stm32f4xx.o
 .data          0x00000000        0x4 Drivers/PWM_cpp/src/system_stm32f4xx.o
 .bss           0x00000000        0x0 Drivers/PWM_cpp/src/system_stm32f4xx.o
 .debug_info    0x00000000       0xb0 Drivers/PWM_cpp/src/system_stm32f4xx.o
 .debug_abbrev  0x00000000       0x75 Drivers/PWM_cpp/src/system_stm32f4xx.o
 .debug_aranges
                0x00000000       0x20 Drivers/PWM_cpp/src/system_stm32f4xx.o
 .debug_line    0x00000000      0x171 Drivers/PWM_cpp/src/system_stm32f4xx.o
 .debug_str     0x00000000      0x163 Drivers/PWM_cpp/src/system_stm32f4xx.o
 .comment       0x00000000       0x4a Drivers/PWM_cpp/src/system_stm32f4xx.o
 .debug_frame   0x00000000       0x20 Drivers/PWM_cpp/src/system_stm32f4xx.o
 .ARM.attributes
                0x00000000       0x2e Drivers/PWM_cpp/src/system_stm32f4xx.o
 .text          0x00000000        0x0 Drivers/UART_cpp/src/uart.o
 .data          0x00000000        0x0 Drivers/UART_cpp/src/uart.o
 .bss           0x00000000        0x0 Drivers/UART_cpp/src/uart.o
 .text._Z20BRR_Oversample_by_16mm
                0x00000000        0xc Drivers/UART_cpp/src/uart.o
 .text._ZN5USART13USART_x_WriteEi
                0x00000000       0x10 Drivers/UART_cpp/src/uart.o
 .text._ZN5USART12USART_x_ReadEv
                0x00000000       0x10 Drivers/UART_cpp/src/uart.o
 .text._ZN5USART15USART_WriteCharEi
                0x00000000       0x10 Drivers/UART_cpp/src/uart.o
 .text._ZN5USART14USART_ReadCharEv
                0x00000000       0x10 Drivers/UART_cpp/src/uart.o
 .text._ZN5USART16USART_ReadStringEPcj
                0x00000000       0x38 Drivers/UART_cpp/src/uart.o
 .text          0x00000000        0x0 c:/program files (x86)/gnu arm embedded toolchain/10 2021.10/bin/../lib/gcc/arm-none-eabi/10.3.1/../../../../arm-none-eabi/lib/thumb/v7e-m/nofp\libg_nano.a(lib_a-exit.o)
 .data          0x00000000        0x0 c:/program files (x86)/gnu arm embedded toolchain/10 2021.10/bin/../lib/gcc/arm-none-eabi/10.3.1/../../../../arm-none-eabi/lib/thumb/v7e-m/nofp\libg_nano.a(lib_a-exit.o)
 .bss           0x00000000        0x0 c:/program files (x86)/gnu arm embedded toolchain/10 2021.10/bin/../lib/gcc/arm-none-eabi/10.3.1/../../../../arm-none-eabi/lib/thumb/v7e-m/nofp\libg_nano.a(lib_a-exit.o)
 .text.exit     0x00000000       0x28 c:/program files (x86)/gnu arm embedded toolchain/10 2021.10/bin/../lib/gcc/arm-none-eabi/10.3.1/../../../../arm-none-eabi/lib/thumb/v7e-m/nofp\libg_nano.a(lib_a-exit.o)
 .debug_frame   0x00000000       0x28 c:/program files (x86)/gnu arm embedded toolchain/10 2021.10/bin/../lib/gcc/arm-none-eabi/10.3.1/../../../../arm-none-eabi/lib/thumb/v7e-m/nofp\libg_nano.a(lib_a-exit.o)
 .ARM.attributes
                0x00000000       0x2e c:/program files (x86)/gnu arm embedded toolchain/10 2021.10/bin/../lib/gcc/arm-none-eabi/10.3.1/../../../../arm-none-eabi/lib/thumb/v7e-m/nofp\libg_nano.a(lib_a-exit.o)
 .text          0x00000000        0x0 c:/program files (x86)/gnu arm embedded toolchain/10 2021.10/bin/../lib/gcc/arm-none-eabi/10.3.1/../../../../arm-none-eabi/lib/thumb/v7e-m/nofp\libg_nano.a(lib_a-impure.o)
 .data          0x00000000        0x0 c:/program files (x86)/gnu arm embedded toolchain/10 2021.10/bin/../lib/gcc/arm-none-eabi/10.3.1/../../../../arm-none-eabi/lib/thumb/v7e-m/nofp\libg_nano.a(lib_a-impure.o)
 .bss           0x00000000        0x0 c:/program files (x86)/gnu arm embedded toolchain/10 2021.10/bin/../lib/gcc/arm-none-eabi/10.3.1/../../../../arm-none-eabi/lib/thumb/v7e-m/nofp\libg_nano.a(lib_a-impure.o)
 .data._impure_ptr
                0x00000000        0x4 c:/program files (x86)/gnu arm embedded toolchain/10 2021.10/bin/../lib/gcc/arm-none-eabi/10.3.1/../../../../arm-none-eabi/lib/thumb/v7e-m/nofp\libg_nano.a(lib_a-impure.o)
 .data.impure_data
                0x00000000       0x60 c:/program files (x86)/gnu arm embedded toolchain/10 2021.10/bin/../lib/gcc/arm-none-eabi/10.3.1/../../../../arm-none-eabi/lib/thumb/v7e-m/nofp\libg_nano.a(lib_a-impure.o)
 .rodata._global_impure_ptr
                0x00000000        0x4 c:/program files (x86)/gnu arm embedded toolchain/10 2021.10/bin/../lib/gcc/arm-none-eabi/10.3.1/../../../../arm-none-eabi/lib/thumb/v7e-m/nofp\libg_nano.a(lib_a-impure.o)
 .ARM.attributes
                0x00000000       0x2e c:/program files (x86)/gnu arm embedded toolchain/10 2021.10/bin/../lib/gcc/arm-none-eabi/10.3.1/../../../../arm-none-eabi/lib/thumb/v7e-m/nofp\libg_nano.a(lib_a-impure.o)
 .text          0x00000000        0x0 c:/program files (x86)/gnu arm embedded toolchain/10 2021.10/bin/../lib/gcc/arm-none-eabi/10.3.1/../../../../arm-none-eabi/lib/thumb/v7e-m/nofp\libg_nano.a(lib_a-init.o)
 .data          0x00000000        0x0 c:/program files (x86)/gnu arm embedded toolchain/10 2021.10/bin/../lib/gcc/arm-none-eabi/10.3.1/../../../../arm-none-eabi/lib/thumb/v7e-m/nofp\libg_nano.a(lib_a-init.o)
 .bss           0x00000000        0x0 c:/program files (x86)/gnu arm embedded toolchain/10 2021.10/bin/../lib/gcc/arm-none-eabi/10.3.1/../../../../arm-none-eabi/lib/thumb/v7e-m/nofp\libg_nano.a(lib_a-init.o)
 .text.__libc_init_array
                0x00000000       0x48 c:/program files (x86)/gnu arm embedded toolchain/10 2021.10/bin/../lib/gcc/arm-none-eabi/10.3.1/../../../../arm-none-eabi/lib/thumb/v7e-m/nofp\libg_nano.a(lib_a-init.o)
 .debug_frame   0x00000000       0x2c c:/program files (x86)/gnu arm embedded toolchain/10 2021.10/bin/../lib/gcc/arm-none-eabi/10.3.1/../../../../arm-none-eabi/lib/thumb/v7e-m/nofp\libg_nano.a(lib_a-init.o)
 .ARM.attributes
                0x00000000       0x2e c:/program files (x86)/gnu arm embedded toolchain/10 2021.10/bin/../lib/gcc/arm-none-eabi/10.3.1/../../../../arm-none-eabi/lib/thumb/v7e-m/nofp\libg_nano.a(lib_a-init.o)
 .text          0x00000000        0x0 c:/program files (x86)/gnu arm embedded toolchain/10 2021.10/bin/../lib/gcc/arm-none-eabi/10.3.1/../../../../arm-none-eabi/lib/thumb/v7e-m/nofp\libg_nano.a(lib_a-memset.o)
 .data          0x00000000        0x0 c:/program files (x86)/gnu arm embedded toolchain/10 2021.10/bin/../lib/gcc/arm-none-eabi/10.3.1/../../../../arm-none-eabi/lib/thumb/v7e-m/nofp\libg_nano.a(lib_a-memset.o)
 .bss           0x00000000        0x0 c:/program files (x86)/gnu arm embedded toolchain/10 2021.10/bin/../lib/gcc/arm-none-eabi/10.3.1/../../../../arm-none-eabi/lib/thumb/v7e-m/nofp\libg_nano.a(lib_a-memset.o)
 .text.memset   0x00000000       0x10 c:/program files (x86)/gnu arm embedded toolchain/10 2021.10/bin/../lib/gcc/arm-none-eabi/10.3.1/../../../../arm-none-eabi/lib/thumb/v7e-m/nofp\libg_nano.a(lib_a-memset.o)
 .debug_frame   0x00000000       0x20 c:/program files (x86)/gnu arm embedded toolchain/10 2021.10/bin/../lib/gcc/arm-none-eabi/10.3.1/../../../../arm-none-eabi/lib/thumb/v7e-m/nofp\libg_nano.a(lib_a-memset.o)
 .ARM.attributes
                0x00000000       0x2e c:/program files (x86)/gnu arm embedded toolchain/10 2021.10/bin/../lib/gcc/arm-none-eabi/10.3.1/../../../../arm-none-eabi/lib/thumb/v7e-m/nofp\libg_nano.a(lib_a-memset.o)
 .text          0x00000000        0x0 c:/program files (x86)/gnu arm embedded toolchain/10 2021.10/bin/../lib/gcc/arm-none-eabi/10.3.1/../../../../arm-none-eabi/lib/thumb/v7e-m/nofp\libnosys.a(_exit.o)
 .data          0x00000000        0x0 c:/program files (x86)/gnu arm embedded toolchain/10 2021.10/bin/../lib/gcc/arm-none-eabi/10.3.1/../../../../arm-none-eabi/lib/thumb/v7e-m/nofp\libnosys.a(_exit.o)
 .bss           0x00000000        0x0 c:/program files (x86)/gnu arm embedded toolchain/10 2021.10/bin/../lib/gcc/arm-none-eabi/10.3.1/../../../../arm-none-eabi/lib/thumb/v7e-m/nofp\libnosys.a(_exit.o)
 .text._exit    0x00000000        0x4 c:/program files (x86)/gnu arm embedded toolchain/10 2021.10/bin/../lib/gcc/arm-none-eabi/10.3.1/../../../../arm-none-eabi/lib/thumb/v7e-m/nofp\libnosys.a(_exit.o)
 .debug_frame   0x00000000       0x20 c:/program files (x86)/gnu arm embedded toolchain/10 2021.10/bin/../lib/gcc/arm-none-eabi/10.3.1/../../../../arm-none-eabi/lib/thumb/v7e-m/nofp\libnosys.a(_exit.o)
 .ARM.attributes
                0x00000000       0x2e c:/program files (x86)/gnu arm embedded toolchain/10 2021.10/bin/../lib/gcc/arm-none-eabi/10.3.1/../../../../arm-none-eabi/lib/thumb/v7e-m/nofp\libnosys.a(_exit.o)
 .text          0x00000000        0x0 c:/program files (x86)/gnu arm embedded toolchain/10 2021.10/bin/../lib/gcc/arm-none-eabi/10.3.1/thumb/v7e-m/nofp/crtend.o
 .data          0x00000000        0x0 c:/program files (x86)/gnu arm embedded toolchain/10 2021.10/bin/../lib/gcc/arm-none-eabi/10.3.1/thumb/v7e-m/nofp/crtend.o
 .bss           0x00000000        0x0 c:/program files (x86)/gnu arm embedded toolchain/10 2021.10/bin/../lib/gcc/arm-none-eabi/10.3.1/thumb/v7e-m/nofp/crtend.o
 .rodata        0x00000000       0x24 c:/program files (x86)/gnu arm embedded toolchain/10 2021.10/bin/../lib/gcc/arm-none-eabi/10.3.1/thumb/v7e-m/nofp/crtend.o
 .eh_frame      0x00000000        0x4 c:/program files (x86)/gnu arm embedded toolchain/10 2021.10/bin/../lib/gcc/arm-none-eabi/10.3.1/thumb/v7e-m/nofp/crtend.o
 .ARM.attributes
                0x00000000       0x2e c:/program files (x86)/gnu arm embedded toolchain/10 2021.10/bin/../lib/gcc/arm-none-eabi/10.3.1/thumb/v7e-m/nofp/crtend.o
 .text          0x00000000        0x0 c:/program files (x86)/gnu arm embedded toolchain/10 2021.10/bin/../lib/gcc/arm-none-eabi/10.3.1/thumb/v7e-m/nofp/crtn.o
 .data          0x00000000        0x0 c:/program files (x86)/gnu arm embedded toolchain/10 2021.10/bin/../lib/gcc/arm-none-eabi/10.3.1/thumb/v7e-m/nofp/crtn.o
 .bss           0x00000000        0x0 c:/program files (x86)/gnu arm embedded toolchain/10 2021.10/bin/../lib/gcc/arm-none-eabi/10.3.1/thumb/v7e-m/nofp/crtn.o
 .init          0x00000000        0x8 c:/program files (x86)/gnu arm embedded toolchain/10 2021.10/bin/../lib/gcc/arm-none-eabi/10.3.1/thumb/v7e-m/nofp/crtn.o
 .fini          0x00000000        0x8 c:/program files (x86)/gnu arm embedded toolchain/10 2021.10/bin/../lib/gcc/arm-none-eabi/10.3.1/thumb/v7e-m/nofp/crtn.o
 .ARM.attributes
                0x00000000       0x1e c:/program files (x86)/gnu arm embedded toolchain/10 2021.10/bin/../lib/gcc/arm-none-eabi/10.3.1/thumb/v7e-m/nofp/crtn.o

Memory Configuration

Name             Origin             Length             Attributes
FLASH            0x08000000         0x00100000         xr
RAM              0x20000000         0x00020000         xrw
*default*        0x00000000         0xffffffff

Linker script and memory map

LOAD c:/program files (x86)/gnu arm embedded toolchain/10 2021.10/bin/../lib/gcc/arm-none-eabi/10.3.1/thumb/v7e-m/nofp/crti.o
LOAD c:/program files (x86)/gnu arm embedded toolchain/10 2021.10/bin/../lib/gcc/arm-none-eabi/10.3.1/thumb/v7e-m/nofp/crtbegin.o
LOAD c:/program files (x86)/gnu arm embedded toolchain/10 2021.10/bin/../lib/gcc/arm-none-eabi/10.3.1/../../../../arm-none-eabi/lib/thumb/v7e-m/nofp/crt0.o
LOAD Drivers/GPIO_cpp/src/gpio.o
LOAD Drivers/PWM/src/pwm.o
LOAD Drivers/PWM_cpp/src/main.o
LOAD Drivers/PWM_cpp/src/pwm.o
LOAD Drivers/PWM_cpp/src/startup.o
LOAD Drivers/PWM_cpp/src/system_stm32f4xx.o
LOAD Drivers/UART_cpp/src/uart.o
LOAD c:/program files (x86)/gnu arm embedded toolchain/10 2021.10/bin/../lib/gcc/arm-none-eabi/10.3.1/../../../../arm-none-eabi/lib/thumb/v7e-m/nofp\libstdc++_nano.a
LOAD c:/program files (x86)/gnu arm embedded toolchain/10 2021.10/bin/../lib/gcc/arm-none-eabi/10.3.1/../../../../arm-none-eabi/lib/thumb/v7e-m/nofp\libm.a
START GROUP
LOAD c:/program files (x86)/gnu arm embedded toolchain/10 2021.10/bin/../lib/gcc/arm-none-eabi/10.3.1/thumb/v7e-m/nofp\libgcc.a
LOAD c:/program files (x86)/gnu arm embedded toolchain/10 2021.10/bin/../lib/gcc/arm-none-eabi/10.3.1/../../../../arm-none-eabi/lib/thumb/v7e-m/nofp\libg_nano.a
LOAD c:/program files (x86)/gnu arm embedded toolchain/10 2021.10/bin/../lib/gcc/arm-none-eabi/10.3.1/../../../../arm-none-eabi/lib/thumb/v7e-m/nofp\libc_nano.a
END GROUP
START GROUP
LOAD c:/program files (x86)/gnu arm embedded toolchain/10 2021.10/bin/../lib/gcc/arm-none-eabi/10.3.1/thumb/v7e-m/nofp\libgcc.a
LOAD c:/program files (x86)/gnu arm embedded toolchain/10 2021.10/bin/../lib/gcc/arm-none-eabi/10.3.1/../../../../arm-none-eabi/lib/thumb/v7e-m/nofp\libc_nano.a
LOAD c:/program files (x86)/gnu arm embedded toolchain/10 2021.10/bin/../lib/gcc/arm-none-eabi/10.3.1/../../../../arm-none-eabi/lib/thumb/v7e-m/nofp\libnosys.a
END GROUP
START GROUP
LOAD c:/program files (x86)/gnu arm embedded toolchain/10 2021.10/bin/../lib/gcc/arm-none-eabi/10.3.1/thumb/v7e-m/nofp\libgcc.a
LOAD c:/program files (x86)/gnu arm embedded toolchain/10 2021.10/bin/../lib/gcc/arm-none-eabi/10.3.1/../../../../arm-none-eabi/lib/thumb/v7e-m/nofp\libc_nano.a
LOAD c:/program files (x86)/gnu arm embedded toolchain/10 2021.10/bin/../lib/gcc/arm-none-eabi/10.3.1/../../../../arm-none-eabi/lib/thumb/v7e-m/nofp\libnosys.a
END GROUP
LOAD c:/program files (x86)/gnu arm embedded toolchain/10 2021.10/bin/../lib/gcc/arm-none-eabi/10.3.1/thumb/v7e-m/nofp/crtend.o
LOAD c:/program files (x86)/gnu arm embedded toolchain/10 2021.10/bin/../lib/gcc/arm-none-eabi/10.3.1/thumb/v7e-m/nofp/crtn.o

.isr_vector     0x08000000       0x40
 *(.isr_vector)
 .isr_vector    0x08000000       0x40 Drivers/PWM_cpp/src/startup.o
                0x08000000                vector_table

.text           0x08000040      0xad0
 *(.text*)
 .text.startup.main
                0x08000040      0x18c Drivers/PWM_cpp/src/main.o
                0x08000040                main
 .text._ZN3PWM10Timer_InitEv
                0x080001cc       0x94 Drivers/PWM_cpp/src/pwm.o
                0x080001cc                PWM::Timer_Init()
 .text._ZN3PWM13Configure_PWMEv
                0x08000260       0x5c Drivers/PWM_cpp/src/pwm.o
                0x08000260                PWM::Configure_PWM()
 .text._ZN3PWMC2E19PWM_Channel_TypeDef17dutyCycle_TypeDef21PWM_Prescaler_TypeDefmP11TIM_TypeDef
                0x080002bc       0x50 Drivers/PWM_cpp/src/pwm.o
                0x080002bc                PWM::PWM(PWM_Channel_TypeDef, dutyCycle_TypeDef, PWM_Prescaler_TypeDef, unsigned long, TIM_TypeDef*)
                0x080002bc                PWM::PWM(PWM_Channel_TypeDef, dutyCycle_TypeDef, PWM_Prescaler_TypeDef, unsigned long, TIM_TypeDef*)
 .text._ZN3PWM16PWM_SetDutyCycleE17dutyCycle_TypeDef
                0x0800030c       0x2c Drivers/PWM_cpp/src/pwm.o
                0x0800030c                PWM::PWM_SetDutyCycle(dutyCycle_TypeDef)
 .text._ZN3PWM13SetPulseTicksEm
                0x08000338       0x28 Drivers/PWM_cpp/src/pwm.o
                0x08000338                PWM::SetPulseTicks(unsigned long)
 .text._ZN3PWM5StartEv
                0x08000360        0xc Drivers/PWM_cpp/src/pwm.o
                0x08000360                PWM::Start()
 .text._ZN3PWM4StopEv
                0x0800036c        0xc Drivers/PWM_cpp/src/pwm.o
                0x0800036c                PWM::Stop()
 .text          0x08000378        0xc Drivers/PWM_cpp/src/startup.o
                0x08000378                Default_Handler
                0x0800037c                Reset_Handler
 .text._ZN5USARTC2EP16USART_ManualType12UART_COMType17UART_BaudRateType
                0x08000384      0x59c Drivers/UART_cpp/src/uart.o
                0x08000384                USART::USART(USART_ManualType*, UART_COMType, UART_BaudRateType)
                0x08000384                USART::USART(USART_ManualType*, UART_COMType, UART_BaudRateType)
 .text._ZN5USART11GetPortNameEv
                0x08000920       0x74 Drivers/UART_cpp/src/uart.o
                0x08000920                USART::GetPortName()
 .text._ZN5USART17USART_WriteStringEPKc
                0x08000994       0x34 Drivers/UART_cpp/src/uart.o
                0x08000994                USART::USART_WriteString(char const*)
 *(.rodata*)
 .rodata.main.str1.4
                0x080009c8      0x107 Drivers/PWM_cpp/src/main.o
                                0x10b (size before relaxing)
 *fill*         0x08000acf        0x1 
 .rodata._ZN5USART11GetPortNameEv.str1.4
                0x08000ad0       0x37 Drivers/UART_cpp/src/uart.o
 *(.glue_7)
 .glue_7        0x08000b07        0x0 linker stubs
 *(.glue_7t)
 .glue_7t       0x08000b07        0x0 linker stubs
 *(.init)
 *fill*         0x08000b07        0x1 
 .init          0x08000b08        0x4 c:/program files (x86)/gnu arm embedded toolchain/10 2021.10/bin/../lib/gcc/arm-none-eabi/10.3.1/thumb/v7e-m/nofp/crti.o
                0x08000b08                _init
 *(.fini)
 .fini          0x08000b0c        0x4 c:/program files (x86)/gnu arm embedded toolchain/10 2021.10/bin/../lib/gcc/arm-none-eabi/10.3.1/thumb/v7e-m/nofp/crti.o
                0x08000b0c                _fini

.vfp11_veneer   0x08000b10        0x0
 .vfp11_veneer  0x08000b10        0x0 linker stubs

.v4_bx          0x08000b10        0x0
 .v4_bx         0x08000b10        0x0 linker stubs

.iplt           0x08000b10        0x0
 .iplt          0x08000b10        0x0 Drivers/PWM_cpp/src/main.o

.rel.dyn        0x08000b10        0x0
 .rel.iplt      0x08000b10        0x0 Drivers/PWM_cpp/src/main.o

.ARM.extab
 *(.ARM.extab* .gnu.linkonce.armextab.*)

.ARM.exidx      0x08000b10        0x0
                0x08000b10                __exidx_start = .
 *(.ARM.exidx*)
                0x08000b10                __exidx_end = .
                0x08000b10                __etext = .

.data           0x20000000        0x0 load address 0x08000b10
                0x20000000                __data_start__ = .
 *(.data*)
                0x20000000                __data_end__ = .

.igot.plt       0x20000000        0x0
 .igot.plt      0x20000000        0x0 Drivers/PWM_cpp/src/main.o

.bss            0x20000000        0x0
                0x20000000                __bss_start__ = .
 *(.bss*)
 *(COMMON)
                0x20000000                __bss_end__ = .
                0x20000000                _end = .
                0x20000000                end = .
                0x20000000                __end__ = .

.stack          0x20000000      0x400
                0x20000000                . = ALIGN (0x8)
                0x20000000                _stack = .
                0x20000400                . = (. + 0x400)
 *fill*         0x20000000      0x400 
OUTPUT(Drivers/PWM_cpp/main.elf elf32-littlearm)
LOAD linker stubs

.ARM.attributes
                0x00000000       0x2a
 .ARM.attributes
                0x00000000       0x1e c:/program files (x86)/gnu arm embedded toolchain/10 2021.10/bin/../lib/gcc/arm-none-eabi/10.3.1/thumb/v7e-m/nofp/crti.o
 .ARM.attributes
                0x0000001e       0x2e Drivers/PWM_cpp/src/main.o
 .ARM.attributes
                0x0000004c       0x2e Drivers/PWM_cpp/src/pwm.o
 .ARM.attributes
                0x0000007a       0x2e Drivers/PWM_cpp/src/startup.o
 .ARM.attributes
                0x000000a8       0x2e Drivers/UART_cpp/src/uart.o

.comment        0x00000000       0x49
 .comment       0x00000000       0x49 Drivers/PWM_cpp/src/main.o
                                 0x4a (size before relaxing)
 .comment       0x00000049       0x4a Drivers/PWM_cpp/src/pwm.o
 .comment       0x00000049       0x4a Drivers/PWM_cpp/src/startup.o
 .comment       0x00000049       0x4a Drivers/UART_cpp/src/uart.o

.debug_info     0x00000000     0x19da
 .debug_info    0x00000000      0xa5b Drivers/PWM_cpp/src/main.o
 .debug_info    0x00000a5b      0x81b Drivers/PWM_cpp/src/pwm.o
 .debug_info    0x00001276       0xf5 Drivers/PWM_cpp/src/startup.o
 .debug_info    0x0000136b      0x66f Drivers/UART_cpp/src/uart.o

.debug_abbrev   0x00000000      0x88d
 .debug_abbrev  0x00000000      0x259 Drivers/PWM_cpp/src/main.o
 .debug_abbrev  0x00000259      0x287 Drivers/PWM_cpp/src/pwm.o
 .debug_abbrev  0x000004e0       0xc9 Drivers/PWM_cpp/src/startup.o
 .debug_abbrev  0x000005a9      0x2e4 Drivers/UART_cpp/src/uart.o

.debug_loc      0x00000000      0x64b
 .debug_loc     0x00000000       0x82 Drivers/PWM_cpp/src/main.o
 .debug_loc     0x00000082      0x27b Drivers/PWM_cpp/src/pwm.o
 .debug_loc     0x000002fd      0x34e Drivers/UART_cpp/src/uart.o

.debug_aranges  0x00000000       0xf0
 .debug_aranges
                0x00000000       0x28 Drivers/PWM_cpp/src/main.o
 .debug_aranges
                0x00000028       0x58 Drivers/PWM_cpp/src/pwm.o
 .debug_aranges
                0x00000080       0x20 Drivers/PWM_cpp/src/startup.o
 .debug_aranges
                0x000000a0       0x50 Drivers/UART_cpp/src/uart.o

.debug_ranges   0x00000000      0x238
 .debug_ranges  0x00000000       0xe0 Drivers/PWM_cpp/src/main.o
 .debug_ranges  0x000000e0       0x90 Drivers/PWM_cpp/src/pwm.o
 .debug_ranges  0x00000170       0xc8 Drivers/UART_cpp/src/uart.o

.debug_line     0x00000000     0x135d
 .debug_line    0x00000000      0x420 Drivers/PWM_cpp/src/main.o
 .debug_line    0x00000420      0x480 Drivers/PWM_cpp/src/pwm.o
 .debug_line    0x000008a0      0x173 Drivers/PWM_cpp/src/startup.o
 .debug_line    0x00000a13      0x94a Drivers/UART_cpp/src/uart.o

.debug_str      0x00000000      0x995
 .debug_str     0x00000000      0x68e Drivers/PWM_cpp/src/main.o
                                0x77e (size before relaxing)
 .debug_str     0x0000068e      0x197 Drivers/PWM_cpp/src/pwm.o
                                0x6bc (size before relaxing)
 .debug_str     0x00000825       0xa8 Drivers/PWM_cpp/src/startup.o
                                0x16f (size before relaxing)
 .debug_str     0x000008cd       0xc8 Drivers/UART_cpp/src/uart.o
                                0x4a6 (size before relaxing)

.debug_frame    0x00000000      0x1f0
 .debug_frame   0x00000000       0x40 Drivers/PWM_cpp/src/main.o
 .debug_frame   0x00000040       0xa8 Drivers/PWM_cpp/src/pwm.o
 .debug_frame   0x000000e8       0x38 Drivers/PWM_cpp/src/startup.o
 .debug_frame   0x00000120       0xd0 Drivers/UART_cpp/src/uart.o
