Archive member included to satisfy reference by file (symbol)

c:/program files (x86)/gnu arm embedded toolchain/10 2021.10/bin/../lib/gcc/arm-none-eabi/10.3.1/../../../../arm-none-eabi/lib/thumb/v7e-m/nofp\libg_nano.a(lib_a-exit.o)
                              c:/program files (x86)/gnu arm embedded toolchain/10 2021.10/bin/../lib/gcc/arm-none-eabi/10.3.1/../../../../arm-none-eabi/lib/thumb/v7e-m/nofp/crt0.o (exit)
c:/program files (x86)/gnu arm embedded toolchain/10 2021.10/bin/../lib/gcc/arm-none-eabi/10.3.1/../../../../arm-none-eabi/lib/thumb/v7e-m/nofp\libg_nano.a(lib_a-impure.o)
                              c:/program files (x86)/gnu arm embedded toolchain/10 2021.10/bin/../lib/gcc/arm-none-eabi/10.3.1/../../../../arm-none-eabi/lib/thumb/v7e-m/nofp\libg_nano.a(lib_a-exit.o) (_global_impure_ptr)
c:/program files (x86)/gnu arm embedded toolchain/10 2021.10/bin/../lib/gcc/arm-none-eabi/10.3.1/../../../../arm-none-eabi/lib/thumb/v7e-m/nofp\libg_nano.a(lib_a-init.o)
                              c:/program files (x86)/gnu arm embedded toolchain/10 2021.10/bin/../lib/gcc/arm-none-eabi/10.3.1/../../../../arm-none-eabi/lib/thumb/v7e-m/nofp/crt0.o (__libc_init_array)
c:/program files (x86)/gnu arm embedded toolchain/10 2021.10/bin/../lib/gcc/arm-none-eabi/10.3.1/../../../../arm-none-eabi/lib/thumb/v7e-m/nofp\libg_nano.a(lib_a-memset.o)
                              c:/program files (x86)/gnu arm embedded toolchain/10 2021.10/bin/../lib/gcc/arm-none-eabi/10.3.1/../../../../arm-none-eabi/lib/thumb/v7e-m/nofp/crt0.o (memset)
c:/program files (x86)/gnu arm embedded toolchain/10 2021.10/bin/../lib/gcc/arm-none-eabi/10.3.1/../../../../arm-none-eabi/lib/thumb/v7e-m/nofp\libnosys.a(_exit.o)
                              c:/program files (x86)/gnu arm embedded toolchain/10 2021.10/bin/../lib/gcc/arm-none-eabi/10.3.1/../../../../arm-none-eabi/lib/thumb/v7e-m/nofp\libg_nano.a(lib_a-exit.o) (_exit)

Discarded input sections

 .text          0x00000000        0x0 c:/program files (x86)/gnu arm embedded toolchain/10 2021.10/bin/../lib/gcc/arm-none-eabi/10.3.1/thumb/v7e-m/nofp/crti.o
 .data          0x00000000        0x0 c:/program files (x86)/gnu arm embedded toolchain/10 2021.10/bin/../lib/gcc/arm-none-eabi/10.3.1/thumb/v7e-m/nofp/crti.o
 .bss           0x00000000        0x0 c:/program files (x86)/gnu arm embedded toolchain/10 2021.10/bin/../lib/gcc/arm-none-eabi/10.3.1/thumb/v7e-m/nofp/crti.o
 .text          0x00000000       0x40 c:/program files (x86)/gnu arm embedded toolchain/10 2021.10/bin/../lib/gcc/arm-none-eabi/10.3.1/thumb/v7e-m/nofp/crtbegin.o
 .data          0x00000000        0x4 c:/program files (x86)/gnu arm embedded toolchain/10 2021.10/bin/../lib/gcc/arm-none-eabi/10.3.1/thumb/v7e-m/nofp/crtbegin.o
 .bss           0x00000000       0x1c c:/program files (x86)/gnu arm embedded toolchain/10 2021.10/bin/../lib/gcc/arm-none-eabi/10.3.1/thumb/v7e-m/nofp/crtbegin.o
 .rodata        0x00000000       0x24 c:/program files (x86)/gnu arm embedded toolchain/10 2021.10/bin/../lib/gcc/arm-none-eabi/10.3.1/thumb/v7e-m/nofp/crtbegin.o
 .init_array    0x00000000        0x4 c:/program files (x86)/gnu arm embedded toolchain/10 2021.10/bin/../lib/gcc/arm-none-eabi/10.3.1/thumb/v7e-m/nofp/crtbegin.o
 .fini_array    0x00000000        0x4 c:/program files (x86)/gnu arm embedded toolchain/10 2021.10/bin/../lib/gcc/arm-none-eabi/10.3.1/thumb/v7e-m/nofp/crtbegin.o
 .eh_frame      0x00000000        0x0 c:/program files (x86)/gnu arm embedded toolchain/10 2021.10/bin/../lib/gcc/arm-none-eabi/10.3.1/thumb/v7e-m/nofp/crtbegin.o
 .ARM.attributes
                0x00000000       0x2e c:/program files (x86)/gnu arm embedded toolchain/10 2021.10/bin/../lib/gcc/arm-none-eabi/10.3.1/thumb/v7e-m/nofp/crtbegin.o
 .text          0x00000000       0x7c c:/program files (x86)/gnu arm embedded toolchain/10 2021.10/bin/../lib/gcc/arm-none-eabi/10.3.1/../../../../arm-none-eabi/lib/thumb/v7e-m/nofp/crt0.o
 .data          0x00000000        0x0 c:/program files (x86)/gnu arm embedded toolchain/10 2021.10/bin/../lib/gcc/arm-none-eabi/10.3.1/../../../../arm-none-eabi/lib/thumb/v7e-m/nofp/crt0.o
 .bss           0x00000000        0x0 c:/program files (x86)/gnu arm embedded toolchain/10 2021.10/bin/../lib/gcc/arm-none-eabi/10.3.1/../../../../arm-none-eabi/lib/thumb/v7e-m/nofp/crt0.o
 .ARM.extab     0x00000000        0x0 c:/program files (x86)/gnu arm embedded toolchain/10 2021.10/bin/../lib/gcc/arm-none-eabi/10.3.1/../../../../arm-none-eabi/lib/thumb/v7e-m/nofp/crt0.o
 .ARM.exidx     0x00000000       0x10 c:/program files (x86)/gnu arm embedded toolchain/10 2021.10/bin/../lib/gcc/arm-none-eabi/10.3.1/../../../../arm-none-eabi/lib/thumb/v7e-m/nofp/crt0.o
 .ARM.attributes
                0x00000000       0x1c c:/program files (x86)/gnu arm embedded toolchain/10 2021.10/bin/../lib/gcc/arm-none-eabi/10.3.1/../../../../arm-none-eabi/lib/thumb/v7e-m/nofp/crt0.o
 .text          0x00000000        0x0 Drivers/GPIO_cpp/src/gpio.o
 .data          0x00000000        0x0 Drivers/GPIO_cpp/src/gpio.o
 .bss           0x00000000        0x0 Drivers/GPIO_cpp/src/gpio.o
 .text._ZN4GPIOC2E13port_NameTypeP12GPIO_TypeDefP16GPIO_InitTypeDef
                0x00000000      0x178 Drivers/GPIO_cpp/src/gpio.o
 .text._ZN4GPIO16LIB_GPIO_ReadPinEt
                0x00000000       0x10 Drivers/GPIO_cpp/src/gpio.o
 .text._ZN4GPIO17LIB_GPIO_WritePinEt13GPIO_PinState
                0x00000000        0xc Drivers/GPIO_cpp/src/gpio.o
 .text._ZN4GPIO18LIB_GPIO_TogglePinEt
                0x00000000        0xc Drivers/GPIO_cpp/src/gpio.o
 .text._Z17__GPIO_PIN_Paramsmmmmm
                0x00000000       0x10 Drivers/GPIO_cpp/src/gpio.o
 .text._ZNK4GPIO26__LIB_RCC_GPIOA_CLK_ENABLEEv
                0x00000000       0x10 Drivers/GPIO_cpp/src/gpio.o
 .text._ZNK4GPIO26__LIB_RCC_GPIOB_CLK_ENABLEEv
                0x00000000       0x10 Drivers/GPIO_cpp/src/gpio.o
 .text._ZNK4GPIO26__LIB_RCC_GPIOC_CLK_ENABLEEv
                0x00000000       0x10 Drivers/GPIO_cpp/src/gpio.o
 .text._ZNK4GPIO26__LIB_RCC_GPIOD_CLK_ENABLEEv
                0x00000000       0x10 Drivers/GPIO_cpp/src/gpio.o
 .text._ZNK4GPIO26__LIB_RCC_GPIOE_CLK_ENABLEEv
                0x00000000       0x10 Drivers/GPIO_cpp/src/gpio.o
 .text._ZNK4GPIO26__LIB_RCC_GPIOF_CLK_ENABLEEv
                0x00000000       0x10 Drivers/GPIO_cpp/src/gpio.o
 .text._ZNK4GPIO26__LIB_RCC_GPIOG_CLK_ENABLEEv
                0x00000000       0x10 Drivers/GPIO_cpp/src/gpio.o
 .text._ZNK4GPIO26__LIB_RCC_GPIOH_CLK_ENABLEEv
                0x00000000       0x10 Drivers/GPIO_cpp/src/gpio.o
 .debug_info    0x00000000      0xb13 Drivers/GPIO_cpp/src/gpio.o
 .debug_abbrev  0x00000000      0x2a3 Drivers/GPIO_cpp/src/gpio.o
 .debug_loc     0x00000000      0x36d Drivers/GPIO_cpp/src/gpio.o
 .debug_aranges
                0x00000000       0x80 Drivers/GPIO_cpp/src/gpio.o
 .debug_ranges  0x00000000       0x90 Drivers/GPIO_cpp/src/gpio.o
 .debug_line    0x00000000      0x510 Drivers/GPIO_cpp/src/gpio.o
 .debug_str     0x00000000      0x851 Drivers/GPIO_cpp/src/gpio.o
 .comment       0x00000000       0x4a Drivers/GPIO_cpp/src/gpio.o
 .debug_frame   0x00000000       0xf8 Drivers/GPIO_cpp/src/gpio.o
 .ARM.attributes
                0x00000000       0x2e Drivers/GPIO_cpp/src/gpio.o
 .text          0x00000000        0x0 Drivers/PWM_cpp/src/main.o
 .data          0x00000000        0x0 Drivers/PWM_cpp/src/main.o
 .bss           0x00000000        0x0 Drivers/PWM_cpp/src/main.o
 .text._Z8delay_fni
                0x00000000       0x1c Drivers/PWM_cpp/src/main.o
 .text          0x00000000        0x0 Drivers/PWM_cpp/src/pwm.o
 .data          0x00000000        0x0 Drivers/PWM_cpp/src/pwm.o
 .bss           0x00000000        0x0 Drivers/PWM_cpp/src/pwm.o
 .text._ZN3PWM10Timer_InitEP11TIM_TypeDefP11RCC_TypeDef
                0x00000000       0x78 Drivers/PWM_cpp/src/pwm.o
 .text._ZN3PWM13Configure_PWMEP11TIM_TypeDef21PWM_Prescaler_TypeDefm
                0x00000000       0x5c Drivers/PWM_cpp/src/pwm.o
 .text._ZN3PWM12GetDutyCycleEP11TIM_TypeDef19PWM_Channel_TypeDef
                0x00000000       0x24 Drivers/PWM_cpp/src/pwm.o
 .data          0x00000000        0x0 Drivers/PWM_cpp/src/startup.o
 .bss           0x00000000        0x0 Drivers/PWM_cpp/src/startup.o
 .text          0x00000000       0x10 Drivers/PWM_cpp/src/system_stm32f4xx.o
 .data          0x00000000        0x4 Drivers/PWM_cpp/src/system_stm32f4xx.o
 .bss           0x00000000        0x0 Drivers/PWM_cpp/src/system_stm32f4xx.o
 .debug_info    0x00000000       0xb0 Drivers/PWM_cpp/src/system_stm32f4xx.o
 .debug_abbrev  0x00000000       0x75 Drivers/PWM_cpp/src/system_stm32f4xx.o
 .debug_aranges
                0x00000000       0x20 Drivers/PWM_cpp/src/system_stm32f4xx.o
 .debug_line    0x00000000      0x171 Drivers/PWM_cpp/src/system_stm32f4xx.o
 .debug_str     0x00000000      0x163 Drivers/PWM_cpp/src/system_stm32f4xx.o
 .comment       0x00000000       0x4a Drivers/PWM_cpp/src/system_stm32f4xx.o
 .debug_frame   0x00000000       0x20 Drivers/PWM_cpp/src/system_stm32f4xx.o
 .ARM.attributes
                0x00000000       0x2e Drivers/PWM_cpp/src/system_stm32f4xx.o
 .text          0x00000000        0x0 Drivers/UART_cpp/src/uart.o
 .data          0x00000000        0x0 Drivers/UART_cpp/src/uart.o
 .bss           0x00000000        0x0 Drivers/UART_cpp/src/uart.o
 .text._ZN7UARTComC2E12UART_COMType17UART_BaudRateType
                0x00000000       0xd0 Drivers/UART_cpp/src/uart.o
 .text._ZN7UARTCom13USART_2_WriteEi
                0x00000000       0x14 Drivers/UART_cpp/src/uart.o
 .text._ZN7UARTCom12USART_2_ReadEv
                0x00000000       0x14 Drivers/UART_cpp/src/uart.o
 .text._ZNK7UARTCom10getComTypeEv
                0x00000000        0x4 Drivers/UART_cpp/src/uart.o
 .text._ZNK7UARTCom11getBaudRateEv
                0x00000000        0x4 Drivers/UART_cpp/src/uart.o
 .debug_info    0x00000000      0x379 Drivers/UART_cpp/src/uart.o
 .debug_abbrev  0x00000000      0x1b7 Drivers/UART_cpp/src/uart.o
 .debug_loc     0x00000000      0x153 Drivers/UART_cpp/src/uart.o
 .debug_aranges
                0x00000000       0x40 Drivers/UART_cpp/src/uart.o
 .debug_ranges  0x00000000       0x30 Drivers/UART_cpp/src/uart.o
 .debug_line    0x00000000      0x278 Drivers/UART_cpp/src/uart.o
 .debug_str     0x00000000      0x389 Drivers/UART_cpp/src/uart.o
 .comment       0x00000000       0x4a Drivers/UART_cpp/src/uart.o
 .debug_frame   0x00000000       0x6c Drivers/UART_cpp/src/uart.o
 .ARM.attributes
                0x00000000       0x2e Drivers/UART_cpp/src/uart.o
 .text          0x00000000        0x0 c:/program files (x86)/gnu arm embedded toolchain/10 2021.10/bin/../lib/gcc/arm-none-eabi/10.3.1/../../../../arm-none-eabi/lib/thumb/v7e-m/nofp\libg_nano.a(lib_a-exit.o)
 .data          0x00000000        0x0 c:/program files (x86)/gnu arm embedded toolchain/10 2021.10/bin/../lib/gcc/arm-none-eabi/10.3.1/../../../../arm-none-eabi/lib/thumb/v7e-m/nofp\libg_nano.a(lib_a-exit.o)
 .bss           0x00000000        0x0 c:/program files (x86)/gnu arm embedded toolchain/10 2021.10/bin/../lib/gcc/arm-none-eabi/10.3.1/../../../../arm-none-eabi/lib/thumb/v7e-m/nofp\libg_nano.a(lib_a-exit.o)
 .text.exit     0x00000000       0x28 c:/program files (x86)/gnu arm embedded toolchain/10 2021.10/bin/../lib/gcc/arm-none-eabi/10.3.1/../../../../arm-none-eabi/lib/thumb/v7e-m/nofp\libg_nano.a(lib_a-exit.o)
 .debug_frame   0x00000000       0x28 c:/program files (x86)/gnu arm embedded toolchain/10 2021.10/bin/../lib/gcc/arm-none-eabi/10.3.1/../../../../arm-none-eabi/lib/thumb/v7e-m/nofp\libg_nano.a(lib_a-exit.o)
 .ARM.attributes
                0x00000000       0x2e c:/program files (x86)/gnu arm embedded toolchain/10 2021.10/bin/../lib/gcc/arm-none-eabi/10.3.1/../../../../arm-none-eabi/lib/thumb/v7e-m/nofp\libg_nano.a(lib_a-exit.o)
 .text          0x00000000        0x0 c:/program files (x86)/gnu arm embedded toolchain/10 2021.10/bin/../lib/gcc/arm-none-eabi/10.3.1/../../../../arm-none-eabi/lib/thumb/v7e-m/nofp\libg_nano.a(lib_a-impure.o)
 .data          0x00000000        0x0 c:/program files (x86)/gnu arm embedded toolchain/10 2021.10/bin/../lib/gcc/arm-none-eabi/10.3.1/../../../../arm-none-eabi/lib/thumb/v7e-m/nofp\libg_nano.a(lib_a-impure.o)
 .bss           0x00000000        0x0 c:/program files (x86)/gnu arm embedded toolchain/10 2021.10/bin/../lib/gcc/arm-none-eabi/10.3.1/../../../../arm-none-eabi/lib/thumb/v7e-m/nofp\libg_nano.a(lib_a-impure.o)
 .data._impure_ptr
                0x00000000        0x4 c:/program files (x86)/gnu arm embedded toolchain/10 2021.10/bin/../lib/gcc/arm-none-eabi/10.3.1/../../../../arm-none-eabi/lib/thumb/v7e-m/nofp\libg_nano.a(lib_a-impure.o)
 .data.impure_data
                0x00000000       0x60 c:/program files (x86)/gnu arm embedded toolchain/10 2021.10/bin/../lib/gcc/arm-none-eabi/10.3.1/../../../../arm-none-eabi/lib/thumb/v7e-m/nofp\libg_nano.a(lib_a-impure.o)
 .rodata._global_impure_ptr
                0x00000000        0x4 c:/program files (x86)/gnu arm embedded toolchain/10 2021.10/bin/../lib/gcc/arm-none-eabi/10.3.1/../../../../arm-none-eabi/lib/thumb/v7e-m/nofp\libg_nano.a(lib_a-impure.o)
 .ARM.attributes
                0x00000000       0x2e c:/program files (x86)/gnu arm embedded toolchain/10 2021.10/bin/../lib/gcc/arm-none-eabi/10.3.1/../../../../arm-none-eabi/lib/thumb/v7e-m/nofp\libg_nano.a(lib_a-impure.o)
 .text          0x00000000        0x0 c:/program files (x86)/gnu arm embedded toolchain/10 2021.10/bin/../lib/gcc/arm-none-eabi/10.3.1/../../../../arm-none-eabi/lib/thumb/v7e-m/nofp\libg_nano.a(lib_a-init.o)
 .data          0x00000000        0x0 c:/program files (x86)/gnu arm embedded toolchain/10 2021.10/bin/../lib/gcc/arm-none-eabi/10.3.1/../../../../arm-none-eabi/lib/thumb/v7e-m/nofp\libg_nano.a(lib_a-init.o)
 .bss           0x00000000        0x0 c:/program files (x86)/gnu arm embedded toolchain/10 2021.10/bin/../lib/gcc/arm-none-eabi/10.3.1/../../../../arm-none-eabi/lib/thumb/v7e-m/nofp\libg_nano.a(lib_a-init.o)
 .text.__libc_init_array
                0x00000000       0x48 c:/program files (x86)/gnu arm embedded toolchain/10 2021.10/bin/../lib/gcc/arm-none-eabi/10.3.1/../../../../arm-none-eabi/lib/thumb/v7e-m/nofp\libg_nano.a(lib_a-init.o)
 .debug_frame   0x00000000       0x2c c:/program files (x86)/gnu arm embedded toolchain/10 2021.10/bin/../lib/gcc/arm-none-eabi/10.3.1/../../../../arm-none-eabi/lib/thumb/v7e-m/nofp\libg_nano.a(lib_a-init.o)
 .ARM.attributes
                0x00000000       0x2e c:/program files (x86)/gnu arm embedded toolchain/10 2021.10/bin/../lib/gcc/arm-none-eabi/10.3.1/../../../../arm-none-eabi/lib/thumb/v7e-m/nofp\libg_nano.a(lib_a-init.o)
 .text          0x00000000        0x0 c:/program files (x86)/gnu arm embedded toolchain/10 2021.10/bin/../lib/gcc/arm-none-eabi/10.3.1/../../../../arm-none-eabi/lib/thumb/v7e-m/nofp\libg_nano.a(lib_a-memset.o)
 .data          0x00000000        0x0 c:/program files (x86)/gnu arm embedded toolchain/10 2021.10/bin/../lib/gcc/arm-none-eabi/10.3.1/../../../../arm-none-eabi/lib/thumb/v7e-m/nofp\libg_nano.a(lib_a-memset.o)
 .bss           0x00000000        0x0 c:/program files (x86)/gnu arm embedded toolchain/10 2021.10/bin/../lib/gcc/arm-none-eabi/10.3.1/../../../../arm-none-eabi/lib/thumb/v7e-m/nofp\libg_nano.a(lib_a-memset.o)
 .text.memset   0x00000000       0x10 c:/program files (x86)/gnu arm embedded toolchain/10 2021.10/bin/../lib/gcc/arm-none-eabi/10.3.1/../../../../arm-none-eabi/lib/thumb/v7e-m/nofp\libg_nano.a(lib_a-memset.o)
 .debug_frame   0x00000000       0x20 c:/program files (x86)/gnu arm embedded toolchain/10 2021.10/bin/../lib/gcc/arm-none-eabi/10.3.1/../../../../arm-none-eabi/lib/thumb/v7e-m/nofp\libg_nano.a(lib_a-memset.o)
 .ARM.attributes
                0x00000000       0x2e c:/program files (x86)/gnu arm embedded toolchain/10 2021.10/bin/../lib/gcc/arm-none-eabi/10.3.1/../../../../arm-none-eabi/lib/thumb/v7e-m/nofp\libg_nano.a(lib_a-memset.o)
 .text          0x00000000        0x0 c:/program files (x86)/gnu arm embedded toolchain/10 2021.10/bin/../lib/gcc/arm-none-eabi/10.3.1/../../../../arm-none-eabi/lib/thumb/v7e-m/nofp\libnosys.a(_exit.o)
 .data          0x00000000        0x0 c:/program files (x86)/gnu arm embedded toolchain/10 2021.10/bin/../lib/gcc/arm-none-eabi/10.3.1/../../../../arm-none-eabi/lib/thumb/v7e-m/nofp\libnosys.a(_exit.o)
 .bss           0x00000000        0x0 c:/program files (x86)/gnu arm embedded toolchain/10 2021.10/bin/../lib/gcc/arm-none-eabi/10.3.1/../../../../arm-none-eabi/lib/thumb/v7e-m/nofp\libnosys.a(_exit.o)
 .text._exit    0x00000000        0x4 c:/program files (x86)/gnu arm embedded toolchain/10 2021.10/bin/../lib/gcc/arm-none-eabi/10.3.1/../../../../arm-none-eabi/lib/thumb/v7e-m/nofp\libnosys.a(_exit.o)
 .debug_frame   0x00000000       0x20 c:/program files (x86)/gnu arm embedded toolchain/10 2021.10/bin/../lib/gcc/arm-none-eabi/10.3.1/../../../../arm-none-eabi/lib/thumb/v7e-m/nofp\libnosys.a(_exit.o)
 .ARM.attributes
                0x00000000       0x2e c:/program files (x86)/gnu arm embedded toolchain/10 2021.10/bin/../lib/gcc/arm-none-eabi/10.3.1/../../../../arm-none-eabi/lib/thumb/v7e-m/nofp\libnosys.a(_exit.o)
 .text          0x00000000        0x0 c:/program files (x86)/gnu arm embedded toolchain/10 2021.10/bin/../lib/gcc/arm-none-eabi/10.3.1/thumb/v7e-m/nofp/crtend.o
 .data          0x00000000        0x0 c:/program files (x86)/gnu arm embedded toolchain/10 2021.10/bin/../lib/gcc/arm-none-eabi/10.3.1/thumb/v7e-m/nofp/crtend.o
 .bss           0x00000000        0x0 c:/program files (x86)/gnu arm embedded toolchain/10 2021.10/bin/../lib/gcc/arm-none-eabi/10.3.1/thumb/v7e-m/nofp/crtend.o
 .rodata        0x00000000       0x24 c:/program files (x86)/gnu arm embedded toolchain/10 2021.10/bin/../lib/gcc/arm-none-eabi/10.3.1/thumb/v7e-m/nofp/crtend.o
 .eh_frame      0x00000000        0x4 c:/program files (x86)/gnu arm embedded toolchain/10 2021.10/bin/../lib/gcc/arm-none-eabi/10.3.1/thumb/v7e-m/nofp/crtend.o
 .ARM.attributes
                0x00000000       0x2e c:/program files (x86)/gnu arm embedded toolchain/10 2021.10/bin/../lib/gcc/arm-none-eabi/10.3.1/thumb/v7e-m/nofp/crtend.o
 .text          0x00000000        0x0 c:/program files (x86)/gnu arm embedded toolchain/10 2021.10/bin/../lib/gcc/arm-none-eabi/10.3.1/thumb/v7e-m/nofp/crtn.o
 .data          0x00000000        0x0 c:/program files (x86)/gnu arm embedded toolchain/10 2021.10/bin/../lib/gcc/arm-none-eabi/10.3.1/thumb/v7e-m/nofp/crtn.o
 .bss           0x00000000        0x0 c:/program files (x86)/gnu arm embedded toolchain/10 2021.10/bin/../lib/gcc/arm-none-eabi/10.3.1/thumb/v7e-m/nofp/crtn.o
 .init          0x00000000        0x8 c:/program files (x86)/gnu arm embedded toolchain/10 2021.10/bin/../lib/gcc/arm-none-eabi/10.3.1/thumb/v7e-m/nofp/crtn.o
 .fini          0x00000000        0x8 c:/program files (x86)/gnu arm embedded toolchain/10 2021.10/bin/../lib/gcc/arm-none-eabi/10.3.1/thumb/v7e-m/nofp/crtn.o
 .ARM.attributes
                0x00000000       0x1e c:/program files (x86)/gnu arm embedded toolchain/10 2021.10/bin/../lib/gcc/arm-none-eabi/10.3.1/thumb/v7e-m/nofp/crtn.o

Memory Configuration

Name             Origin             Length             Attributes
FLASH            0x08000000         0x00100000         xr
RAM              0x20000000         0x00020000         xrw
*default*        0x00000000         0xffffffff

Linker script and memory map

LOAD c:/program files (x86)/gnu arm embedded toolchain/10 2021.10/bin/../lib/gcc/arm-none-eabi/10.3.1/thumb/v7e-m/nofp/crti.o
LOAD c:/program files (x86)/gnu arm embedded toolchain/10 2021.10/bin/../lib/gcc/arm-none-eabi/10.3.1/thumb/v7e-m/nofp/crtbegin.o
LOAD c:/program files (x86)/gnu arm embedded toolchain/10 2021.10/bin/../lib/gcc/arm-none-eabi/10.3.1/../../../../arm-none-eabi/lib/thumb/v7e-m/nofp/crt0.o
LOAD Drivers/GPIO_cpp/src/gpio.o
LOAD Drivers/PWM_cpp/src/main.o
LOAD Drivers/PWM_cpp/src/pwm.o
LOAD Drivers/PWM_cpp/src/startup.o
LOAD Drivers/PWM_cpp/src/system_stm32f4xx.o
LOAD Drivers/UART_cpp/src/uart.o
LOAD c:/program files (x86)/gnu arm embedded toolchain/10 2021.10/bin/../lib/gcc/arm-none-eabi/10.3.1/../../../../arm-none-eabi/lib/thumb/v7e-m/nofp\libstdc++_nano.a
LOAD c:/program files (x86)/gnu arm embedded toolchain/10 2021.10/bin/../lib/gcc/arm-none-eabi/10.3.1/../../../../arm-none-eabi/lib/thumb/v7e-m/nofp\libm.a
START GROUP
LOAD c:/program files (x86)/gnu arm embedded toolchain/10 2021.10/bin/../lib/gcc/arm-none-eabi/10.3.1/thumb/v7e-m/nofp\libgcc.a
LOAD c:/program files (x86)/gnu arm embedded toolchain/10 2021.10/bin/../lib/gcc/arm-none-eabi/10.3.1/../../../../arm-none-eabi/lib/thumb/v7e-m/nofp\libg_nano.a
LOAD c:/program files (x86)/gnu arm embedded toolchain/10 2021.10/bin/../lib/gcc/arm-none-eabi/10.3.1/../../../../arm-none-eabi/lib/thumb/v7e-m/nofp\libc_nano.a
END GROUP
START GROUP
LOAD c:/program files (x86)/gnu arm embedded toolchain/10 2021.10/bin/../lib/gcc/arm-none-eabi/10.3.1/thumb/v7e-m/nofp\libgcc.a
LOAD c:/program files (x86)/gnu arm embedded toolchain/10 2021.10/bin/../lib/gcc/arm-none-eabi/10.3.1/../../../../arm-none-eabi/lib/thumb/v7e-m/nofp\libc_nano.a
LOAD c:/program files (x86)/gnu arm embedded toolchain/10 2021.10/bin/../lib/gcc/arm-none-eabi/10.3.1/../../../../arm-none-eabi/lib/thumb/v7e-m/nofp\libnosys.a
END GROUP
START GROUP
LOAD c:/program files (x86)/gnu arm embedded toolchain/10 2021.10/bin/../lib/gcc/arm-none-eabi/10.3.1/thumb/v7e-m/nofp\libgcc.a
LOAD c:/program files (x86)/gnu arm embedded toolchain/10 2021.10/bin/../lib/gcc/arm-none-eabi/10.3.1/../../../../arm-none-eabi/lib/thumb/v7e-m/nofp\libc_nano.a
LOAD c:/program files (x86)/gnu arm embedded toolchain/10 2021.10/bin/../lib/gcc/arm-none-eabi/10.3.1/../../../../arm-none-eabi/lib/thumb/v7e-m/nofp\libnosys.a
END GROUP
LOAD c:/program files (x86)/gnu arm embedded toolchain/10 2021.10/bin/../lib/gcc/arm-none-eabi/10.3.1/thumb/v7e-m/nofp/crtend.o
LOAD c:/program files (x86)/gnu arm embedded toolchain/10 2021.10/bin/../lib/gcc/arm-none-eabi/10.3.1/thumb/v7e-m/nofp/crtn.o

.isr_vector     0x08000000       0x40
 *(.isr_vector)
 .isr_vector    0x08000000       0x40 Drivers/PWM_cpp/src/startup.o
                0x08000000                vector_table

.text           0x08000040      0x174
 *(.text*)
 .text.startup.main
                0x08000040       0x68 Drivers/PWM_cpp/src/main.o
                0x08000040                main
 .text._ZN3PWMC2EP11TIM_TypeDef21PWM_Prescaler_TypeDefm
                0x080000a8       0xd8 Drivers/PWM_cpp/src/pwm.o
                0x080000a8                PWM::PWM(TIM_TypeDef*, PWM_Prescaler_TypeDef, unsigned long)
                0x080000a8                PWM::PWM(TIM_TypeDef*, PWM_Prescaler_TypeDef, unsigned long)
 .text._ZN3PWM12SetDutyCycleEP11TIM_TypeDef19PWM_Channel_TypeDef17dutyCycle_TypeDef
                0x08000180       0x20 Drivers/PWM_cpp/src/pwm.o
                0x08000180                PWM::SetDutyCycle(TIM_TypeDef*, PWM_Channel_TypeDef, dutyCycle_TypeDef)
 .text          0x080001a0        0xc Drivers/PWM_cpp/src/startup.o
                0x080001a0                Default_Handler
                0x080001a4                Reset_Handler
 *(.rodata*)
 *(.glue_7)
 .glue_7        0x080001ac        0x0 linker stubs
 *(.glue_7t)
 .glue_7t       0x080001ac        0x0 linker stubs
 *(.init)
 .init          0x080001ac        0x4 c:/program files (x86)/gnu arm embedded toolchain/10 2021.10/bin/../lib/gcc/arm-none-eabi/10.3.1/thumb/v7e-m/nofp/crti.o
                0x080001ac                _init
 *(.fini)
 .fini          0x080001b0        0x4 c:/program files (x86)/gnu arm embedded toolchain/10 2021.10/bin/../lib/gcc/arm-none-eabi/10.3.1/thumb/v7e-m/nofp/crti.o
                0x080001b0                _fini

.vfp11_veneer   0x080001b4        0x0
 .vfp11_veneer  0x080001b4        0x0 linker stubs

.v4_bx          0x080001b4        0x0
 .v4_bx         0x080001b4        0x0 linker stubs

.iplt           0x080001b4        0x0
 .iplt          0x080001b4        0x0 Drivers/PWM_cpp/src/main.o

.rel.dyn        0x080001b4        0x0
 .rel.iplt      0x080001b4        0x0 Drivers/PWM_cpp/src/main.o

.ARM.extab
 *(.ARM.extab* .gnu.linkonce.armextab.*)

.ARM.exidx      0x080001b4        0x0
                0x080001b4                __exidx_start = .
 *(.ARM.exidx*)
                0x080001b4                __exidx_end = .
                0x080001b4                __etext = .

.data           0x20000000        0x0 load address 0x080001b4
                0x20000000                __data_start__ = .
 *(.data*)
                0x20000000                __data_end__ = .

.igot.plt       0x20000000        0x0
 .igot.plt      0x20000000        0x0 Drivers/PWM_cpp/src/main.o

.bss            0x20000000        0x0
                0x20000000                __bss_start__ = .
 *(.bss*)
 *(COMMON)
                0x20000000                __bss_end__ = .
                0x20000000                _end = .
                0x20000000                end = .
                0x20000000                __end__ = .

.stack          0x20000000      0x400
                0x20000000                . = ALIGN (0x8)
                0x20000000                _stack = .
                0x20000400                . = (. + 0x400)
 *fill*         0x20000000      0x400 
OUTPUT(Drivers/PWM_cpp/main.elf elf32-littlearm)
LOAD linker stubs

.ARM.attributes
                0x00000000       0x2a
 .ARM.attributes
                0x00000000       0x1e c:/program files (x86)/gnu arm embedded toolchain/10 2021.10/bin/../lib/gcc/arm-none-eabi/10.3.1/thumb/v7e-m/nofp/crti.o
 .ARM.attributes
                0x0000001e       0x2e Drivers/PWM_cpp/src/main.o
 .ARM.attributes
                0x0000004c       0x2e Drivers/PWM_cpp/src/pwm.o
 .ARM.attributes
                0x0000007a       0x2e Drivers/PWM_cpp/src/startup.o

.comment        0x00000000       0x49
 .comment       0x00000000       0x49 Drivers/PWM_cpp/src/main.o
                                 0x4a (size before relaxing)
 .comment       0x00000049       0x4a Drivers/PWM_cpp/src/pwm.o
 .comment       0x00000049       0x4a Drivers/PWM_cpp/src/startup.o

.debug_info     0x00000000      0xf92
 .debug_info    0x00000000      0x671 Drivers/PWM_cpp/src/main.o
 .debug_info    0x00000671      0x82c Drivers/PWM_cpp/src/pwm.o
 .debug_info    0x00000e9d       0xf5 Drivers/PWM_cpp/src/startup.o

.debug_abbrev   0x00000000      0x513
 .debug_abbrev  0x00000000      0x21a Drivers/PWM_cpp/src/main.o
 .debug_abbrev  0x0000021a      0x230 Drivers/PWM_cpp/src/pwm.o
 .debug_abbrev  0x0000044a       0xc9 Drivers/PWM_cpp/src/startup.o

.debug_loc      0x00000000      0x4a7
 .debug_loc     0x00000000       0x1a Drivers/PWM_cpp/src/main.o
 .debug_loc     0x0000001a      0x48d Drivers/PWM_cpp/src/pwm.o

.debug_aranges  0x00000000       0x88
 .debug_aranges
                0x00000000       0x28 Drivers/PWM_cpp/src/main.o
 .debug_aranges
                0x00000028       0x40 Drivers/PWM_cpp/src/pwm.o
 .debug_aranges
                0x00000068       0x20 Drivers/PWM_cpp/src/startup.o

.debug_ranges   0x00000000      0x118
 .debug_ranges  0x00000000       0x60 Drivers/PWM_cpp/src/main.o
 .debug_ranges  0x00000060       0xb8 Drivers/PWM_cpp/src/pwm.o

.debug_line     0x00000000      0x779
 .debug_line    0x00000000      0x246 Drivers/PWM_cpp/src/main.o
 .debug_line    0x00000246      0x3c0 Drivers/PWM_cpp/src/pwm.o
 .debug_line    0x00000606      0x173 Drivers/PWM_cpp/src/startup.o

.debug_str      0x00000000      0x6ed
 .debug_str     0x00000000      0x5d0 Drivers/PWM_cpp/src/main.o
                                0x699 (size before relaxing)
 .debug_str     0x000005d0       0x75 Drivers/PWM_cpp/src/pwm.o
                                0x6cf (size before relaxing)
 .debug_str     0x00000645       0xa8 Drivers/PWM_cpp/src/startup.o
                                0x16f (size before relaxing)

.debug_frame    0x00000000       0xe8
 .debug_frame   0x00000000       0x40 Drivers/PWM_cpp/src/main.o
 .debug_frame   0x00000040       0x70 Drivers/PWM_cpp/src/pwm.o
 .debug_frame   0x000000b0       0x38 Drivers/PWM_cpp/src/startup.o
