Archive member included to satisfy reference by file (symbol)

/Applications/ARM/bin/../lib/gcc/arm-none-eabi/10.3.1/../../../../arm-none-eabi/lib/thumb/v7e-m/nofp/libstdc++_nano.a(del_ops.o)
                              Projects/LED_Blink_cpp/src/led.o (operator delete(void*, unsigned int))
/Applications/ARM/bin/../lib/gcc/arm-none-eabi/10.3.1/../../../../arm-none-eabi/lib/thumb/v7e-m/nofp/libstdc++_nano.a(new_op.o)
                              Projects/LED_Blink_cpp/src/main.o (operator new(unsigned int))
/Applications/ARM/bin/../lib/gcc/arm-none-eabi/10.3.1/../../../../arm-none-eabi/lib/thumb/v7e-m/nofp/libstdc++_nano.a(del_op.o)
                              /Applications/ARM/bin/../lib/gcc/arm-none-eabi/10.3.1/../../../../arm-none-eabi/lib/thumb/v7e-m/nofp/libstdc++_nano.a(del_ops.o) (operator delete(void*))
/Applications/ARM/bin/../lib/gcc/arm-none-eabi/10.3.1/../../../../arm-none-eabi/lib/thumb/v7e-m/nofp/libstdc++_nano.a(new_handler.o)
                              /Applications/ARM/bin/../lib/gcc/arm-none-eabi/10.3.1/../../../../arm-none-eabi/lib/thumb/v7e-m/nofp/libstdc++_nano.a(new_op.o) (std::get_new_handler())
/Applications/ARM/bin/../lib/gcc/arm-none-eabi/10.3.1/../../../../arm-none-eabi/lib/thumb/v7e-m/nofp/libg_nano.a(lib_a-abort.o)
                              /Applications/ARM/bin/../lib/gcc/arm-none-eabi/10.3.1/../../../../arm-none-eabi/lib/thumb/v7e-m/nofp/libstdc++_nano.a(new_op.o) (abort)
/Applications/ARM/bin/../lib/gcc/arm-none-eabi/10.3.1/../../../../arm-none-eabi/lib/thumb/v7e-m/nofp/libg_nano.a(lib_a-exit.o)
                              /Applications/ARM/bin/../lib/gcc/arm-none-eabi/10.3.1/../../../../arm-none-eabi/lib/thumb/v7e-m/nofp/crt0.o (exit)
/Applications/ARM/bin/../lib/gcc/arm-none-eabi/10.3.1/../../../../arm-none-eabi/lib/thumb/v7e-m/nofp/libg_nano.a(lib_a-impure.o)
                              /Applications/ARM/bin/../lib/gcc/arm-none-eabi/10.3.1/../../../../arm-none-eabi/lib/thumb/v7e-m/nofp/libg_nano.a(lib_a-exit.o) (_global_impure_ptr)
/Applications/ARM/bin/../lib/gcc/arm-none-eabi/10.3.1/../../../../arm-none-eabi/lib/thumb/v7e-m/nofp/libg_nano.a(lib_a-init.o)
                              /Applications/ARM/bin/../lib/gcc/arm-none-eabi/10.3.1/../../../../arm-none-eabi/lib/thumb/v7e-m/nofp/crt0.o (__libc_init_array)
/Applications/ARM/bin/../lib/gcc/arm-none-eabi/10.3.1/../../../../arm-none-eabi/lib/thumb/v7e-m/nofp/libg_nano.a(lib_a-malloc.o)
                              /Applications/ARM/bin/../lib/gcc/arm-none-eabi/10.3.1/../../../../arm-none-eabi/lib/thumb/v7e-m/nofp/libstdc++_nano.a(new_op.o) (malloc)
/Applications/ARM/bin/../lib/gcc/arm-none-eabi/10.3.1/../../../../arm-none-eabi/lib/thumb/v7e-m/nofp/libg_nano.a(lib_a-memcpy-stub.o)
                              Projects/LED_Blink_cpp/src/startup.o (memcpy)
/Applications/ARM/bin/../lib/gcc/arm-none-eabi/10.3.1/../../../../arm-none-eabi/lib/thumb/v7e-m/nofp/libg_nano.a(lib_a-memset.o)
                              /Applications/ARM/bin/../lib/gcc/arm-none-eabi/10.3.1/../../../../arm-none-eabi/lib/thumb/v7e-m/nofp/crt0.o (memset)
/Applications/ARM/bin/../lib/gcc/arm-none-eabi/10.3.1/../../../../arm-none-eabi/lib/thumb/v7e-m/nofp/libg_nano.a(lib_a-nano-freer.o)
                              /Applications/ARM/bin/../lib/gcc/arm-none-eabi/10.3.1/../../../../arm-none-eabi/lib/thumb/v7e-m/nofp/libg_nano.a(lib_a-malloc.o) (_free_r)
/Applications/ARM/bin/../lib/gcc/arm-none-eabi/10.3.1/../../../../arm-none-eabi/lib/thumb/v7e-m/nofp/libg_nano.a(lib_a-nano-mallocr.o)
                              /Applications/ARM/bin/../lib/gcc/arm-none-eabi/10.3.1/../../../../arm-none-eabi/lib/thumb/v7e-m/nofp/libg_nano.a(lib_a-malloc.o) (_malloc_r)
/Applications/ARM/bin/../lib/gcc/arm-none-eabi/10.3.1/../../../../arm-none-eabi/lib/thumb/v7e-m/nofp/libg_nano.a(lib_a-printf.o)
                              Projects/LED_Blink_cpp/src/led.o (printf)
/Applications/ARM/bin/../lib/gcc/arm-none-eabi/10.3.1/../../../../arm-none-eabi/lib/thumb/v7e-m/nofp/libg_nano.a(lib_a-sbrkr.o)
                              /Applications/ARM/bin/../lib/gcc/arm-none-eabi/10.3.1/../../../../arm-none-eabi/lib/thumb/v7e-m/nofp/libg_nano.a(lib_a-nano-mallocr.o) (_sbrk_r)
/Applications/ARM/bin/../lib/gcc/arm-none-eabi/10.3.1/../../../../arm-none-eabi/lib/thumb/v7e-m/nofp/libg_nano.a(lib_a-signal.o)
                              /Applications/ARM/bin/../lib/gcc/arm-none-eabi/10.3.1/../../../../arm-none-eabi/lib/thumb/v7e-m/nofp/libg_nano.a(lib_a-abort.o) (raise)
/Applications/ARM/bin/../lib/gcc/arm-none-eabi/10.3.1/../../../../arm-none-eabi/lib/thumb/v7e-m/nofp/libg_nano.a(lib_a-signalr.o)
                              /Applications/ARM/bin/../lib/gcc/arm-none-eabi/10.3.1/../../../../arm-none-eabi/lib/thumb/v7e-m/nofp/libg_nano.a(lib_a-signal.o) (_kill_r)
/Applications/ARM/bin/../lib/gcc/arm-none-eabi/10.3.1/../../../../arm-none-eabi/lib/thumb/v7e-m/nofp/libg_nano.a(lib_a-findfp.o)
[...]
Memory Configuration

Name             Origin             Length             Attributes
FLASH            0x0000000008000000 0x0000000000100000 xr
RAM              0x0000000020000000 0x0000000000020000 xrw
*default*        0x0000000000000000 0xffffffffffffffff

Linker script and memory map

LOAD /Applications/ARM/bin/../lib/gcc/arm-none-eabi/10.3.1/thumb/v7e-m/nofp/crti.o
LOAD /Applications/ARM/bin/../lib/gcc/arm-none-eabi/10.3.1/thumb/v7e-m/nofp/crtbegin.o
LOAD /Applications/ARM/bin/../lib/gcc/arm-none-eabi/10.3.1/../../../../arm-none-eabi/lib/thumb/v7e-m/nofp/crt0.o
LOAD Projects/LED_Blink_cpp/src/startup.o
LOAD Projects/LED_Blink_cpp/src/system_stm32f4xx.o
LOAD Projects/LED_Blink_cpp/src/led.o
LOAD Projects/LED_Blink_cpp/src/main.o
LOAD Projects/LED_Blink_cpp/src/medicalLED.o
LOAD Projects/LED_Blink_cpp/src/powerLed.o
LOAD /Applications/ARM/bin/../lib/gcc/arm-none-eabi/10.3.1/../../../../arm-none-eabi/lib/thumb/v7e-m/nofp/libstdc++_nano.a
LOAD /Applications/ARM/bin/../lib/gcc/arm-none-eabi/10.3.1/../../../../arm-none-eabi/lib/thumb/v7e-m/nofp/libm.a
START GROUP
LOAD /Applications/ARM/bin/../lib/gcc/arm-none-eabi/10.3.1/thumb/v7e-m/nofp/libgcc.a
LOAD /Applications/ARM/bin/../lib/gcc/arm-none-eabi/10.3.1/../../../../arm-none-eabi/lib/thumb/v7e-m/nofp/libg_nano.a
LOAD /Applications/ARM/bin/../lib/gcc/arm-none-eabi/10.3.1/../../../../arm-none-eabi/lib/thumb/v7e-m/nofp/libc_nano.a
END GROUP
START GROUP
LOAD /Applications/ARM/bin/../lib/gcc/arm-none-eabi/10.3.1/thumb/v7e-m/nofp/libgcc.a
LOAD /Applications/ARM/bin/../lib/gcc/arm-none-eabi/10.3.1/../../../../arm-none-eabi/lib/thumb/v7e-m/nofp/libc_nano.a
LOAD /Applications/ARM/bin/../lib/gcc/arm-none-eabi/10.3.1/../../../../arm-none-eabi/lib/thumb/v7e-m/nofp/libnosys.a
END GROUP
START GROUP
LOAD /Applications/ARM/bin/../lib/gcc/arm-none-eabi/10.3.1/thumb/v7e-m/nofp/libgcc.a
LOAD /Applications/ARM/bin/../lib/gcc/arm-none-eabi/10.3.1/../../../../arm-none-eabi/lib/thumb/v7e-m/nofp/libc_nano.a
LOAD /Applications/ARM/bin/../lib/gcc/arm-none-eabi/10.3.1/../../../../arm-none-eabi/lib/thumb/v7e-m/nofp/libnosys.a
END GROUP
LOAD /Applications/ARM/bin/../lib/gcc/arm-none-eabi/10.3.1/thumb/v7e-m/nofp/crtend.o
LOAD /Applications/ARM/bin/../lib/gcc/arm-none-eabi/10.3.1/thumb/v7e-m/nofp/crtn.o

.isr_vector     0x0000000008000000       0x40
 *(.isr_vector)
 .isr_vector    0x0000000008000000       0x40 Projects/LED_Blink_cpp/src/startup.o
                0x0000000008000000                vector_table

.text           0x0000000008000040     0x1980
                0x0000000008000040                . = ALIGN (0x4)
 *(.text*)
 .text          0x0000000008000040       0x40 /Applications/ARM/bin/../lib/gcc/arm-none-eabi/10.3.1/thumb/v7e-m/nofp/crtbegin.o
 .text.Default_Handler
                0x0000000008000080        0x4 Projects/LED_Blink_cpp/src/startup.o
                0x0000000008000080                Default_Handler
 .text.Reset_Handler
                0x0000000008000084       0x54 Projects/LED_Blink_cpp/src/startup.o
                0x0000000008000084                Reset_Handler
 .text          0x00000000080000d8        0x4 Projects/LED_Blink_cpp/src/system_stm32f4xx.o
                0x00000000080000d8                SystemInit
 .text._ZNK3LED17computeEfficiencyEv
                0x00000000080000dc        0x4 Projects/LED_Blink_cpp/src/led.o
                0x00000000080000dc                LED::computeEfficiency() const
 .text._ZN3LEDD2Ev
                0x00000000080000e0        0x4 Projects/LED_Blink_cpp/src/led.o
                0x00000000080000e0                LED::~LED()
                0x00000000080000e0                LED::~LED()
 .text._ZN3LED14runDiagnosticsEv
                0x00000000080000e4       0x10 Projects/LED_Blink_cpp/src/led.o
                0x00000000080000e4                LED::runDiagnostics()
 .text._ZN3LEDD0Ev
                0x00000000080000f4       0x10 Projects/LED_Blink_cpp/src/led.o
                0x00000000080000f4                LED::~LED()
 .text._ZN3LEDC2E13LEDColor_Type13LEDState_Type
                0x0000000008000104      0x104 Projects/LED_Blink_cpp/src/led.o
                0x0000000008000104                LED::LED(LEDColor_Type, LEDState_Type)
                0x0000000008000104                LED::LED(LEDColor_Type, LEDState_Type)
 .text._ZN3LED8setStateE13LEDState_Type
                0x0000000008000208      0x1a0 Projects/LED_Blink_cpp/src/led.o
                0x0000000008000208                LED::setState(LEDState_Type)
 .text._ZNK3LED8getStateEv
                0x00000000080003a8       0x18 Projects/LED_Blink_cpp/src/led.o
                0x00000000080003a8                LED::getState() const
 .text.startup.main
                0x00000000080003c0       0x80 Projects/LED_Blink_cpp/src/main.o
                0x00000000080003c0                main
 .text.startup._GLOBAL__sub_I_redLED
                0x0000000008000440       0x60 Projects/LED_Blink_cpp/src/main.o
 .text._ZN10medicalLEDD2Ev
                0x00000000080004a0        0x4 Projects/LED_Blink_cpp/src/medicalLED.o
                0x00000000080004a0                medicalLED::~medicalLED()
                0x00000000080004a0                medicalLED::~medicalLED()
 .text._ZNK10medicalLED17computeEfficiencyEv
                0x00000000080004a4       0x20 Projects/LED_Blink_cpp/src/medicalLED.o
                0x00000000080004a4                medicalLED::computeEfficiency() const
 .text._ZN10medicalLED14runDiagnosticsEv
                0x00000000080004c4       0x20 Projects/LED_Blink_cpp/src/medicalLED.o
                0x00000000080004c4                medicalLED::runDiagnostics()
 .text._ZN10medicalLEDD0Ev
                0x00000000080004e4       0x10 Projects/LED_Blink_cpp/src/medicalLED.o
                0x00000000080004e4                medicalLED::~medicalLED()
 .text._ZN10medicalLEDC2E18LEDWavelength_Type13LEDColor_Type13LEDState_Type
                0x00000000080004f4       0x20 Projects/LED_Blink_cpp/src/medicalLED.o
                0x00000000080004f4                medicalLED::medicalLED(LEDWavelength_Type, LEDColor_Type, LEDState_Type)
                0x00000000080004f4                medicalLED::medicalLED(LEDWavelength_Type, LEDColor_Type, LEDState_Type)
 .text._ZN8powerLEDD2Ev
                0x0000000008000514        0x4 Projects/LED_Blink_cpp/src/powerLed.o
                0x0000000008000514                powerLED::~powerLED()
                0x0000000008000514                powerLED::~powerLED()
 .text._ZNK8powerLED17computeEfficiencyEv
                0x0000000008000518       0x2c Projects/LED_Blink_cpp/src/powerLed.o
                0x0000000008000518                powerLED::computeEfficiency() const
 .text._ZN8powerLED14runDiagnosticsEv
                0x0000000008000544       0x44 Projects/LED_Blink_cpp/src/powerLed.o
                0x0000000008000544                powerLED::runDiagnostics()
 .text._ZN8powerLEDD0Ev
                0x0000000008000588       0x10 Projects/LED_Blink_cpp/src/powerLed.o
                0x0000000008000588                powerLED::~powerLED()
 .text._ZN8powerLEDC2E13LEDColor_Type13LEDState_Type16LEDDiameter_Type15LEDCurrent_Type15LEDVoltage_Type
                0x0000000008000598       0x24 Projects/LED_Blink_cpp/src/powerLed.o
                0x0000000008000598                powerLED::powerLED(LEDColor_Type, LEDState_Type, LEDDiameter_Type, LEDCurrent_Type, LEDVoltage_Type)
                0x0000000008000598                powerLED::powerLED(LEDColor_Type, LEDState_Type, LEDDiameter_Type, LEDCurrent_Type, LEDVoltage_Type)
 .text._ZN8powerLED19powerLED_getCurrentEv
                0x00000000080005bc        0x4 Projects/LED_Blink_cpp/src/powerLed.o
                0x00000000080005bc                powerLED::powerLED_getCurrent()
 .text._ZN8powerLED19powerLED_getVoltageEv
                0x00000000080005c0        0x4 Projects/LED_Blink_cpp/src/powerLed.o
                0x00000000080005c0                powerLED::powerLED_getVoltage()
 .text._ZdlPvj  0x00000000080005c4        0x4 /Applications/ARM/bin/../lib/gcc/arm-none-eabi/10.3.1/../../../../arm-none-eabi/lib/thumb/v7e-m/nofp/libstdc++_nano.a(del_ops.o)
                0x00000000080005c4                operator delete(void*, unsigned int)
 .text._Znwj    0x00000000080005c8       0x22 /Applications/ARM/bin/../lib/gcc/arm-none-eabi/10.3.1/../../../../arm-none-eabi/lib/thumb/v7e-m/nofp/libstdc++_nano.a(new_op.o)
                0x00000000080005c8                operator new(unsigned int)
 .text._ZdlPv   0x00000000080005ea        0x4 /Applications/ARM/bin/../lib/gcc/arm-none-eabi/10.3.1/../../../../arm-none-eabi/lib/thumb/v7e-m/nofp/libstdc++_nano.a(del_op.o)
                0x00000000080005ea                operator delete(void*)
 *fill*         0x00000000080005ee        0x2 
 .text._ZSt15get_new_handlerv
                0x00000000080005f0       0x10 /Applications/ARM/bin/../lib/gcc/arm-none-eabi/10.3.1/../../../../arm-none-eabi/lib/thumb/v7e-m/nofp/libstdc++_nano.a(new_handler.o)
                0x00000000080005f0                std::get_new_handler()
 .text.abort    0x0000000008000600        0xe /Applications/ARM/bin/../lib/gcc/arm-none-eabi/10.3.1/../../../../arm-none-eabi/lib/thumb/v7e-m/nofp/libg_nano.a(lib_a-abort.o)
                0x0000000008000600                abort
 *fill*         0x000000000800060e        0x2 
 .text.__libc_init_array
                0x0000000008000610       0x48 /Applications/ARM/bin/../lib/gcc/arm-none-eabi/10.3.1/../../../../arm-none-eabi/lib/thumb/v7e-m/nofp/libg_nano.a(lib_a-init.o)
                0x0000000008000610                __libc_init_array
 .text.malloc   0x0000000008000658       0x10 /Applications/ARM/bin/../lib/gcc/arm-none-eabi/10.3.1/../../../../arm-none-eabi/lib/thumb/v7e-m/nofp/libg_nano.a(lib_a-malloc.o)
                0x0000000008000658                malloc
 .text.free     0x0000000008000668       0x10 /Applications/ARM/bin/../lib/gcc/arm-none-eabi/10.3.1/../../../../arm-none-eabi/lib/thumb/v7e-m/nofp/libg_nano.a(lib_a-malloc.o)
                0x0000000008000668                free
 .text.memcpy   0x0000000008000678       0x1c /Applications/ARM/bin/../lib/gcc/arm-none-eabi/10.3.1/../../../../arm-none-eabi/lib/thumb/v7e-m/nofp/libg_nano.a(lib_a-memcpy-stub.o)
                0x0000000008000678                memcpy
 .text.memset   0x0000000008000694       0x10 /Applications/ARM/bin/../lib/gcc/arm-none-eabi/10.3.1/../../../../arm-none-eabi/lib/thumb/v7e-m/nofp/libg_nano.a(lib_a-memset.o)
                0x0000000008000694                memset
 .text._free_r  0x00000000080006a4       0x94 /Applications/ARM/bin/../lib/gcc/arm-none-eabi/10.3.1/../../../../arm-none-eabi/lib/thumb/v7e-m/nofp/libg_nano.a(lib_a-nano-freer.o)
                0x00000000080006a4                _free_r
 .text.sbrk_aligned
                0x0000000008000738       0x40 /Applications/ARM/bin/../lib/gcc/arm-none-eabi/10.3.1/../../../../arm-none-eabi/lib/thumb/v7e-m/nofp/libg_nano.a(lib_a-nano-mallocr.o)
 .text._malloc_r
                0x0000000008000778       0xe8 /Applications/ARM/bin/../lib/gcc/arm-none-eabi/10.3.1/../../../../arm-none-eabi/lib/thumb/v7e-m/nofp/libg_nano.a(lib_a-nano-mallocr.o)
                0x0000000008000778                _malloc_r
 .text.printf   0x0000000008000860       0x30 /Applications/ARM/bin/../lib/gcc/arm-none-eabi/10.3.1/../../../../arm-none-eabi/lib/thumb/v7e-m/nofp/libg_nano.a(lib_a-printf.o)
                0x0000000008000860                printf
                0x0000000008000860                iprintf
 .text._sbrk_r  0x0000000008000890       0x20 /Applications/ARM/bin/../lib/gcc/arm-none-eabi/10.3.1/../../../../arm-none-eabi/lib/thumb/v7e-m/nofp/libg_nano.a(lib_a-sbrkr.o)
                0x0000000008000890                _sbrk_r
 .text._raise_r
                0x00000000080008b0       0x50 /Applications/ARM/bin/../lib/gcc/arm-none-eabi/10.3.1/../../../../arm-none-eabi/lib/thumb/v7e-m/nofp/libg_nano.a(lib_a-signal.o)
                0x00000000080008b0                _raise_r
 .text.raise    0x0000000008000900       0x10 /Applications/ARM/bin/../lib/gcc/arm-none-eabi/10.3.1/../../../../arm-none-eabi/lib/thumb/v7e-m/nofp/libg_nano.a(lib_a-signal.o)
                0x0000000008000900                raise
 .text._kill_r  0x0000000008000910       0x24 /Applications/ARM/bin/../lib/gcc/arm-none-eabi/10.3.1/../../../../arm-none-eabi/lib/thumb/v7e-m/nofp/libg_nano.a(lib_a-signalr.o)
                0x0000000008000910                _kill_r
 .text._getpid_r
                0x0000000008000934        0x4 /Applications/ARM/bin/../lib/gcc/arm-none-eabi/10.3.1/../../../../arm-none-eabi/lib/thumb/v7e-m/nofp/libg_nano.a(lib_a-signalr.o)
                0x0000000008000934                _getpid_r
 .text.std      0x0000000008000938       0x48 /Applications/ARM/bin/../lib/gcc/arm-none-eabi/10.3.1/../../../../arm-none-eabi/lib/thumb/v7e-m/nofp/libg_nano.a(lib_a-findfp.o)
 .text._cleanup_r
                0x0000000008000980        0xc /Applications/ARM/bin/../lib/gcc/arm-none-eabi/10.3.1/../../../../arm-none-eabi/lib/thumb/v7e-m/nofp/libg_nano.a(lib_a-findfp.o)
                0x0000000008000980                _cleanup_r
 .text.__sfmoreglue
                0x000000000800098c       0x2c /Applications/ARM/bin/../lib/gcc/arm-none-eabi/10.3.1/../../../../arm-none-eabi/lib/thumb/v7e-m/nofp/libg_nano.a(lib_a-findfp.o)
                0x000000000800098c                __sfmoreglue
 .text.__sfp_lock_acquire
                0x00000000080009b8        0xc /Applications/ARM/bin/../lib/gcc/arm-none-eabi/10.3.1/../../../../arm-none-eabi/lib/thumb/v7e-m/nofp/libg_nano.a(lib_a-findfp.o)
                0x00000000080009b8                __sfp_lock_acquire
 .text.__sfp_lock_release
                0x00000000080009c4        0xc /Applications/ARM/bin/../lib/gcc/arm-none-eabi/10.3.1/../../../../arm-none-eabi/lib/thumb/v7e-m/nofp/libg_nano.a(lib_a-findfp.o)
                0x00000000080009c4                __sfp_lock_release
 .text.__sinit_lock_acquire
                0x00000000080009d0        0xc /Applications/ARM/bin/../lib/gcc/arm-none-eabi/10.3.1/../../../../arm-none-eabi/lib/thumb/v7e-m/nofp/libg_nano.a(lib_a-findfp.o)
                0x00000000080009d0                __sinit_lock_acquire
 .text.__sinit_lock_release
                0x00000000080009dc        0xc /Applications/ARM/bin/../lib/gcc/arm-none-eabi/10.3.1/../../../../arm-none-eabi/lib/thumb/v7e-m/nofp/libg_nano.a(lib_a-findfp.o)
                0x00000000080009dc                __sinit_lock_release
 .text.__sinit  0x00000000080009e8       0x70 /Applications/ARM/bin/../lib/gcc/arm-none-eabi/10.3.1/../../../../arm-none-eabi/lib/thumb/v7e-m/nofp/libg_nano.a(lib_a-findfp.o)
                0x00000000080009e8                __sinit
 .text.__sfp    0x0000000008000a58       0x8c /Applications/ARM/bin/../lib/gcc/arm-none-eabi/10.3.1/../../../../arm-none-eabi/lib/thumb/v7e-m/nofp/libg_nano.a(lib_a-findfp.o)
                0x0000000008000a58                __sfp
 .text._fwalk_reent
                0x0000000008000ae4       0x3e /Applications/ARM/bin/../lib/gcc/arm-none-eabi/10.3.1/../../../../arm-none-eabi/lib/thumb/v7e-m/nofp/libg_nano.a(lib_a-fwalk.o)
                0x0000000008000ae4                _fwalk_reent
 .text.__retarget_lock_init_recursive
                0x0000000008000b22        0x2 /Applications/ARM/bin/../lib/gcc/arm-none-eabi/10.3.1/../../../../arm-none-eabi/lib/thumb/v7e-m/nofp/libg_nano.a(lib_a-lock.o)
                0x0000000008000b22                __retarget_lock_init_recursive
 .text.__retarget_lock_acquire_recursive
                0x0000000008000b24        0x2 /Applications/ARM/bin/../lib/gcc/arm-none-eabi/10.3.1/../../../../arm-none-eabi/lib/thumb/v7e-m/nofp/libg_nano.a(lib_a-lock.o)
                0x0000000008000b24                __retarget_lock_acquire_recursive
 .text.__retarget_lock_release_recursive
                0x0000000008000b26        0x2 /Applications/ARM/bin/../lib/gcc/arm-none-eabi/10.3.1/../../../../arm-none-eabi/lib/thumb/v7e-m/nofp/libg_nano.a(lib_a-lock.o)
                0x0000000008000b26                __retarget_lock_release_recursive
 .text.__malloc_lock
                0x0000000008000b28        0xc /Applications/ARM/bin/../lib/gcc/arm-none-eabi/10.3.1/../../../../arm-none-eabi/lib/thumb/v7e-m/nofp/libg_nano.a(lib_a-mlock.o)
                0x0000000008000b28                __malloc_lock
 .text.__malloc_unlock
                0x0000000008000b34        0xc /Applications/ARM/bin/../lib/gcc/arm-none-eabi/10.3.1/../../../../arm-none-eabi/lib/thumb/v7e-m/nofp/libg_nano.a(lib_a-mlock.o)
                0x0000000008000b34                __malloc_unlock
 .text.__sfputc_r
                0x0000000008000b40       0x2a /Applications/ARM/bin/../lib/gcc/arm-none-eabi/10.3.1/../../../../arm-none-eabi/lib/thumb/v7e-m/nofp/libg_nano.a(lib_a-nano-vfprintf.o)
 .text.__sfputs_r
                0x0000000008000b6a       0x24 /Applications/ARM/bin/../lib/gcc/arm-none-eabi/10.3.1/../../../../arm-none-eabi/lib/thumb/v7e-m/nofp/libg_nano.a(lib_a-nano-vfprintf.o)
                0x0000000008000b6a                __sfputs_r
 *fill*         0x0000000008000b8e        0x2 
 .text._vfprintf_r
                0x0000000008000b90      0x260 /Applications/ARM/bin/../lib/gcc/arm-none-eabi/10.3.1/../../../../arm-none-eabi/lib/thumb/v7e-m/nofp/libg_nano.a(lib_a-nano-vfprintf.o)
                0x0000000008000b90                _vfiprintf_r
                0x0000000008000b90                _vfprintf_r
 .text._printf_common
                0x0000000008000df0       0xda /Applications/ARM/bin/../lib/gcc/arm-none-eabi/10.3.1/../../../../arm-none-eabi/lib/thumb/v7e-m/nofp/libg_nano.a(lib_a-nano-vfprintf_i.o)
                0x0000000008000df0                _printf_common
 *fill*         0x0000000008000eca        0x2 
 .text._printf_i
                0x0000000008000ecc      0x24c /Applications/ARM/bin/../lib/gcc/arm-none-eabi/10.3.1/../../../../arm-none-eabi/lib/thumb/v7e-m/nofp/libg_nano.a(lib_a-nano-vfprintf_i.o)
                0x0000000008000ecc                _printf_i
 .text.__sread  0x0000000008001118       0x22 /Applications/ARM/bin/../lib/gcc/arm-none-eabi/10.3.1/../../../../arm-none-eabi/lib/thumb/v7e-m/nofp/libg_nano.a(lib_a-stdio.o)
                0x0000000008001118                __sread
 .text.__swrite
                0x000000000800113a       0x38 /Applications/ARM/bin/../lib/gcc/arm-none-eabi/10.3.1/../../../../arm-none-eabi/lib/thumb/v7e-m/nofp/libg_nano.a(lib_a-stdio.o)
                0x000000000800113a                __swrite
 .text.__sseek  0x0000000008001172       0x24 /Applications/ARM/bin/../lib/gcc/arm-none-eabi/10.3.1/../../../../arm-none-eabi/lib/thumb/v7e-m/nofp/libg_nano.a(lib_a-stdio.o)
                0x0000000008001172                __sseek
 .text.__sclose
                0x0000000008001196        0x8 /Applications/ARM/bin/../lib/gcc/arm-none-eabi/10.3.1/../../../../arm-none-eabi/lib/thumb/v7e-m/nofp/libg_nano.a(lib_a-stdio.o)
                0x0000000008001196                __sclose
 *fill*         0x000000000800119e        0x2 
 .text.__swbuf_r
                0x00000000080011a0       0xa4 /Applications/ARM/bin/../lib/gcc/arm-none-eabi/10.3.1/../../../../arm-none-eabi/lib/thumb/v7e-m/nofp/libg_nano.a(lib_a-wbuf.o)
                0x00000000080011a0                __swbuf_r
 .text._write_r
                0x0000000008001244       0x24 /Applications/ARM/bin/../lib/gcc/arm-none-eabi/10.3.1/../../../../arm-none-eabi/lib/thumb/v7e-m/nofp/libg_nano.a(lib_a-writer.o)
                0x0000000008001244                _write_r
 .text.__swsetup_r
                0x0000000008001268       0xdc /Applications/ARM/bin/../lib/gcc/arm-none-eabi/10.3.1/../../../../arm-none-eabi/lib/thumb/v7e-m/nofp/libg_nano.a(lib_a-wsetup.o)
                0x0000000008001268                __swsetup_r
 .text._close_r
                0x0000000008001344       0x20 /Applications/ARM/bin/../lib/gcc/arm-none-eabi/10.3.1/../../../../arm-none-eabi/lib/thumb/v7e-m/nofp/libg_nano.a(lib_a-closer.o)
                0x0000000008001344                _close_r
 .text.__sflush_r
                0x0000000008001364      0x104 /Applications/ARM/bin/../lib/gcc/arm-none-eabi/10.3.1/../../../../arm-none-eabi/lib/thumb/v7e-m/nofp/libg_nano.a(lib_a-fflush.o)
                0x0000000008001364                __sflush_r
 .text._fflush_r
                0x0000000008001468       0x78 /Applications/ARM/bin/../lib/gcc/arm-none-eabi/10.3.1/../../../../arm-none-eabi/lib/thumb/v7e-m/nofp/libg_nano.a(lib_a-fflush.o)
                0x0000000008001468                _fflush_r
 .text._lseek_r
                0x00000000080014e0       0x24 /Applications/ARM/bin/../lib/gcc/arm-none-eabi/10.3.1/../../../../arm-none-eabi/lib/thumb/v7e-m/nofp/libg_nano.a(lib_a-lseekr.o)
                0x00000000080014e0                _lseek_r
 .text.__swhatbuf_r
                0x0000000008001504       0x4a /Applications/ARM/bin/../lib/gcc/arm-none-eabi/10.3.1/../../../../arm-none-eabi/lib/thumb/v7e-m/nofp/libg_nano.a(lib_a-makebuf.o)
                0x0000000008001504                __swhatbuf_r
 *fill*         0x000000000800154e        0x2 
 .text.__smakebuf_r
                0x0000000008001550       0x80 /Applications/ARM/bin/../lib/gcc/arm-none-eabi/10.3.1/../../../../arm-none-eabi/lib/thumb/v7e-m/nofp/libg_nano.a(lib_a-makebuf.o)
                0x0000000008001550                __smakebuf_r
 .text          0x00000000080015d0       0xa0 /Applications/ARM/bin/../lib/gcc/arm-none-eabi/10.3.1/../../../../arm-none-eabi/lib/thumb/v7e-m/nofp/libg_nano.a(lib_a-memchr.o)
                0x00000000080015d0                memchr
 .text._read_r  0x0000000008001670       0x24 /Applications/ARM/bin/../lib/gcc/arm-none-eabi/10.3.1/../../../../arm-none-eabi/lib/thumb/v7e-m/nofp/libg_nano.a(lib_a-readr.o)
                0x0000000008001670                _read_r
 .text._fstat_r
                0x0000000008001694       0x24 /Applications/ARM/bin/../lib/gcc/arm-none-eabi/10.3.1/../../../../arm-none-eabi/lib/thumb/v7e-m/nofp/libg_nano.a(lib_a-fstatr.o)
                0x0000000008001694                _fstat_r
 .text._isatty_r
                0x00000000080016b8       0x20 /Applications/ARM/bin/../lib/gcc/arm-none-eabi/10.3.1/../../../../arm-none-eabi/lib/thumb/v7e-m/nofp/libg_nano.a(lib_a-isattyr.o)
                0x00000000080016b8                _isatty_r
 .text._close   0x00000000080016d8       0x10 /Applications/ARM/bin/../lib/gcc/arm-none-eabi/10.3.1/../../../../arm-none-eabi/lib/thumb/v7e-m/nofp/libnosys.a(close.o)
                0x00000000080016d8                _close
 .text._fstat   0x00000000080016e8       0x10 /Applications/ARM/bin/../lib/gcc/arm-none-eabi/10.3.1/../../../../arm-none-eabi/lib/thumb/v7e-m/nofp/libnosys.a(fstat.o)
                0x00000000080016e8                _fstat
 .text._getpid  0x00000000080016f8       0x10 /Applications/ARM/bin/../lib/gcc/arm-none-eabi/10.3.1/../../../../arm-none-eabi/lib/thumb/v7e-m/nofp/libnosys.a(getpid.o)
                0x00000000080016f8                _getpid
 .text._isatty  0x0000000008001708       0x10 /Applications/ARM/bin/../lib/gcc/arm-none-eabi/10.3.1/../../../../arm-none-eabi/lib/thumb/v7e-m/nofp/libnosys.a(isatty.o)
                0x0000000008001708                _isatty
 .text._kill    0x0000000008001718       0x10 /Applications/ARM/bin/../lib/gcc/arm-none-eabi/10.3.1/../../../../arm-none-eabi/lib/thumb/v7e-m/nofp/libnosys.a(kill.o)
                0x0000000008001718                _kill
 .text._lseek   0x0000000008001728       0x10 /Applications/ARM/bin/../lib/gcc/arm-none-eabi/10.3.1/../../../../arm-none-eabi/lib/thumb/v7e-m/nofp/libnosys.a(lseek.o)
                0x0000000008001728                _lseek
 .text._read    0x0000000008001738       0x10 /Applications/ARM/bin/../lib/gcc/arm-none-eabi/10.3.1/../../../../arm-none-eabi/lib/thumb/v7e-m/nofp/libnosys.a(read.o)
                0x0000000008001738                _read
 .text._sbrk    0x0000000008001748       0x1c /Applications/ARM/bin/../lib/gcc/arm-none-eabi/10.3.1/../../../../arm-none-eabi/lib/thumb/v7e-m/nofp/libnosys.a(sbrk.o)
                0x0000000008001748                _sbrk
 .text._write   0x0000000008001764       0x10 /Applications/ARM/bin/../lib/gcc/arm-none-eabi/10.3.1/../../../../arm-none-eabi/lib/thumb/v7e-m/nofp/libnosys.a(write.o)
                0x0000000008001764                _write
 .text._exit    0x0000000008001774        0x4 /Applications/ARM/bin/../lib/gcc/arm-none-eabi/10.3.1/../../../../arm-none-eabi/lib/thumb/v7e-m/nofp/libnosys.a(_exit.o)
                0x0000000008001774                _exit
 *(.rodata*)
 .rodata._ZN3LED14runDiagnosticsEv.str1.4
                0x0000000008001778       0x22 Projects/LED_Blink_cpp/src/led.o
 *fill*         0x000000000800179a        0x2 
 .rodata._ZN3LEDC2E13LEDColor_Type13LEDState_Type.str1.4
                0x000000000800179c       0x1d Projects/LED_Blink_cpp/src/led.o
 *fill*         0x00000000080017b9        0x3 
 .rodata._ZN3LED8setStateE13LEDState_Type.str1.4
                0x00000000080017bc       0x20 Projects/LED_Blink_cpp/src/led.o
 .rodata._ZNK3LED8getStateEv.str1.4
                0x00000000080017dc       0x20 Projects/LED_Blink_cpp/src/led.o
 .rodata._ZTV3LED
                0x00000000080017fc       0x18 Projects/LED_Blink_cpp/src/led.o
                0x00000000080017fc                vtable for LED
 .rodata._ZNK10medicalLED17computeEfficiencyEv.str1.4
                0x0000000008001814       0x20 Projects/LED_Blink_cpp/src/medicalLED.o
 .rodata._ZN10medicalLED14runDiagnosticsEv.str1.4
                0x0000000008001834       0x34 Projects/LED_Blink_cpp/src/medicalLED.o
 .rodata._ZTV10medicalLED
                0x0000000008001868       0x18 Projects/LED_Blink_cpp/src/medicalLED.o
                0x0000000008001868                vtable for medicalLED
 .rodata._ZNK8powerLED17computeEfficiencyEv.str1.4
                0x0000000008001880       0x1e Projects/LED_Blink_cpp/src/powerLed.o
 *fill*         0x000000000800189e        0x2 
 .rodata._ZN8powerLED14runDiagnosticsEv.str1.4
                0x00000000080018a0       0x54 Projects/LED_Blink_cpp/src/powerLed.o
 .rodata._ZTV8powerLED
                0x00000000080018f4       0x18 Projects/LED_Blink_cpp/src/powerLed.o
                0x00000000080018f4                vtable for powerLED
 .rodata._global_impure_ptr
                0x000000000800190c        0x4 /Applications/ARM/bin/../lib/gcc/arm-none-eabi/10.3.1/../../../../arm-none-eabi/lib/thumb/v7e-m/nofp/libg_nano.a(lib_a-impure.o)
                0x000000000800190c                _global_impure_ptr
 .rodata.__sf_fake_stderr
                0x0000000008001910       0x20 /Applications/ARM/bin/../lib/gcc/arm-none-eabi/10.3.1/../../../../arm-none-eabi/lib/thumb/v7e-m/nofp/libg_nano.a(lib_a-findfp.o)
                0x0000000008001910                __sf_fake_stderr
 .rodata.__sf_fake_stdin
                0x0000000008001930       0x20 /Applications/ARM/bin/../lib/gcc/arm-none-eabi/10.3.1/../../../../arm-none-eabi/lib/thumb/v7e-m/nofp/libg_nano.a(lib_a-findfp.o)
                0x0000000008001930                __sf_fake_stdin
 .rodata.__sf_fake_stdout
                0x0000000008001950       0x20 /Applications/ARM/bin/../lib/gcc/arm-none-eabi/10.3.1/../../../../arm-none-eabi/lib/thumb/v7e-m/nofp/libg_nano.a(lib_a-findfp.o)
                0x0000000008001950                __sf_fake_stdout
 .rodata._vfprintf_r.str1.1
                0x0000000008001970       0x11 /Applications/ARM/bin/../lib/gcc/arm-none-eabi/10.3.1/../../../../arm-none-eabi/lib/thumb/v7e-m/nofp/libg_nano.a(lib_a-nano-vfprintf.o)
 .rodata._printf_i.str1.1
                0x0000000008001981       0x22 /Applications/ARM/bin/../lib/gcc/arm-none-eabi/10.3.1/../../../../arm-none-eabi/lib/thumb/v7e-m/nofp/libg_nano.a(lib_a-nano-vfprintf_i.o)
 *(.glue_7)
 .glue_7        0x00000000080019a3        0x0 linker stubs
 *(.glue_7t)
 .glue_7t       0x00000000080019a3        0x0 linker stubs
 *(.init)
 *fill*         0x00000000080019a3        0x1 
 .init          0x00000000080019a4        0x4 /Applications/ARM/bin/../lib/gcc/arm-none-eabi/10.3.1/thumb/v7e-m/nofp/crti.o
                0x00000000080019a4                _init
 .init          0x00000000080019a8        0x8 /Applications/ARM/bin/../lib/gcc/arm-none-eabi/10.3.1/thumb/v7e-m/nofp/crtn.o
 *(.fini)
 .fini          0x00000000080019b0        0x4 /Applications/ARM/bin/../lib/gcc/arm-none-eabi/10.3.1/thumb/v7e-m/nofp/crti.o
                0x00000000080019b0                _fini
 .fini          0x00000000080019b4        0x8 /Applications/ARM/bin/../lib/gcc/arm-none-eabi/10.3.1/thumb/v7e-m/nofp/crtn.o
 *(.ARM.extab* .gnu.linkonce.armextab.*)
 *(.ARM.exidx* .gnu.linkonce.armexidx.*)
 *(.eh_frame)
 .eh_frame      0x00000000080019bc        0x0 /Applications/ARM/bin/../lib/gcc/arm-none-eabi/10.3.1/thumb/v7e-m/nofp/crtbegin.o
 .eh_frame      0x00000000080019bc        0x4 /Applications/ARM/bin/../lib/gcc/arm-none-eabi/10.3.1/thumb/v7e-m/nofp/crtend.o

.vfp11_veneer   0x00000000080019c0        0x0
 .vfp11_veneer  0x00000000080019c0        0x0 linker stubs

.v4_bx          0x00000000080019c0        0x0
 .v4_bx         0x00000000080019c0        0x0 linker stubs

.iplt           0x00000000080019c0        0x0
 .iplt          0x00000000080019c0        0x0 /Applications/ARM/bin/../lib/gcc/arm-none-eabi/10.3.1/thumb/v7e-m/nofp/crtbegin.o

.rel.dyn        0x00000000080019c0        0x0
 .rel.iplt      0x00000000080019c0        0x0 /Applications/ARM/bin/../lib/gcc/arm-none-eabi/10.3.1/thumb/v7e-m/nofp/crtbegin.o

.preinit_array  0x00000000080019c0        0x0
                0x00000000080019c0                PROVIDE (__preinit_array_start = .)
 *(.preinit_array*)
                0x00000000080019c0                PROVIDE (__preinit_array_end = .)

.init_array     0x00000000080019c0        0x8
                0x00000000080019c0                PROVIDE (__init_array_start = .)
 *(SORT_BY_NAME(.init_array.*))
 *(.init_array*)
 .init_array    0x00000000080019c0        0x4 /Applications/ARM/bin/../lib/gcc/arm-none-eabi/10.3.1/thumb/v7e-m/nofp/crtbegin.o
 .init_array    0x00000000080019c4        0x4 Projects/LED_Blink_cpp/src/main.o
                0x00000000080019c8                PROVIDE (__init_array_end = .)

.fini_array     0x00000000080019c8        0x4
                [!provide]                        PROVIDE (__fini_array_start = .)
 *(SORT_BY_NAME(.fini_array.*))
 *(.fini_array*)
 .fini_array    0x00000000080019c8        0x4 /Applications/ARM/bin/../lib/gcc/arm-none-eabi/10.3.1/thumb/v7e-m/nofp/crtbegin.o
                [!provide]                        PROVIDE (__fini_array_end = .)
                0x00000000080019cc                __etext = .

.data           0x0000000020000000       0x64 load address 0x00000000080019cc
                0x0000000020000000                __data_start__ = .
 *(.data*)
 .data._impure_ptr
                0x0000000020000000        0x4 /Applications/ARM/bin/../lib/gcc/arm-none-eabi/10.3.1/../../../../arm-none-eabi/lib/thumb/v7e-m/nofp/libg_nano.a(lib_a-impure.o)
                0x0000000020000000                _impure_ptr
 .data.impure_data
                0x0000000020000004       0x60 /Applications/ARM/bin/../lib/gcc/arm-none-eabi/10.3.1/../../../../arm-none-eabi/lib/thumb/v7e-m/nofp/libg_nano.a(lib_a-impure.o)
                0x0000000020000064                __data_end__ = .

.igot.plt       0x0000000020000064        0x0 load address 0x0000000008001a30
 .igot.plt      0x0000000020000064        0x0 /Applications/ARM/bin/../lib/gcc/arm-none-eabi/10.3.1/thumb/v7e-m/nofp/crtbegin.o

.bss            0x0000000020000064       0x64 load address 0x0000000008001a30
                0x0000000020000064                __bss_start__ = .
 *(.bss*)
 .bss           0x0000000020000064       0x1c /Applications/ARM/bin/../lib/gcc/arm-none-eabi/10.3.1/thumb/v7e-m/nofp/crtbegin.o
 .bss.blueLED   0x0000000020000080        0x4 Projects/LED_Blink_cpp/src/main.o
                0x0000000020000080                blueLED
 .bss.blueLED_current
                0x0000000020000084        0x1 Projects/LED_Blink_cpp/src/main.o
                0x0000000020000084                blueLED_current
 *fill*         0x0000000020000085        0x3 
 .bss.greenLED  0x0000000020000088        0x8 Projects/LED_Blink_cpp/src/main.o
                0x0000000020000088                greenLED
 .bss.greenLED_wavelength
                0x0000000020000090        0x2 Projects/LED_Blink_cpp/src/main.o
                0x0000000020000090                greenLED_wavelength
 *fill*         0x0000000020000092        0x2 
 .bss.redLED    0x0000000020000094        0x8 Projects/LED_Blink_cpp/src/main.o
                0x0000000020000094                redLED
 .bss.redLED_state
                0x000000002000009c        0x1 Projects/LED_Blink_cpp/src/main.o
                0x000000002000009c                redLED_state
 *fill*         0x000000002000009d        0x3 
 .bss.yellowLED
                0x00000000200000a0        0xc Projects/LED_Blink_cpp/src/main.o
                0x00000000200000a0                yellowLED
 .bss.yellowLED_voltage
                0x00000000200000ac        0x1 Projects/LED_Blink_cpp/src/main.o
                0x00000000200000ac                yellowLED_voltage
 *fill*         0x00000000200000ad        0x3 
 .bss._ZN12_GLOBAL__N_113__new_handlerE
                0x00000000200000b0        0x4 /Applications/ARM/bin/../lib/gcc/arm-none-eabi/10.3.1/../../../../arm-none-eabi/lib/thumb/v7e-m/nofp/libstdc++_nano.a(new_handler.o)
 .bss.__malloc_free_list
                0x00000000200000b4        0x4 /Applications/ARM/bin/../lib/gcc/arm-none-eabi/10.3.1/../../../../arm-none-eabi/lib/thumb/v7e-m/nofp/libg_nano.a(lib_a-nano-mallocr.o)
                0x00000000200000b4                __malloc_free_list
 .bss.__malloc_sbrk_start
                0x00000000200000b8        0x4 /Applications/ARM/bin/../lib/gcc/arm-none-eabi/10.3.1/../../../../arm-none-eabi/lib/thumb/v7e-m/nofp/libg_nano.a(lib_a-nano-mallocr.o)
                0x00000000200000b8                __malloc_sbrk_start
 .bss.__lock___malloc_recursive_mutex
                0x00000000200000bc        0x1 /Applications/ARM/bin/../lib/gcc/arm-none-eabi/10.3.1/../../../../arm-none-eabi/lib/thumb/v7e-m/nofp/libg_nano.a(lib_a-lock.o)
                0x00000000200000bc                __lock___malloc_recursive_mutex
 .bss.__lock___sfp_recursive_mutex
                0x00000000200000bd        0x1 /Applications/ARM/bin/../lib/gcc/arm-none-eabi/10.3.1/../../../../arm-none-eabi/lib/thumb/v7e-m/nofp/libg_nano.a(lib_a-lock.o)
                0x00000000200000bd                __lock___sfp_recursive_mutex
 .bss.__lock___sinit_recursive_mutex
                0x00000000200000be        0x1 /Applications/ARM/bin/../lib/gcc/arm-none-eabi/10.3.1/../../../../arm-none-eabi/lib/thumb/v7e-m/nofp/libg_nano.a(lib_a-lock.o)
                0x00000000200000be                __lock___sinit_recursive_mutex
 *fill*         0x00000000200000bf        0x1 
 .bss.errno     0x00000000200000c0        0x4 /Applications/ARM/bin/../lib/gcc/arm-none-eabi/10.3.1/../../../../arm-none-eabi/lib/thumb/v7e-m/nofp/libg_nano.a(lib_a-reent.o)
                0x00000000200000c0                errno
 .bss.heap_end.0
                0x00000000200000c4        0x4 /Applications/ARM/bin/../lib/gcc/arm-none-eabi/10.3.1/../../../../arm-none-eabi/lib/thumb/v7e-m/nofp/libnosys.a(sbrk.o)
 *(COMMON)
                0x00000000200000c8                . = ALIGN (0x4)
                0x00000000200000c8                __bss_end__ = .
                0x00000000200000c8                end = .
                0x00000000200000c8                _end = .

.stack          0x00000000200000c8      0x400 load address 0x0000000008001a94
                0x00000000200000c8                . = ALIGN (0x8)
                0x00000000200000c8                _stack = .
                0x00000000200004c8                . = (. + 0x400)
 *fill*         0x00000000200000c8      0x400 
OUTPUT(Projects/LED_Blink_cpp/main.elf elf32-littlearm)
LOAD linker stubs

.ARM.attributes
                0x0000000000000000       0x2a
 .ARM.attributes
                0x0000000000000000       0x1e /Applications/ARM/bin/../lib/gcc/arm-none-eabi/10.3.1/thumb/v7e-m/nofp/crti.o
 .ARM.attributes
                0x000000000000001e       0x2e /Applications/ARM/bin/../lib/gcc/arm-none-eabi/10.3.1/thumb/v7e-m/nofp/crtbegin.o
 .ARM.attributes
                0x000000000000004c       0x2e Projects/LED_Blink_cpp/src/startup.o
 .ARM.attributes
                0x000000000000007a       0x2e Projects/LED_Blink_cpp/src/system_stm32f4xx.o
 .ARM.attributes
                0x00000000000000a8       0x2e Projects/LED_Blink_cpp/src/led.o
 .ARM.attributes
                0x00000000000000d6       0x2e Projects/LED_Blink_cpp/src/main.o
 .ARM.attributes
                0x0000000000000104       0x2e Projects/LED_Blink_cpp/src/medicalLED.o
 .ARM.attributes
                0x0000000000000132       0x2e Projects/LED_Blink_cpp/src/powerLed.o
 .ARM.attributes
                0x0000000000000160       0x2e /Applications/ARM/bin/../lib/gcc/arm-none-eabi/10.3.1/../../../../arm-none-eabi/lib/thumb/v7e-m/nofp/libstdc++_nano.a(del_ops.o)
 .ARM.attributes
                0x000000000000018e       0x2e /Applications/ARM/bin/../lib/gcc/arm-none-eabi/10.3.1/../../../../arm-none-eabi/lib/thumb/v7e-m/nofp/libstdc++_nano.a(new_op.o)
 .ARM.attributes
                0x00000000000001bc       0x2e /Applications/ARM/bin/../lib/gcc/arm-none-eabi/10.3.1/../../../../arm-none-eabi/lib/thumb/v7e-m/nofp/libstdc++_nano.a(del_op.o)
 .ARM.attributes
                0x00000000000001ea       0x2e /Applications/ARM/bin/../lib/gcc/arm-none-eabi/10.3.1/../../../../arm-none-eabi/lib/thumb/v7e-m/nofp/libstdc++_nano.a(new_handler.o)
 .ARM.attributes
                0x0000000000000218       0x2e /Applications/ARM/bin/../lib/gcc/arm-none-eabi/10.3.1/../../../../arm-none-eabi/lib/thumb/v7e-m/nofp/libg_nano.a(lib_a-abort.o)
 .ARM.attributes
                0x0000000000000246       0x2e /Applications/ARM/bin/../lib/gcc/arm-none-eabi/10.3.1/../../../../arm-none-eabi/lib/thumb/v7e-m/nofp/libg_nano.a(lib_a-impure.o)
 .ARM.attributes
                0x0000000000000274       0x2e /Applications/ARM/bin/../lib/gcc/arm-none-eabi/10.3.1/../../../../arm-none-eabi/lib/thumb/v7e-m/nofp/libg_nano.a(lib_a-init.o)
 .ARM.attributes
                0x00000000000002a2       0x2e /Applications/ARM/bin/../lib/gcc/arm-none-eabi/10.3.1/../../../../arm-none-eabi/lib/thumb/v7e-m/nofp/libg_nano.a(lib_a-malloc.o)
 .ARM.attributes
                0x00000000000002d0       0x2e /Applications/ARM/bin/../lib/gcc/arm-none-eabi/10.3.1/../../../../arm-none-eabi/lib/thumb/v7e-m/nofp/libg_nano.a(lib_a-memcpy-stub.o)
 .ARM.attributes
                0x00000000000002fe       0x2e /Applications/ARM/bin/../lib/gcc/arm-none-eabi/10.3.1/../../../../arm-none-eabi/lib/thumb/v7e-m/nofp/libg_nano.a(lib_a-memset.o)
 .ARM.attributes
                0x000000000000032c       0x2e /Applications/ARM/bin/../lib/gcc/arm-none-eabi/10.3.1/../../../../arm-none-eabi/lib/thumb/v7e-m/nofp/libg_nano.a(lib_a-nano-freer.o)
 .ARM.attributes
                0x000000000000035a       0x2e /Applications/ARM/bin/../lib/gcc/arm-none-eabi/10.3.1/../../../../arm-none-eabi/lib/thumb/v7e-m/nofp/libg_nano.a(lib_a-nano-mallocr.o)
 .ARM.attributes
                0x0000000000000388       0x2e /Applications/ARM/bin/../lib/gcc/arm-none-eabi/10.3.1/../../../../arm-none-eabi/lib/thumb/v7e-m/nofp/libg_nano.a(lib_a-printf.o)
 .ARM.attributes
                0x00000000000003b6       0x2e /Applications/ARM/bin/../lib/gcc/arm-none-eabi/10.3.1/../../../../arm-none-eabi/lib/thumb/v7e-m/nofp/libg_nano.a(lib_a-sbrkr.o)
 .ARM.attributes
                0x00000000000003e4       0x2e /Applications/ARM/bin/../lib/gcc/arm-none-eabi/10.3.1/../../../../arm-none-eabi/lib/thumb/v7e-m/nofp/libg_nano.a(lib_a-signal.o)
 .ARM.attributes
                0x0000000000000412       0x2e /Applications/ARM/bin/../lib/gcc/arm-none-eabi/10.3.1/../../../../arm-none-eabi/lib/thumb/v7e-m/nofp/libg_nano.a(lib_a-signalr.o)
 .ARM.attributes
                0x0000000000000440       0x2e /Applications/ARM/bin/../lib/gcc/arm-none-eabi/10.3.1/../../../../arm-none-eabi/lib/thumb/v7e-m/nofp/libg_nano.a(lib_a-findfp.o)
 .ARM.attributes
                0x000000000000046e       0x2e /Applications/ARM/bin/../lib/gcc/arm-none-eabi/10.3.1/../../../../arm-none-eabi/lib/thumb/v7e-m/nofp/libg_nano.a(lib_a-fwalk.o)
 .ARM.attributes
                0x000000000000049c       0x2e /Applications/ARM/bin/../lib/gcc/arm-none-eabi/10.3.1/../../../../arm-none-eabi/lib/thumb/v7e-m/nofp/libg_nano.a(lib_a-lock.o)
 .ARM.attributes
                0x00000000000004ca       0x2e /Applications/ARM/bin/../lib/gcc/arm-none-eabi/10.3.1/../../../../arm-none-eabi/lib/thumb/v7e-m/nofp/libg_nano.a(lib_a-mlock.o)
 .ARM.attributes
                0x00000000000004f8       0x2e /Applications/ARM/bin/../lib/gcc/arm-none-eabi/10.3.1/../../../../arm-none-eabi/lib/thumb/v7e-m/nofp/libg_nano.a(lib_a-nano-vfprintf.o)
 .ARM.attributes
                0x0000000000000526       0x2e /Applications/ARM/bin/../lib/gcc/arm-none-eabi/10.3.1/../../../../arm-none-eabi/lib/thumb/v7e-m/nofp/libg_nano.a(lib_a-nano-vfprintf_i.o)
 .ARM.attributes
                0x0000000000000554       0x2e /Applications/ARM/bin/../lib/gcc/arm-none-eabi/10.3.1/../../../../arm-none-eabi/lib/thumb/v7e-m/nofp/libg_nano.a(lib_a-reent.o)
 .ARM.attributes
                0x0000000000000582       0x2e /Applications/ARM/bin/../lib/gcc/arm-none-eabi/10.3.1/../../../../arm-none-eabi/lib/thumb/v7e-m/nofp/libg_nano.a(lib_a-stdio.o)
 .ARM.attributes
                0x00000000000005b0       0x2e /Applications/ARM/bin/../lib/gcc/arm-none-eabi/10.3.1/../../../../arm-none-eabi/lib/thumb/v7e-m/nofp/libg_nano.a(lib_a-wbuf.o)
 .ARM.attributes
                0x00000000000005de       0x2e /Applications/ARM/bin/../lib/gcc/arm-none-eabi/10.3.1/../../../../arm-none-eabi/lib/thumb/v7e-m/nofp/libg_nano.a(lib_a-writer.o)
 .ARM.attributes
                0x000000000000060c       0x2e /Applications/ARM/bin/../lib/gcc/arm-none-eabi/10.3.1/../../../../arm-none-eabi/lib/thumb/v7e-m/nofp/libg_nano.a(lib_a-wsetup.o)
 .ARM.attributes
                0x000000000000063a       0x2e /Applications/ARM/bin/../lib/gcc/arm-none-eabi/10.3.1/../../../../arm-none-eabi/lib/thumb/v7e-m/nofp/libg_nano.a(lib_a-closer.o)
 .ARM.attributes
                0x0000000000000668       0x2e /Applications/ARM/bin/../lib/gcc/arm-none-eabi/10.3.1/../../../../arm-none-eabi/lib/thumb/v7e-m/nofp/libg_nano.a(lib_a-fflush.o)
 .ARM.attributes
                0x0000000000000696       0x2e /Applications/ARM/bin/../lib/gcc/arm-none-eabi/10.3.1/../../../../arm-none-eabi/lib/thumb/v7e-m/nofp/libg_nano.a(lib_a-lseekr.o)
 .ARM.attributes
                0x00000000000006c4       0x2e /Applications/ARM/bin/../lib/gcc/arm-none-eabi/10.3.1/../../../../arm-none-eabi/lib/thumb/v7e-m/nofp/libg_nano.a(lib_a-makebuf.o)
 .ARM.attributes
                0x00000000000006f2       0x1c /Applications/ARM/bin/../lib/gcc/arm-none-eabi/10.3.1/../../../../arm-none-eabi/lib/thumb/v7e-m/nofp/libg_nano.a(lib_a-memchr.o)
 .ARM.attributes
                0x000000000000070e       0x2e /Applications/ARM/bin/../lib/gcc/arm-none-eabi/10.3.1/../../../../arm-none-eabi/lib/thumb/v7e-m/nofp/libg_nano.a(lib_a-readr.o)
 .ARM.attributes
                0x000000000000073c       0x2e /Applications/ARM/bin/../lib/gcc/arm-none-eabi/10.3.1/../../../../arm-none-eabi/lib/thumb/v7e-m/nofp/libg_nano.a(lib_a-fstatr.o)
 .ARM.attributes
                0x000000000000076a       0x2e /Applications/ARM/bin/../lib/gcc/arm-none-eabi/10.3.1/../../../../arm-none-eabi/lib/thumb/v7e-m/nofp/libg_nano.a(lib_a-isattyr.o)
 .ARM.attributes
                0x0000000000000798       0x2e /Applications/ARM/bin/../lib/gcc/arm-none-eabi/10.3.1/../../../../arm-none-eabi/lib/thumb/v7e-m/nofp/libnosys.a(close.o)
 .ARM.attributes
                0x00000000000007c6       0x2e /Applications/ARM/bin/../lib/gcc/arm-none-eabi/10.3.1/../../../../arm-none-eabi/lib/thumb/v7e-m/nofp/libnosys.a(fstat.o)
 .ARM.attributes
                0x00000000000007f4       0x2e /Applications/ARM/bin/../lib/gcc/arm-none-eabi/10.3.1/../../../../arm-none-eabi/lib/thumb/v7e-m/nofp/libnosys.a(getpid.o)
 .ARM.attributes
                0x0000000000000822       0x2e /Applications/ARM/bin/../lib/gcc/arm-none-eabi/10.3.1/../../../../arm-none-eabi/lib/thumb/v7e-m/nofp/libnosys.a(isatty.o)
 .ARM.attributes
                0x0000000000000850       0x2e /Applications/ARM/bin/../lib/gcc/arm-none-eabi/10.3.1/../../../../arm-none-eabi/lib/thumb/v7e-m/nofp/libnosys.a(kill.o)
 .ARM.attributes
                0x000000000000087e       0x2e /Applications/ARM/bin/../lib/gcc/arm-none-eabi/10.3.1/../../../../arm-none-eabi/lib/thumb/v7e-m/nofp/libnosys.a(lseek.o)
 .ARM.attributes
                0x00000000000008ac       0x2e /Applications/ARM/bin/../lib/gcc/arm-none-eabi/10.3.1/../../../../arm-none-eabi/lib/thumb/v7e-m/nofp/libnosys.a(read.o)
 .ARM.attributes
                0x00000000000008da       0x2e /Applications/ARM/bin/../lib/gcc/arm-none-eabi/10.3.1/../../../../arm-none-eabi/lib/thumb/v7e-m/nofp/libnosys.a(sbrk.o)
 .ARM.attributes
                0x0000000000000908       0x2e /Applications/ARM/bin/../lib/gcc/arm-none-eabi/10.3.1/../../../../arm-none-eabi/lib/thumb/v7e-m/nofp/libnosys.a(write.o)
 .ARM.attributes
                0x0000000000000936       0x2e /Applications/ARM/bin/../lib/gcc/arm-none-eabi/10.3.1/../../../../arm-none-eabi/lib/thumb/v7e-m/nofp/libnosys.a(_exit.o)
 .ARM.attributes
                0x0000000000000964       0x2e /Applications/ARM/bin/../lib/gcc/arm-none-eabi/10.3.1/thumb/v7e-m/nofp/crtend.o
 .ARM.attributes
                0x0000000000000992       0x1e /Applications/ARM/bin/../lib/gcc/arm-none-eabi/10.3.1/thumb/v7e-m/nofp/crtn.o

.comment        0x0000000000000000       0x49
 .comment       0x0000000000000000       0x49 Projects/LED_Blink_cpp/src/startup.o
                                         0x4a (size before relaxing)
 .comment       0x0000000000000049       0x4a Projects/LED_Blink_cpp/src/system_stm32f4xx.o
 .comment       0x0000000000000049       0x4a Projects/LED_Blink_cpp/src/led.o
 .comment       0x0000000000000049       0x4a Projects/LED_Blink_cpp/src/main.o
 .comment       0x0000000000000049       0x4a Projects/LED_Blink_cpp/src/medicalLED.o
 .comment       0x0000000000000049       0x4a Projects/LED_Blink_cpp/src/powerLed.o

.debug_info     0x0000000000000000     0x2275
 .debug_info    0x0000000000000000      0x1ab Projects/LED_Blink_cpp/src/startup.o
 .debug_info    0x00000000000001ab       0x7e Projects/LED_Blink_cpp/src/system_stm32f4xx.o
 .debug_info    0x0000000000000229      0x9a2 Projects/LED_Blink_cpp/src/led.o
 .debug_info    0x0000000000000bcb      0x7a4 Projects/LED_Blink_cpp/src/main.o
 .debug_info    0x000000000000136f      0x5bc Projects/LED_Blink_cpp/src/medicalLED.o
 .debug_info    0x000000000000192b      0x94a Projects/LED_Blink_cpp/src/powerLed.o

.debug_abbrev   0x0000000000000000      0xd80
 .debug_abbrev  0x0000000000000000      0x115 Projects/LED_Blink_cpp/src/startup.o
 .debug_abbrev  0x0000000000000115       0x44 Projects/LED_Blink_cpp/src/system_stm32f4xx.o
 .debug_abbrev  0x0000000000000159      0x330 Projects/LED_Blink_cpp/src/led.o
 .debug_abbrev  0x0000000000000489      0x2a7 Projects/LED_Blink_cpp/src/main.o
 .debug_abbrev  0x0000000000000730      0x2fe Projects/LED_Blink_cpp/src/medicalLED.o
 .debug_abbrev  0x0000000000000a2e      0x352 Projects/LED_Blink_cpp/src/powerLed.o

.debug_aranges  0x0000000000000000      0x180
 .debug_aranges
                0x0000000000000000       0x28 Projects/LED_Blink_cpp/src/startup.o
 .debug_aranges
                0x0000000000000028       0x20 Projects/LED_Blink_cpp/src/system_stm32f4xx.o
 .debug_aranges
                0x0000000000000048       0x50 Projects/LED_Blink_cpp/src/led.o
 .debug_aranges
                0x0000000000000098       0x30 Projects/LED_Blink_cpp/src/main.o
 .debug_aranges
                0x00000000000000c8       0x40 Projects/LED_Blink_cpp/src/medicalLED.o
 .debug_aranges
                0x0000000000000108       0x78 Projects/LED_Blink_cpp/src/powerLed.o

.debug_ranges   0x0000000000000000      0x168
 .debug_ranges  0x0000000000000000       0x18 Projects/LED_Blink_cpp/src/startup.o
 .debug_ranges  0x0000000000000018       0x40 Projects/LED_Blink_cpp/src/led.o
 .debug_ranges  0x0000000000000058       0x58 Projects/LED_Blink_cpp/src/main.o
 .debug_ranges  0x00000000000000b0       0x50 Projects/LED_Blink_cpp/src/medicalLED.o
 .debug_ranges  0x0000000000000100       0x68 Projects/LED_Blink_cpp/src/powerLed.o

.debug_line     0x0000000000000000     0x113a
 .debug_line    0x0000000000000000      0x1e7 Projects/LED_Blink_cpp/src/startup.o
 .debug_line    0x00000000000001e7       0x5c Projects/LED_Blink_cpp/src/system_stm32f4xx.o
 .debug_line    0x0000000000000243      0x5e2 Projects/LED_Blink_cpp/src/led.o
 .debug_line    0x0000000000000825      0x2ce Projects/LED_Blink_cpp/src/main.o
 .debug_line    0x0000000000000af3      0x2aa Projects/LED_Blink_cpp/src/medicalLED.o
 .debug_line    0x0000000000000d9d      0x39d Projects/LED_Blink_cpp/src/powerLed.o

.debug_str      0x0000000000000000      0xe9c
 .debug_str     0x0000000000000000      0x1dd Projects/LED_Blink_cpp/src/startup.o
                                        0x228 (size before relaxing)
 .debug_str     0x00000000000001dd       0xce Projects/LED_Blink_cpp/src/system_stm32f4xx.o
                                        0x15d (size before relaxing)
 .debug_str     0x00000000000002ab      0x495 Projects/LED_Blink_cpp/src/led.o
                                        0x598 (size before relaxing)
 .debug_str     0x0000000000000740      0x327 Projects/LED_Blink_cpp/src/main.o
                                        0x691 (size before relaxing)
 .debug_str     0x0000000000000a67      0x185 Projects/LED_Blink_cpp/src/medicalLED.o
                                        0x4d9 (size before relaxing)
 .debug_str     0x0000000000000bec      0x2b0 Projects/LED_Blink_cpp/src/powerLed.o
                                        0x73d (size before relaxing)

.debug_frame    0x0000000000000000      0xe68
 .debug_frame   0x0000000000000000       0x38 Projects/LED_Blink_cpp/src/startup.o
 .debug_frame   0x0000000000000038       0x20 Projects/LED_Blink_cpp/src/system_stm32f4xx.o
 .debug_frame   0x0000000000000058       0xbc Projects/LED_Blink_cpp/src/led.o
 .debug_frame   0x0000000000000114       0x60 Projects/LED_Blink_cpp/src/main.o
 .debug_frame   0x0000000000000174       0x88 Projects/LED_Blink_cpp/src/medicalLED.o
 .debug_frame   0x00000000000001fc      0x104 Projects/LED_Blink_cpp/src/powerLed.o
 .debug_frame   0x0000000000000300       0x20 /Applications/ARM/bin/../lib/gcc/arm-none-eabi/10.3.1/../../../../arm-none-eabi/lib/thumb/v7e-m/nofp/libstdc++_nano.a(del_ops.o)
 .debug_frame   0x0000000000000320       0x28 /Applications/ARM/bin/../lib/gcc/arm-none-eabi/10.3.1/../../../../arm-none-eabi/lib/thumb/v7e-m/nofp/libstdc++_nano.a(new_op.o)
 .debug_frame   0x0000000000000348       0x20 /Applications/ARM/bin/../lib/gcc/arm-none-eabi/10.3.1/../../../../arm-none-eabi/lib/thumb/v7e-m/nofp/libstdc++_nano.a(del_op.o)
 .debug_frame   0x0000000000000368       0x30 /Applications/ARM/bin/../lib/gcc/arm-none-eabi/10.3.1/../../../../arm-none-eabi/lib/thumb/v7e-m/nofp/libstdc++_nano.a(new_handler.o)
 .debug_frame   0x0000000000000398       0x28 /Applications/ARM/bin/../lib/gcc/arm-none-eabi/10.3.1/../../../../arm-none-eabi/lib/thumb/v7e-m/nofp/libg_nano.a(lib_a-abort.o)
 .debug_frame   0x00000000000003c0       0x2c /Applications/ARM/bin/../lib/gcc/arm-none-eabi/10.3.1/../../../../arm-none-eabi/lib/thumb/v7e-m/nofp/libg_nano.a(lib_a-init.o)
 .debug_frame   0x00000000000003ec       0x30 /Applications/ARM/bin/../lib/gcc/arm-none-eabi/10.3.1/../../../../arm-none-eabi/lib/thumb/v7e-m/nofp/libg_nano.a(lib_a-malloc.o)
 .debug_frame   0x000000000000041c       0x28 /Applications/ARM/bin/../lib/gcc/arm-none-eabi/10.3.1/../../../../arm-none-eabi/lib/thumb/v7e-m/nofp/libg_nano.a(lib_a-memcpy-stub.o)
 .debug_frame   0x0000000000000444       0x20 /Applications/ARM/bin/../lib/gcc/arm-none-eabi/10.3.1/../../../../arm-none-eabi/lib/thumb/v7e-m/nofp/libg_nano.a(lib_a-memset.o)
 .debug_frame   0x0000000000000464       0x38 /Applications/ARM/bin/../lib/gcc/arm-none-eabi/10.3.1/../../../../arm-none-eabi/lib/thumb/v7e-m/nofp/libg_nano.a(lib_a-nano-freer.o)
 .debug_frame   0x000000000000049c       0x4c /Applications/ARM/bin/../lib/gcc/arm-none-eabi/10.3.1/../../../../arm-none-eabi/lib/thumb/v7e-m/nofp/libg_nano.a(lib_a-nano-mallocr.o)
 .debug_frame   0x00000000000004e8       0x74 /Applications/ARM/bin/../lib/gcc/arm-none-eabi/10.3.1/../../../../arm-none-eabi/lib/thumb/v7e-m/nofp/libg_nano.a(lib_a-printf.o)
 .debug_frame   0x000000000000055c       0x2c /Applications/ARM/bin/../lib/gcc/arm-none-eabi/10.3.1/../../../../arm-none-eabi/lib/thumb/v7e-m/nofp/libg_nano.a(lib_a-sbrkr.o)
 .debug_frame   0x0000000000000588       0xcc /Applications/ARM/bin/../lib/gcc/arm-none-eabi/10.3.1/../../../../arm-none-eabi/lib/thumb/v7e-m/nofp/libg_nano.a(lib_a-signal.o)
 .debug_frame   0x0000000000000654       0x3c /Applications/ARM/bin/../lib/gcc/arm-none-eabi/10.3.1/../../../../arm-none-eabi/lib/thumb/v7e-m/nofp/libg_nano.a(lib_a-signalr.o)
 .debug_frame   0x0000000000000690      0x14c /Applications/ARM/bin/../lib/gcc/arm-none-eabi/10.3.1/../../../../arm-none-eabi/lib/thumb/v7e-m/nofp/libg_nano.a(lib_a-findfp.o)
 .debug_frame   0x00000000000007dc       0x54 /Applications/ARM/bin/../lib/gcc/arm-none-eabi/10.3.1/../../../../arm-none-eabi/lib/thumb/v7e-m/nofp/libg_nano.a(lib_a-fwalk.o)
 .debug_frame   0x0000000000000830       0xb0 /Applications/ARM/bin/../lib/gcc/arm-none-eabi/10.3.1/../../../../arm-none-eabi/lib/thumb/v7e-m/nofp/libg_nano.a(lib_a-lock.o)
 .debug_frame   0x00000000000008e0       0x30 /Applications/ARM/bin/../lib/gcc/arm-none-eabi/10.3.1/../../../../arm-none-eabi/lib/thumb/v7e-m/nofp/libg_nano.a(lib_a-mlock.o)
 .debug_frame   0x0000000000000910       0xac /Applications/ARM/bin/../lib/gcc/arm-none-eabi/10.3.1/../../../../arm-none-eabi/lib/thumb/v7e-m/nofp/libg_nano.a(lib_a-nano-vfprintf.o)
 .debug_frame   0x00000000000009bc       0x60 /Applications/ARM/bin/../lib/gcc/arm-none-eabi/10.3.1/../../../../arm-none-eabi/lib/thumb/v7e-m/nofp/libg_nano.a(lib_a-nano-vfprintf_i.o)
 .debug_frame   0x0000000000000a1c       0x5c /Applications/ARM/bin/../lib/gcc/arm-none-eabi/10.3.1/../../../../arm-none-eabi/lib/thumb/v7e-m/nofp/libg_nano.a(lib_a-reent.o)
 .debug_frame   0x0000000000000a78       0x88 /Applications/ARM/bin/../lib/gcc/arm-none-eabi/10.3.1/../../../../arm-none-eabi/lib/thumb/v7e-m/nofp/libg_nano.a(lib_a-stdio.o)
 .debug_frame   0x0000000000000b00       0x40 /Applications/ARM/bin/../lib/gcc/arm-none-eabi/10.3.1/../../../../arm-none-eabi/lib/thumb/v7e-m/nofp/libg_nano.a(lib_a-wbuf.o)
 .debug_frame   0x0000000000000b40       0x2c /Applications/ARM/bin/../lib/gcc/arm-none-eabi/10.3.1/../../../../arm-none-eabi/lib/thumb/v7e-m/nofp/libg_nano.a(lib_a-writer.o)
 .debug_frame   0x0000000000000b6c       0x2c /Applications/ARM/bin/../lib/gcc/arm-none-eabi/10.3.1/../../../../arm-none-eabi/lib/thumb/v7e-m/nofp/libg_nano.a(lib_a-wsetup.o)
 .debug_frame   0x0000000000000b98       0x2c /Applications/ARM/bin/../lib/gcc/arm-none-eabi/10.3.1/../../../../arm-none-eabi/lib/thumb/v7e-m/nofp/libg_nano.a(lib_a-closer.o)
 .debug_frame   0x0000000000000bc4       0x5c /Applications/ARM/bin/../lib/gcc/arm-none-eabi/10.3.1/../../../../arm-none-eabi/lib/thumb/v7e-m/nofp/libg_nano.a(lib_a-fflush.o)
 .debug_frame   0x0000000000000c20       0x2c /Applications/ARM/bin/../lib/gcc/arm-none-eabi/10.3.1/../../../../arm-none-eabi/lib/thumb/v7e-m/nofp/libg_nano.a(lib_a-lseekr.o)
 .debug_frame   0x0000000000000c4c       0x58 /Applications/ARM/bin/../lib/gcc/arm-none-eabi/10.3.1/../../../../arm-none-eabi/lib/thumb/v7e-m/nofp/libg_nano.a(lib_a-makebuf.o)
 .debug_frame   0x0000000000000ca4       0x2c /Applications/ARM/bin/../lib/gcc/arm-none-eabi/10.3.1/../../../../arm-none-eabi/lib/thumb/v7e-m/nofp/libg_nano.a(lib_a-readr.o)
 .debug_frame   0x0000000000000cd0       0x2c /Applications/ARM/bin/../lib/gcc/arm-none-eabi/10.3.1/../../../../arm-none-eabi/lib/thumb/v7e-m/nofp/libg_nano.a(lib_a-fstatr.o)
 .debug_frame   0x0000000000000cfc       0x2c /Applications/ARM/bin/../lib/gcc/arm-none-eabi/10.3.1/../../../../arm-none-eabi/lib/thumb/v7e-m/nofp/libg_nano.a(lib_a-isattyr.o)
 .debug_frame   0x0000000000000d28       0x20 /Applications/ARM/bin/../lib/gcc/arm-none-eabi/10.3.1/../../../../arm-none-eabi/lib/thumb/v7e-m/nofp/libnosys.a(close.o)
 .debug_frame   0x0000000000000d48       0x20 /Applications/ARM/bin/../lib/gcc/arm-none-eabi/10.3.1/../../../../arm-none-eabi/lib/thumb/v7e-m/nofp/libnosys.a(fstat.o)
 .debug_frame   0x0000000000000d68       0x20 /Applications/ARM/bin/../lib/gcc/arm-none-eabi/10.3.1/../../../../arm-none-eabi/lib/thumb/v7e-m/nofp/libnosys.a(getpid.o)
 .debug_frame   0x0000000000000d88       0x20 /Applications/ARM/bin/../lib/gcc/arm-none-eabi/10.3.1/../../../../arm-none-eabi/lib/thumb/v7e-m/nofp/libnosys.a(isatty.o)
 .debug_frame   0x0000000000000da8       0x20 /Applications/ARM/bin/../lib/gcc/arm-none-eabi/10.3.1/../../../../arm-none-eabi/lib/thumb/v7e-m/nofp/libnosys.a(kill.o)
 .debug_frame   0x0000000000000dc8       0x20 /Applications/ARM/bin/../lib/gcc/arm-none-eabi/10.3.1/../../../../arm-none-eabi/lib/thumb/v7e-m/nofp/libnosys.a(lseek.o)
 .debug_frame   0x0000000000000de8       0x20 /Applications/ARM/bin/../lib/gcc/arm-none-eabi/10.3.1/../../../../arm-none-eabi/lib/thumb/v7e-m/nofp/libnosys.a(read.o)
 .debug_frame   0x0000000000000e08       0x20 /Applications/ARM/bin/../lib/gcc/arm-none-eabi/10.3.1/../../../../arm-none-eabi/lib/thumb/v7e-m/nofp/libnosys.a(sbrk.o)
 .debug_frame   0x0000000000000e28       0x20 /Applications/ARM/bin/../lib/gcc/arm-none-eabi/10.3.1/../../../../arm-none-eabi/lib/thumb/v7e-m/nofp/libnosys.a(write.o)
 .debug_frame   0x0000000000000e48       0x20 /Applications/ARM/bin/../lib/gcc/arm-none-eabi/10.3.1/../../../../arm-none-eabi/lib/thumb/v7e-m/nofp/libnosys.a(_exit.o)

.debug_loc      0x0000000000000000      0xa78
 .debug_loc     0x0000000000000000      0x560 Projects/LED_Blink_cpp/src/led.o
 .debug_loc     0x0000000000000560       0x76 Projects/LED_Blink_cpp/src/main.o
 .debug_loc     0x00000000000005d6      0x1b9 Projects/LED_Blink_cpp/src/medicalLED.o
 .debug_loc     0x000000000000078f      0x2e9 Projects/LED_Blink_cpp/src/powerLed.o

.stab           0x0000000000000000       0xcc
 .stab          0x0000000000000000       0x24 /Applications/ARM/bin/../lib/gcc/arm-none-eabi/10.3.1/../../../../arm-none-eabi/lib/thumb/v7e-m/nofp/libnosys.a(close.o)
 .stab          0x0000000000000024       0x18 /Applications/ARM/bin/../lib/gcc/arm-none-eabi/10.3.1/../../../../arm-none-eabi/lib/thumb/v7e-m/nofp/libnosys.a(fstat.o)
                                         0x24 (size before relaxing)
 .stab          0x000000000000003c       0x18 /Applications/ARM/bin/../lib/gcc/arm-none-eabi/10.3.1/../../../../arm-none-eabi/lib/thumb/v7e-m/nofp/libnosys.a(getpid.o)
                                         0x24 (size before relaxing)
 .stab          0x0000000000000054       0x18 /Applications/ARM/bin/../lib/gcc/arm-none-eabi/10.3.1/../../../../arm-none-eabi/lib/thumb/v7e-m/nofp/libnosys.a(isatty.o)
                                         0x24 (size before relaxing)
 .stab          0x000000000000006c       0x18 /Applications/ARM/bin/../lib/gcc/arm-none-eabi/10.3.1/../../../../arm-none-eabi/lib/thumb/v7e-m/nofp/libnosys.a(kill.o)
                                         0x24 (size before relaxing)
 .stab          0x0000000000000084       0x18 /Applications/ARM/bin/../lib/gcc/arm-none-eabi/10.3.1/../../../../arm-none-eabi/lib/thumb/v7e-m/nofp/libnosys.a(lseek.o)
                                         0x24 (size before relaxing)
 .stab          0x000000000000009c       0x18 /Applications/ARM/bin/../lib/gcc/arm-none-eabi/10.3.1/../../../../arm-none-eabi/lib/thumb/v7e-m/nofp/libnosys.a(read.o)
                                         0x24 (size before relaxing)
 .stab          0x00000000000000b4       0x18 /Applications/ARM/bin/../lib/gcc/arm-none-eabi/10.3.1/../../../../arm-none-eabi/lib/thumb/v7e-m/nofp/libnosys.a(write.o)
                                         0x24 (size before relaxing)

.stabstr        0x0000000000000000      0x1b9
 .stabstr       0x0000000000000000      0x1b9 /Applications/ARM/bin/../lib/gcc/arm-none-eabi/10.3.1/../../../../arm-none-eabi/lib/thumb/v7e-m/nofp/libnosys.a(close.o)
