Archive member included to satisfy reference by file (symbol)

e:/program files (x86)/gnu arm embedded toolchain/10 2021.10/bin/../lib/gcc/arm-none-eabi/10.3.1/../../../../arm-none-eabi/lib/thumb/v7e-m/nofp\libstdc++_nano.a(del_ops.o)
                              Projects/LED_Blink_cpp/src/led.o (operator delete(void*, unsigned int))
e:/program files (x86)/gnu arm embedded toolchain/10 2021.10/bin/../lib/gcc/arm-none-eabi/10.3.1/../../../../arm-none-eabi/lib/thumb/v7e-m/nofp\libstdc++_nano.a(new_op.o)
                              Projects/LED_Blink_cpp/src/main.o (operator new(unsigned int))
e:/program files (x86)/gnu arm embedded toolchain/10 2021.10/bin/../lib/gcc/arm-none-eabi/10.3.1/../../../../arm-none-eabi/lib/thumb/v7e-m/nofp\libstdc++_nano.a(del_op.o)
                              e:/program files (x86)/gnu arm embedded toolchain/10 2021.10/bin/../lib/gcc/arm-none-eabi/10.3.1/../../../../arm-none-eabi/lib/thumb/v7e-m/nofp\libstdc++_nano.a(del_ops.o) (operator delete(void*))
e:/program files (x86)/gnu arm embedded toolchain/10 2021.10/bin/../lib/gcc/arm-none-eabi/10.3.1/../../../../arm-none-eabi/lib/thumb/v7e-m/nofp\libstdc++_nano.a(new_handler.o)
                              e:/program files (x86)/gnu arm embedded toolchain/10 2021.10/bin/../lib/gcc/arm-none-eabi/10.3.1/../../../../arm-none-eabi/lib/thumb/v7e-m/nofp\libstdc++_nano.a(new_op.o) (std::get_new_handler())
e:/program files (x86)/gnu arm embedded toolchain/10 2021.10/bin/../lib/gcc/arm-none-eabi/10.3.1/../../../../arm-none-eabi/lib/thumb/v7e-m/nofp\libg_nano.a(lib_a-abort.o)
                              e:/program files (x86)/gnu arm embedded toolchain/10 2021.10/bin/../lib/gcc/arm-none-eabi/10.3.1/../../../../arm-none-eabi/lib/thumb/v7e-m/nofp\libstdc++_nano.a(new_op.o) (abort)
e:/program files (x86)/gnu arm embedded toolchain/10 2021.10/bin/../lib/gcc/arm-none-eabi/10.3.1/../../../../arm-none-eabi/lib/thumb/v7e-m/nofp\libg_nano.a(lib_a-exit.o)
                              e:/program files (x86)/gnu arm embedded toolchain/10 2021.10/bin/../lib/gcc/arm-none-eabi/10.3.1/../../../../arm-none-eabi/lib/thumb/v7e-m/nofp/crt0.o (exit)
e:/program files (x86)/gnu arm embedded toolchain/10 2021.10/bin/../lib/gcc/arm-none-eabi/10.3.1/../../../../arm-none-eabi/lib/thumb/v7e-m/nofp\libg_nano.a(lib_a-impure.o)
                              e:/program files (x86)/gnu arm embedded toolchain/10 2021.10/bin/../lib/gcc/arm-none-eabi/10.3.1/../../../../arm-none-eabi/lib/thumb/v7e-m/nofp\libg_nano.a(lib_a-exit.o) (_global_impure_ptr)
e:/program files (x86)/gnu arm embedded toolchain/10 2021.10/bin/../lib/gcc/arm-none-eabi/10.3.1/../../../../arm-none-eabi/lib/thumb/v7e-m/nofp\libg_nano.a(lib_a-init.o)
                              e:/program files (x86)/gnu arm embedded toolchain/10 2021.10/bin/../lib/gcc/arm-none-eabi/10.3.1/../../../../arm-none-eabi/lib/thumb/v7e-m/nofp/crt0.o (__libc_init_array)
e:/program files (x86)/gnu arm embedded toolchain/10 2021.10/bin/../lib/gcc/arm-none-eabi/10.3.1/../../../../arm-none-eabi/lib/thumb/v7e-m/nofp\libg_nano.a(lib_a-malloc.o)
                              e:/program files (x86)/gnu arm embedded toolchain/10 2021.10/bin/../lib/gcc/arm-none-eabi/10.3.1/../../../../arm-none-eabi/lib/thumb/v7e-m/nofp\libstdc++_nano.a(new_op.o) (malloc)
e:/program files (x86)/gnu arm embedded toolchain/10 2021.10/bin/../lib/gcc/arm-none-eabi/10.3.1/../../../../arm-none-eabi/lib/thumb/v7e-m/nofp\libg_nano.a(lib_a-memcpy-stub.o)
                              Projects/LED_Blink_cpp/src/startup.o (memcpy)
e:/program files (x86)/gnu arm embedded toolchain/10 2021.10/bin/../lib/gcc/arm-none-eabi/10.3.1/../../../../arm-none-eabi/lib/thumb/v7e-m/nofp\libg_nano.a(lib_a-memset.o)
                              e:/program files (x86)/gnu arm embedded toolchain/10 2021.10/bin/../lib/gcc/arm-none-eabi/10.3.1/../../../../arm-none-eabi/lib/thumb/v7e-m/nofp/crt0.o (memset)
e:/program files (x86)/gnu arm embedded toolchain/10 2021.10/bin/../lib/gcc/arm-none-eabi/10.3.1/../../../../arm-none-eabi/lib/thumb/v7e-m/nofp\libg_nano.a(lib_a-nano-freer.o)
                              e:/program files (x86)/gnu arm embedded toolchain/10 2021.10/bin/../lib/gcc/arm-none-eabi/10.3.1/../../../../arm-none-eabi/lib/thumb/v7e-m/nofp\libg_nano.a(lib_a-malloc.o) (_free_r)
e:/program files (x86)/gnu arm embedded toolchain/10 2021.10/bin/../lib/gcc/arm-none-eabi/10.3.1/../../../../arm-none-eabi/lib/thumb/v7e-m/nofp\libg_nano.a(lib_a-nano-mallocr.o)
                              e:/program files (x86)/gnu arm embedded toolchain/10 2021.10/bin/../lib/gcc/arm-none-eabi/10.3.1/../../../../arm-none-eabi/lib/thumb/v7e-m/nofp\libg_nano.a(lib_a-malloc.o) (_malloc_r)
e:/program files (x86)/gnu arm embedded toolchain/10 2021.10/bin/../lib/gcc/arm-none-eabi/10.3.1/../../../../arm-none-eabi/lib/thumb/v7e-m/nofp\libg_nano.a(lib_a-printf.o)
                              Projects/LED_Blink_cpp/src/led.o (printf)
[...]
Memory Configuration

Name             Origin             Length             Attributes
FLASH            0x08000000         0x00100000         xr
RAM              0x20000000         0x00020000         xrw
*default*        0x00000000         0xffffffff

Linker script and memory map

LOAD e:/program files (x86)/gnu arm embedded toolchain/10 2021.10/bin/../lib/gcc/arm-none-eabi/10.3.1/thumb/v7e-m/nofp/crti.o
LOAD e:/program files (x86)/gnu arm embedded toolchain/10 2021.10/bin/../lib/gcc/arm-none-eabi/10.3.1/thumb/v7e-m/nofp/crtbegin.o
LOAD e:/program files (x86)/gnu arm embedded toolchain/10 2021.10/bin/../lib/gcc/arm-none-eabi/10.3.1/../../../../arm-none-eabi/lib/thumb/v7e-m/nofp/crt0.o
LOAD Projects/LED_Blink_cpp/src/startup.o
LOAD Projects/LED_Blink_cpp/src/system_stm32f4xx.o
LOAD Projects/LED_Blink_cpp/src/led.o
LOAD Projects/LED_Blink_cpp/src/main.o
LOAD Projects/LED_Blink_cpp/src/powerLed.o
LOAD e:/program files (x86)/gnu arm embedded toolchain/10 2021.10/bin/../lib/gcc/arm-none-eabi/10.3.1/../../../../arm-none-eabi/lib/thumb/v7e-m/nofp\libstdc++_nano.a
LOAD e:/program files (x86)/gnu arm embedded toolchain/10 2021.10/bin/../lib/gcc/arm-none-eabi/10.3.1/../../../../arm-none-eabi/lib/thumb/v7e-m/nofp\libm.a
START GROUP
LOAD e:/program files (x86)/gnu arm embedded toolchain/10 2021.10/bin/../lib/gcc/arm-none-eabi/10.3.1/thumb/v7e-m/nofp\libgcc.a
LOAD e:/program files (x86)/gnu arm embedded toolchain/10 2021.10/bin/../lib/gcc/arm-none-eabi/10.3.1/../../../../arm-none-eabi/lib/thumb/v7e-m/nofp\libg_nano.a
LOAD e:/program files (x86)/gnu arm embedded toolchain/10 2021.10/bin/../lib/gcc/arm-none-eabi/10.3.1/../../../../arm-none-eabi/lib/thumb/v7e-m/nofp\libc_nano.a
END GROUP
START GROUP
LOAD e:/program files (x86)/gnu arm embedded toolchain/10 2021.10/bin/../lib/gcc/arm-none-eabi/10.3.1/thumb/v7e-m/nofp\libgcc.a
LOAD e:/program files (x86)/gnu arm embedded toolchain/10 2021.10/bin/../lib/gcc/arm-none-eabi/10.3.1/../../../../arm-none-eabi/lib/thumb/v7e-m/nofp\libc_nano.a
LOAD e:/program files (x86)/gnu arm embedded toolchain/10 2021.10/bin/../lib/gcc/arm-none-eabi/10.3.1/../../../../arm-none-eabi/lib/thumb/v7e-m/nofp\libnosys.a
END GROUP
START GROUP
LOAD e:/program files (x86)/gnu arm embedded toolchain/10 2021.10/bin/../lib/gcc/arm-none-eabi/10.3.1/thumb/v7e-m/nofp\libgcc.a
LOAD e:/program files (x86)/gnu arm embedded toolchain/10 2021.10/bin/../lib/gcc/arm-none-eabi/10.3.1/../../../../arm-none-eabi/lib/thumb/v7e-m/nofp\libc_nano.a
LOAD e:/program files (x86)/gnu arm embedded toolchain/10 2021.10/bin/../lib/gcc/arm-none-eabi/10.3.1/../../../../arm-none-eabi/lib/thumb/v7e-m/nofp\libnosys.a
END GROUP
LOAD e:/program files (x86)/gnu arm embedded toolchain/10 2021.10/bin/../lib/gcc/arm-none-eabi/10.3.1/thumb/v7e-m/nofp/crtend.o
LOAD e:/program files (x86)/gnu arm embedded toolchain/10 2021.10/bin/../lib/gcc/arm-none-eabi/10.3.1/thumb/v7e-m/nofp/crtn.o

.isr_vector     0x08000000       0x40
 *(.isr_vector)
 .isr_vector    0x08000000       0x40 Projects/LED_Blink_cpp/src/startup.o
                0x08000000                vector_table

.text           0x08000040     0x1844
                0x08000040                . = ALIGN (0x4)
 *(.text*)
 .text          0x08000040       0x40 e:/program files (x86)/gnu arm embedded toolchain/10 2021.10/bin/../lib/gcc/arm-none-eabi/10.3.1/thumb/v7e-m/nofp/crtbegin.o
 .text.Default_Handler
                0x08000080        0x4 Projects/LED_Blink_cpp/src/startup.o
                0x08000080                Default_Handler
 .text.Reset_Handler
                0x08000084       0x54 Projects/LED_Blink_cpp/src/startup.o
                0x08000084                Reset_Handler
 .text          0x080000d8        0x4 Projects/LED_Blink_cpp/src/system_stm32f4xx.o
                0x080000d8                SystemInit
 .text._ZNK3LED17computeEfficiencyEv
                0x080000dc        0x4 Projects/LED_Blink_cpp/src/led.o
                0x080000dc                LED::computeEfficiency() const
 .text._ZN3LEDD2Ev
                0x080000e0        0x4 Projects/LED_Blink_cpp/src/led.o
                0x080000e0                LED::~LED()
                0x080000e0                LED::~LED()
 .text._ZN3LED14runDiagnosticsEv
                0x080000e4       0x10 Projects/LED_Blink_cpp/src/led.o
                0x080000e4                LED::runDiagnostics()
 .text._ZN3LEDD0Ev
                0x080000f4       0x10 Projects/LED_Blink_cpp/src/led.o
                0x080000f4                LED::~LED()
 .text._ZN3LEDC2E13LEDColor_Type13LEDState_Type
                0x08000104      0x104 Projects/LED_Blink_cpp/src/led.o
                0x08000104                LED::LED(LEDColor_Type, LEDState_Type)
                0x08000104                LED::LED(LEDColor_Type, LEDState_Type)
 .text._ZN3LED8setStateE13LEDState_Type
                0x08000208      0x1a0 Projects/LED_Blink_cpp/src/led.o
                0x08000208                LED::setState(LEDState_Type)
 .text._ZNK3LED8getStateEv
                0x080003a8       0x18 Projects/LED_Blink_cpp/src/led.o
                0x080003a8                LED::getState() const
 .text.startup.main
                0x080003c0       0x9c Projects/LED_Blink_cpp/src/main.o
                0x080003c0                main
 .text.startup._GLOBAL__sub_I_redLED
                0x0800045c       0x30 Projects/LED_Blink_cpp/src/main.o
 .text._ZN8powerLEDD2Ev
                0x0800048c        0x4 Projects/LED_Blink_cpp/src/powerLed.o
                0x0800048c                powerLED::~powerLED()
                0x0800048c                powerLED::~powerLED()
 .text._ZNK8powerLED17computeEfficiencyEv
                0x08000490       0x1c Projects/LED_Blink_cpp/src/powerLed.o
                0x08000490                powerLED::computeEfficiency() const
 .text._ZN8powerLED14runDiagnosticsEv
                0x080004ac       0x24 Projects/LED_Blink_cpp/src/powerLed.o
                0x080004ac                powerLED::runDiagnostics()
 .text._ZN8powerLEDD0Ev
                0x080004d0       0x10 Projects/LED_Blink_cpp/src/powerLed.o
                0x080004d0                powerLED::~powerLED()
 .text._ZN8powerLEDC2E13LEDColor_Type13LEDState_Type16LEDDiameter_Type15LEDCurrent_Type15LEDVoltage_Type
                0x080004e0       0x24 Projects/LED_Blink_cpp/src/powerLed.o
                0x080004e0                powerLED::powerLED(LEDColor_Type, LEDState_Type, LEDDiameter_Type, LEDCurrent_Type, LEDVoltage_Type)
                0x080004e0                powerLED::powerLED(LEDColor_Type, LEDState_Type, LEDDiameter_Type, LEDCurrent_Type, LEDVoltage_Type)
 .text._ZN8powerLED21powerLED_computePowerEv
                0x08000504        0xc Projects/LED_Blink_cpp/src/powerLed.o
                0x08000504                powerLED::powerLED_computePower()
 .text._ZN8powerLED19powerLED_getCurrentEv
                0x08000510        0x4 Projects/LED_Blink_cpp/src/powerLed.o
                0x08000510                powerLED::powerLED_getCurrent()
 .text._ZN8powerLED19powerLED_getVoltageEv
                0x08000514        0x4 Projects/LED_Blink_cpp/src/powerLed.o
                0x08000514                powerLED::powerLED_getVoltage()
 .text._ZdlPvj  0x08000518        0x4 e:/program files (x86)/gnu arm embedded toolchain/10 2021.10/bin/../lib/gcc/arm-none-eabi/10.3.1/../../../../arm-none-eabi/lib/thumb/v7e-m/nofp\libstdc++_nano.a(del_ops.o)
                0x08000518                operator delete(void*, unsigned int)
 .text._Znwj    0x0800051c       0x22 e:/program files (x86)/gnu arm embedded toolchain/10 2021.10/bin/../lib/gcc/arm-none-eabi/10.3.1/../../../../arm-none-eabi/lib/thumb/v7e-m/nofp\libstdc++_nano.a(new_op.o)
                0x0800051c                operator new(unsigned int)
 .text._ZdlPv   0x0800053e        0x4 e:/program files (x86)/gnu arm embedded toolchain/10 2021.10/bin/../lib/gcc/arm-none-eabi/10.3.1/../../../../arm-none-eabi/lib/thumb/v7e-m/nofp\libstdc++_nano.a(del_op.o)
                0x0800053e                operator delete(void*)
 *fill*         0x08000542        0x2 
 .text._ZSt15get_new_handlerv
                0x08000544       0x10 e:/program files (x86)/gnu arm embedded toolchain/10 2021.10/bin/../lib/gcc/arm-none-eabi/10.3.1/../../../../arm-none-eabi/lib/thumb/v7e-m/nofp\libstdc++_nano.a(new_handler.o)
                0x08000544                std::get_new_handler()
 .text.abort    0x08000554        0xe e:/program files (x86)/gnu arm embedded toolchain/10 2021.10/bin/../lib/gcc/arm-none-eabi/10.3.1/../../../../arm-none-eabi/lib/thumb/v7e-m/nofp\libg_nano.a(lib_a-abort.o)
                0x08000554                abort
 *fill*         0x08000562        0x2 
 .text.__libc_init_array
                0x08000564       0x48 e:/program files (x86)/gnu arm embedded toolchain/10 2021.10/bin/../lib/gcc/arm-none-eabi/10.3.1/../../../../arm-none-eabi/lib/thumb/v7e-m/nofp\libg_nano.a(lib_a-init.o)
                0x08000564                __libc_init_array
 .text.malloc   0x080005ac       0x10 e:/program files (x86)/gnu arm embedded toolchain/10 2021.10/bin/../lib/gcc/arm-none-eabi/10.3.1/../../../../arm-none-eabi/lib/thumb/v7e-m/nofp\libg_nano.a(lib_a-malloc.o)
                0x080005ac                malloc
 .text.free     0x080005bc       0x10 e:/program files (x86)/gnu arm embedded toolchain/10 2021.10/bin/../lib/gcc/arm-none-eabi/10.3.1/../../../../arm-none-eabi/lib/thumb/v7e-m/nofp\libg_nano.a(lib_a-malloc.o)
                0x080005bc                free
 .text.memcpy   0x080005cc       0x1c e:/program files (x86)/gnu arm embedded toolchain/10 2021.10/bin/../lib/gcc/arm-none-eabi/10.3.1/../../../../arm-none-eabi/lib/thumb/v7e-m/nofp\libg_nano.a(lib_a-memcpy-stub.o)
                0x080005cc                memcpy
 .text.memset   0x080005e8       0x10 e:/program files (x86)/gnu arm embedded toolchain/10 2021.10/bin/../lib/gcc/arm-none-eabi/10.3.1/../../../../arm-none-eabi/lib/thumb/v7e-m/nofp\libg_nano.a(lib_a-memset.o)
                0x080005e8                memset
 .text._free_r  0x080005f8       0x94 e:/program files (x86)/gnu arm embedded toolchain/10 2021.10/bin/../lib/gcc/arm-none-eabi/10.3.1/../../../../arm-none-eabi/lib/thumb/v7e-m/nofp\libg_nano.a(lib_a-nano-freer.o)
                0x080005f8                _free_r
 .text.sbrk_aligned
                0x0800068c       0x40 e:/program files (x86)/gnu arm embedded toolchain/10 2021.10/bin/../lib/gcc/arm-none-eabi/10.3.1/../../../../arm-none-eabi/lib/thumb/v7e-m/nofp\libg_nano.a(lib_a-nano-mallocr.o)
 .text._malloc_r
                0x080006cc       0xe8 e:/program files (x86)/gnu arm embedded toolchain/10 2021.10/bin/../lib/gcc/arm-none-eabi/10.3.1/../../../../arm-none-eabi/lib/thumb/v7e-m/nofp\libg_nano.a(lib_a-nano-mallocr.o)
                0x080006cc                _malloc_r
 .text.printf   0x080007b4       0x30 e:/program files (x86)/gnu arm embedded toolchain/10 2021.10/bin/../lib/gcc/arm-none-eabi/10.3.1/../../../../arm-none-eabi/lib/thumb/v7e-m/nofp\libg_nano.a(lib_a-printf.o)
                0x080007b4                iprintf
                0x080007b4                printf
 .text._sbrk_r  0x080007e4       0x20 e:/program files (x86)/gnu arm embedded toolchain/10 2021.10/bin/../lib/gcc/arm-none-eabi/10.3.1/../../../../arm-none-eabi/lib/thumb/v7e-m/nofp\libg_nano.a(lib_a-sbrkr.o)
                0x080007e4                _sbrk_r
 .text._raise_r
                0x08000804       0x50 e:/program files (x86)/gnu arm embedded toolchain/10 2021.10/bin/../lib/gcc/arm-none-eabi/10.3.1/../../../../arm-none-eabi/lib/thumb/v7e-m/nofp\libg_nano.a(lib_a-signal.o)
                0x08000804                _raise_r
 .text.raise    0x08000854       0x10 e:/program files (x86)/gnu arm embedded toolchain/10 2021.10/bin/../lib/gcc/arm-none-eabi/10.3.1/../../../../arm-none-eabi/lib/thumb/v7e-m/nofp\libg_nano.a(lib_a-signal.o)
                0x08000854                raise
 .text._kill_r  0x08000864       0x24 e:/program files (x86)/gnu arm embedded toolchain/10 2021.10/bin/../lib/gcc/arm-none-eabi/10.3.1/../../../../arm-none-eabi/lib/thumb/v7e-m/nofp\libg_nano.a(lib_a-signalr.o)
                0x08000864                _kill_r
 .text._getpid_r
                0x08000888        0x4 e:/program files (x86)/gnu arm embedded toolchain/10 2021.10/bin/../lib/gcc/arm-none-eabi/10.3.1/../../../../arm-none-eabi/lib/thumb/v7e-m/nofp\libg_nano.a(lib_a-signalr.o)
                0x08000888                _getpid_r
 .text.std      0x0800088c       0x48 e:/program files (x86)/gnu arm embedded toolchain/10 2021.10/bin/../lib/gcc/arm-none-eabi/10.3.1/../../../../arm-none-eabi/lib/thumb/v7e-m/nofp\libg_nano.a(lib_a-findfp.o)
 .text._cleanup_r
                0x080008d4        0xc e:/program files (x86)/gnu arm embedded toolchain/10 2021.10/bin/../lib/gcc/arm-none-eabi/10.3.1/../../../../arm-none-eabi/lib/thumb/v7e-m/nofp\libg_nano.a(lib_a-findfp.o)
                0x080008d4                _cleanup_r
 .text.__sfmoreglue
                0x080008e0       0x2c e:/program files (x86)/gnu arm embedded toolchain/10 2021.10/bin/../lib/gcc/arm-none-eabi/10.3.1/../../../../arm-none-eabi/lib/thumb/v7e-m/nofp\libg_nano.a(lib_a-findfp.o)
                0x080008e0                __sfmoreglue
 .text.__sfp_lock_acquire
                0x0800090c        0xc e:/program files (x86)/gnu arm embedded toolchain/10 2021.10/bin/../lib/gcc/arm-none-eabi/10.3.1/../../../../arm-none-eabi/lib/thumb/v7e-m/nofp\libg_nano.a(lib_a-findfp.o)
                0x0800090c                __sfp_lock_acquire
 .text.__sfp_lock_release
                0x08000918        0xc e:/program files (x86)/gnu arm embedded toolchain/10 2021.10/bin/../lib/gcc/arm-none-eabi/10.3.1/../../../../arm-none-eabi/lib/thumb/v7e-m/nofp\libg_nano.a(lib_a-findfp.o)
                0x08000918                __sfp_lock_release
 .text.__sinit_lock_acquire
                0x08000924        0xc e:/program files (x86)/gnu arm embedded toolchain/10 2021.10/bin/../lib/gcc/arm-none-eabi/10.3.1/../../../../arm-none-eabi/lib/thumb/v7e-m/nofp\libg_nano.a(lib_a-findfp.o)
                0x08000924                __sinit_lock_acquire
 .text.__sinit_lock_release
                0x08000930        0xc e:/program files (x86)/gnu arm embedded toolchain/10 2021.10/bin/../lib/gcc/arm-none-eabi/10.3.1/../../../../arm-none-eabi/lib/thumb/v7e-m/nofp\libg_nano.a(lib_a-findfp.o)
                0x08000930                __sinit_lock_release
 .text.__sinit  0x0800093c       0x70 e:/program files (x86)/gnu arm embedded toolchain/10 2021.10/bin/../lib/gcc/arm-none-eabi/10.3.1/../../../../arm-none-eabi/lib/thumb/v7e-m/nofp\libg_nano.a(lib_a-findfp.o)
                0x0800093c                __sinit
 .text.__sfp    0x080009ac       0x8c e:/program files (x86)/gnu arm embedded toolchain/10 2021.10/bin/../lib/gcc/arm-none-eabi/10.3.1/../../../../arm-none-eabi/lib/thumb/v7e-m/nofp\libg_nano.a(lib_a-findfp.o)
                0x080009ac                __sfp
 .text._fwalk_reent
                0x08000a38       0x3e e:/program files (x86)/gnu arm embedded toolchain/10 2021.10/bin/../lib/gcc/arm-none-eabi/10.3.1/../../../../arm-none-eabi/lib/thumb/v7e-m/nofp\libg_nano.a(lib_a-fwalk.o)
                0x08000a38                _fwalk_reent
 .text.__retarget_lock_init_recursive
                0x08000a76        0x2 e:/program files (x86)/gnu arm embedded toolchain/10 2021.10/bin/../lib/gcc/arm-none-eabi/10.3.1/../../../../arm-none-eabi/lib/thumb/v7e-m/nofp\libg_nano.a(lib_a-lock.o)
                0x08000a76                __retarget_lock_init_recursive
 .text.__retarget_lock_acquire_recursive
                0x08000a78        0x2 e:/program files (x86)/gnu arm embedded toolchain/10 2021.10/bin/../lib/gcc/arm-none-eabi/10.3.1/../../../../arm-none-eabi/lib/thumb/v7e-m/nofp\libg_nano.a(lib_a-lock.o)
                0x08000a78                __retarget_lock_acquire_recursive
 .text.__retarget_lock_release_recursive
                0x08000a7a        0x2 e:/program files (x86)/gnu arm embedded toolchain/10 2021.10/bin/../lib/gcc/arm-none-eabi/10.3.1/../../../../arm-none-eabi/lib/thumb/v7e-m/nofp\libg_nano.a(lib_a-lock.o)
                0x08000a7a                __retarget_lock_release_recursive
 .text.__malloc_lock
                0x08000a7c        0xc e:/program files (x86)/gnu arm embedded toolchain/10 2021.10/bin/../lib/gcc/arm-none-eabi/10.3.1/../../../../arm-none-eabi/lib/thumb/v7e-m/nofp\libg_nano.a(lib_a-mlock.o)
                0x08000a7c                __malloc_lock
 .text.__malloc_unlock
                0x08000a88        0xc e:/program files (x86)/gnu arm embedded toolchain/10 2021.10/bin/../lib/gcc/arm-none-eabi/10.3.1/../../../../arm-none-eabi/lib/thumb/v7e-m/nofp\libg_nano.a(lib_a-mlock.o)
                0x08000a88                __malloc_unlock
 .text.__sfputc_r
                0x08000a94       0x2a e:/program files (x86)/gnu arm embedded toolchain/10 2021.10/bin/../lib/gcc/arm-none-eabi/10.3.1/../../../../arm-none-eabi/lib/thumb/v7e-m/nofp\libg_nano.a(lib_a-nano-vfprintf.o)
 .text.__sfputs_r
                0x08000abe       0x24 e:/program files (x86)/gnu arm embedded toolchain/10 2021.10/bin/../lib/gcc/arm-none-eabi/10.3.1/../../../../arm-none-eabi/lib/thumb/v7e-m/nofp\libg_nano.a(lib_a-nano-vfprintf.o)
                0x08000abe                __sfputs_r
 *fill*         0x08000ae2        0x2 
 .text._vfprintf_r
                0x08000ae4      0x260 e:/program files (x86)/gnu arm embedded toolchain/10 2021.10/bin/../lib/gcc/arm-none-eabi/10.3.1/../../../../arm-none-eabi/lib/thumb/v7e-m/nofp\libg_nano.a(lib_a-nano-vfprintf.o)
                0x08000ae4                _vfprintf_r
                0x08000ae4                _vfiprintf_r
 .text._printf_common
                0x08000d44       0xda e:/program files (x86)/gnu arm embedded toolchain/10 2021.10/bin/../lib/gcc/arm-none-eabi/10.3.1/../../../../arm-none-eabi/lib/thumb/v7e-m/nofp\libg_nano.a(lib_a-nano-vfprintf_i.o)
                0x08000d44                _printf_common
 *fill*         0x08000e1e        0x2 
 .text._printf_i
                0x08000e20      0x24c e:/program files (x86)/gnu arm embedded toolchain/10 2021.10/bin/../lib/gcc/arm-none-eabi/10.3.1/../../../../arm-none-eabi/lib/thumb/v7e-m/nofp\libg_nano.a(lib_a-nano-vfprintf_i.o)
                0x08000e20                _printf_i
 .text.__sread  0x0800106c       0x22 e:/program files (x86)/gnu arm embedded toolchain/10 2021.10/bin/../lib/gcc/arm-none-eabi/10.3.1/../../../../arm-none-eabi/lib/thumb/v7e-m/nofp\libg_nano.a(lib_a-stdio.o)
                0x0800106c                __sread
 .text.__swrite
                0x0800108e       0x38 e:/program files (x86)/gnu arm embedded toolchain/10 2021.10/bin/../lib/gcc/arm-none-eabi/10.3.1/../../../../arm-none-eabi/lib/thumb/v7e-m/nofp\libg_nano.a(lib_a-stdio.o)
                0x0800108e                __swrite
 .text.__sseek  0x080010c6       0x24 e:/program files (x86)/gnu arm embedded toolchain/10 2021.10/bin/../lib/gcc/arm-none-eabi/10.3.1/../../../../arm-none-eabi/lib/thumb/v7e-m/nofp\libg_nano.a(lib_a-stdio.o)
                0x080010c6                __sseek
 .text.__sclose
                0x080010ea        0x8 e:/program files (x86)/gnu arm embedded toolchain/10 2021.10/bin/../lib/gcc/arm-none-eabi/10.3.1/../../../../arm-none-eabi/lib/thumb/v7e-m/nofp\libg_nano.a(lib_a-stdio.o)
                0x080010ea                __sclose
 *fill*         0x080010f2        0x2 
 .text.__swbuf_r
                0x080010f4       0xa4 e:/program files (x86)/gnu arm embedded toolchain/10 2021.10/bin/../lib/gcc/arm-none-eabi/10.3.1/../../../../arm-none-eabi/lib/thumb/v7e-m/nofp\libg_nano.a(lib_a-wbuf.o)
                0x080010f4                __swbuf_r
 .text._write_r
                0x08001198       0x24 e:/program files (x86)/gnu arm embedded toolchain/10 2021.10/bin/../lib/gcc/arm-none-eabi/10.3.1/../../../../arm-none-eabi/lib/thumb/v7e-m/nofp\libg_nano.a(lib_a-writer.o)
                0x08001198                _write_r
 .text.__swsetup_r
                0x080011bc       0xdc e:/program files (x86)/gnu arm embedded toolchain/10 2021.10/bin/../lib/gcc/arm-none-eabi/10.3.1/../../../../arm-none-eabi/lib/thumb/v7e-m/nofp\libg_nano.a(lib_a-wsetup.o)
                0x080011bc                __swsetup_r
 .text._close_r
                0x08001298       0x20 e:/program files (x86)/gnu arm embedded toolchain/10 2021.10/bin/../lib/gcc/arm-none-eabi/10.3.1/../../../../arm-none-eabi/lib/thumb/v7e-m/nofp\libg_nano.a(lib_a-closer.o)
                0x08001298                _close_r
 .text.__sflush_r
                0x080012b8      0x104 e:/program files (x86)/gnu arm embedded toolchain/10 2021.10/bin/../lib/gcc/arm-none-eabi/10.3.1/../../../../arm-none-eabi/lib/thumb/v7e-m/nofp\libg_nano.a(lib_a-fflush.o)
                0x080012b8                __sflush_r
 .text._fflush_r
                0x080013bc       0x78 e:/program files (x86)/gnu arm embedded toolchain/10 2021.10/bin/../lib/gcc/arm-none-eabi/10.3.1/../../../../arm-none-eabi/lib/thumb/v7e-m/nofp\libg_nano.a(lib_a-fflush.o)
                0x080013bc                _fflush_r
 .text._lseek_r
                0x08001434       0x24 e:/program files (x86)/gnu arm embedded toolchain/10 2021.10/bin/../lib/gcc/arm-none-eabi/10.3.1/../../../../arm-none-eabi/lib/thumb/v7e-m/nofp\libg_nano.a(lib_a-lseekr.o)
                0x08001434                _lseek_r
 .text.__swhatbuf_r
                0x08001458       0x4a e:/program files (x86)/gnu arm embedded toolchain/10 2021.10/bin/../lib/gcc/arm-none-eabi/10.3.1/../../../../arm-none-eabi/lib/thumb/v7e-m/nofp\libg_nano.a(lib_a-makebuf.o)
                0x08001458                __swhatbuf_r
 *fill*         0x080014a2        0x2 
 .text.__smakebuf_r
                0x080014a4       0x80 e:/program files (x86)/gnu arm embedded toolchain/10 2021.10/bin/../lib/gcc/arm-none-eabi/10.3.1/../../../../arm-none-eabi/lib/thumb/v7e-m/nofp\libg_nano.a(lib_a-makebuf.o)
                0x080014a4                __smakebuf_r
 *fill*         0x08001524        0xc 
 .text          0x08001530       0xa0 e:/program files (x86)/gnu arm embedded toolchain/10 2021.10/bin/../lib/gcc/arm-none-eabi/10.3.1/../../../../arm-none-eabi/lib/thumb/v7e-m/nofp\libg_nano.a(lib_a-memchr.o)
                0x08001530                memchr
 .text._read_r  0x080015d0       0x24 e:/program files (x86)/gnu arm embedded toolchain/10 2021.10/bin/../lib/gcc/arm-none-eabi/10.3.1/../../../../arm-none-eabi/lib/thumb/v7e-m/nofp\libg_nano.a(lib_a-readr.o)
                0x080015d0                _read_r
 .text._fstat_r
                0x080015f4       0x24 e:/program files (x86)/gnu arm embedded toolchain/10 2021.10/bin/../lib/gcc/arm-none-eabi/10.3.1/../../../../arm-none-eabi/lib/thumb/v7e-m/nofp\libg_nano.a(lib_a-fstatr.o)
                0x080015f4                _fstat_r
 .text._isatty_r
                0x08001618       0x20 e:/program files (x86)/gnu arm embedded toolchain/10 2021.10/bin/../lib/gcc/arm-none-eabi/10.3.1/../../../../arm-none-eabi/lib/thumb/v7e-m/nofp\libg_nano.a(lib_a-isattyr.o)
                0x08001618                _isatty_r
 .text._close   0x08001638       0x10 e:/program files (x86)/gnu arm embedded toolchain/10 2021.10/bin/../lib/gcc/arm-none-eabi/10.3.1/../../../../arm-none-eabi/lib/thumb/v7e-m/nofp\libnosys.a(close.o)
                0x08001638                _close
 .text._fstat   0x08001648       0x10 e:/program files (x86)/gnu arm embedded toolchain/10 2021.10/bin/../lib/gcc/arm-none-eabi/10.3.1/../../../../arm-none-eabi/lib/thumb/v7e-m/nofp\libnosys.a(fstat.o)
                0x08001648                _fstat
 .text._getpid  0x08001658       0x10 e:/program files (x86)/gnu arm embedded toolchain/10 2021.10/bin/../lib/gcc/arm-none-eabi/10.3.1/../../../../arm-none-eabi/lib/thumb/v7e-m/nofp\libnosys.a(getpid.o)
                0x08001658                _getpid
 .text._isatty  0x08001668       0x10 e:/program files (x86)/gnu arm embedded toolchain/10 2021.10/bin/../lib/gcc/arm-none-eabi/10.3.1/../../../../arm-none-eabi/lib/thumb/v7e-m/nofp\libnosys.a(isatty.o)
                0x08001668                _isatty
 .text._kill    0x08001678       0x10 e:/program files (x86)/gnu arm embedded toolchain/10 2021.10/bin/../lib/gcc/arm-none-eabi/10.3.1/../../../../arm-none-eabi/lib/thumb/v7e-m/nofp\libnosys.a(kill.o)
                0x08001678                _kill
 .text._lseek   0x08001688       0x10 e:/program files (x86)/gnu arm embedded toolchain/10 2021.10/bin/../lib/gcc/arm-none-eabi/10.3.1/../../../../arm-none-eabi/lib/thumb/v7e-m/nofp\libnosys.a(lseek.o)
                0x08001688                _lseek
 .text._read    0x08001698       0x10 e:/program files (x86)/gnu arm embedded toolchain/10 2021.10/bin/../lib/gcc/arm-none-eabi/10.3.1/../../../../arm-none-eabi/lib/thumb/v7e-m/nofp\libnosys.a(read.o)
                0x08001698                _read
 .text._sbrk    0x080016a8       0x1c e:/program files (x86)/gnu arm embedded toolchain/10 2021.10/bin/../lib/gcc/arm-none-eabi/10.3.1/../../../../arm-none-eabi/lib/thumb/v7e-m/nofp\libnosys.a(sbrk.o)
                0x080016a8                _sbrk
 .text._write   0x080016c4       0x10 e:/program files (x86)/gnu arm embedded toolchain/10 2021.10/bin/../lib/gcc/arm-none-eabi/10.3.1/../../../../arm-none-eabi/lib/thumb/v7e-m/nofp\libnosys.a(write.o)
                0x080016c4                _write
 .text._exit    0x080016d4        0x4 e:/program files (x86)/gnu arm embedded toolchain/10 2021.10/bin/../lib/gcc/arm-none-eabi/10.3.1/../../../../arm-none-eabi/lib/thumb/v7e-m/nofp\libnosys.a(_exit.o)
                0x080016d4                _exit
 *(.rodata*)
 .rodata._ZN3LED14runDiagnosticsEv.str1.4
                0x080016d8       0x22 Projects/LED_Blink_cpp/src/led.o
 *fill*         0x080016fa        0x2 
 .rodata._ZN3LEDC2E13LEDColor_Type13LEDState_Type.str1.4
                0x080016fc       0x1d Projects/LED_Blink_cpp/src/led.o
 *fill*         0x08001719        0x3 
 .rodata._ZN3LED8setStateE13LEDState_Type.str1.4
                0x0800171c       0x20 Projects/LED_Blink_cpp/src/led.o
 .rodata._ZNK3LED8getStateEv.str1.4
                0x0800173c       0x20 Projects/LED_Blink_cpp/src/led.o
 .rodata._ZTV3LED
                0x0800175c       0x18 Projects/LED_Blink_cpp/src/led.o
                0x0800175c                vtable for LED
 .rodata._ZNK8powerLED17computeEfficiencyEv.str1.4
                0x08001774       0x1e Projects/LED_Blink_cpp/src/powerLed.o
 *fill*         0x08001792        0x2 
 .rodata._ZN8powerLED14runDiagnosticsEv.str1.4
                0x08001794       0x21 Projects/LED_Blink_cpp/src/powerLed.o
 *fill*         0x080017b5        0x3 
 .rodata._ZTV8powerLED
                0x080017b8       0x18 Projects/LED_Blink_cpp/src/powerLed.o
                0x080017b8                vtable for powerLED
 .rodata._global_impure_ptr
                0x080017d0        0x4 e:/program files (x86)/gnu arm embedded toolchain/10 2021.10/bin/../lib/gcc/arm-none-eabi/10.3.1/../../../../arm-none-eabi/lib/thumb/v7e-m/nofp\libg_nano.a(lib_a-impure.o)
                0x080017d0                _global_impure_ptr
 .rodata.__sf_fake_stderr
                0x080017d4       0x20 e:/program files (x86)/gnu arm embedded toolchain/10 2021.10/bin/../lib/gcc/arm-none-eabi/10.3.1/../../../../arm-none-eabi/lib/thumb/v7e-m/nofp\libg_nano.a(lib_a-findfp.o)
                0x080017d4                __sf_fake_stderr
 .rodata.__sf_fake_stdin
                0x080017f4       0x20 e:/program files (x86)/gnu arm embedded toolchain/10 2021.10/bin/../lib/gcc/arm-none-eabi/10.3.1/../../../../arm-none-eabi/lib/thumb/v7e-m/nofp\libg_nano.a(lib_a-findfp.o)
                0x080017f4                __sf_fake_stdin
 .rodata.__sf_fake_stdout
                0x08001814       0x20 e:/program files (x86)/gnu arm embedded toolchain/10 2021.10/bin/../lib/gcc/arm-none-eabi/10.3.1/../../../../arm-none-eabi/lib/thumb/v7e-m/nofp\libg_nano.a(lib_a-findfp.o)
                0x08001814                __sf_fake_stdout
 .rodata._vfprintf_r.str1.1
                0x08001834       0x11 e:/program files (x86)/gnu arm embedded toolchain/10 2021.10/bin/../lib/gcc/arm-none-eabi/10.3.1/../../../../arm-none-eabi/lib/thumb/v7e-m/nofp\libg_nano.a(lib_a-nano-vfprintf.o)
 .rodata._printf_i.str1.1
                0x08001845       0x22 e:/program files (x86)/gnu arm embedded toolchain/10 2021.10/bin/../lib/gcc/arm-none-eabi/10.3.1/../../../../arm-none-eabi/lib/thumb/v7e-m/nofp\libg_nano.a(lib_a-nano-vfprintf_i.o)
 *(.glue_7)
 .glue_7        0x08001867        0x0 linker stubs
 *(.glue_7t)
 .glue_7t       0x08001867        0x0 linker stubs
 *(.init)
 *fill*         0x08001867        0x1 
 .init          0x08001868        0x4 e:/program files (x86)/gnu arm embedded toolchain/10 2021.10/bin/../lib/gcc/arm-none-eabi/10.3.1/thumb/v7e-m/nofp/crti.o
                0x08001868                _init
 .init          0x0800186c        0x8 e:/program files (x86)/gnu arm embedded toolchain/10 2021.10/bin/../lib/gcc/arm-none-eabi/10.3.1/thumb/v7e-m/nofp/crtn.o
 *(.fini)
 .fini          0x08001874        0x4 e:/program files (x86)/gnu arm embedded toolchain/10 2021.10/bin/../lib/gcc/arm-none-eabi/10.3.1/thumb/v7e-m/nofp/crti.o
                0x08001874                _fini
 .fini          0x08001878        0x8 e:/program files (x86)/gnu arm embedded toolchain/10 2021.10/bin/../lib/gcc/arm-none-eabi/10.3.1/thumb/v7e-m/nofp/crtn.o
 *(.ARM.extab* .gnu.linkonce.armextab.*)
 *(.ARM.exidx* .gnu.linkonce.armexidx.*)
 *(.eh_frame)
 .eh_frame      0x08001880        0x0 e:/program files (x86)/gnu arm embedded toolchain/10 2021.10/bin/../lib/gcc/arm-none-eabi/10.3.1/thumb/v7e-m/nofp/crtbegin.o
 .eh_frame      0x08001880        0x4 e:/program files (x86)/gnu arm embedded toolchain/10 2021.10/bin/../lib/gcc/arm-none-eabi/10.3.1/thumb/v7e-m/nofp/crtend.o

.vfp11_veneer   0x08001884        0x0
 .vfp11_veneer  0x08001884        0x0 linker stubs

.v4_bx          0x08001884        0x0
 .v4_bx         0x08001884        0x0 linker stubs

.iplt           0x08001884        0x0
 .iplt          0x08001884        0x0 e:/program files (x86)/gnu arm embedded toolchain/10 2021.10/bin/../lib/gcc/arm-none-eabi/10.3.1/thumb/v7e-m/nofp/crtbegin.o

.rel.dyn        0x08001884        0x0
 .rel.iplt      0x08001884        0x0 e:/program files (x86)/gnu arm embedded toolchain/10 2021.10/bin/../lib/gcc/arm-none-eabi/10.3.1/thumb/v7e-m/nofp/crtbegin.o

.preinit_array  0x08001884        0x0
                0x08001884                PROVIDE (__preinit_array_start = .)
 *(.preinit_array*)
                0x08001884                PROVIDE (__preinit_array_end = .)

.init_array     0x08001884        0x8
                0x08001884                PROVIDE (__init_array_start = .)
 *(SORT_BY_NAME(.init_array.*))
 *(.init_array*)
 .init_array    0x08001884        0x4 e:/program files (x86)/gnu arm embedded toolchain/10 2021.10/bin/../lib/gcc/arm-none-eabi/10.3.1/thumb/v7e-m/nofp/crtbegin.o
 .init_array    0x08001888        0x4 Projects/LED_Blink_cpp/src/main.o
                0x0800188c                PROVIDE (__init_array_end = .)

.fini_array     0x0800188c        0x4
                [!provide]                PROVIDE (__fini_array_start = .)
 *(SORT_BY_NAME(.fini_array.*))
 *(.fini_array*)
 .fini_array    0x0800188c        0x4 e:/program files (x86)/gnu arm embedded toolchain/10 2021.10/bin/../lib/gcc/arm-none-eabi/10.3.1/thumb/v7e-m/nofp/crtbegin.o
                [!provide]                PROVIDE (__fini_array_end = .)
                0x08001890                __etext = .

.data           0x20000000       0x64 load address 0x08001890
                0x20000000                __data_start__ = .
 *(.data*)
 .data._impure_ptr
                0x20000000        0x4 e:/program files (x86)/gnu arm embedded toolchain/10 2021.10/bin/../lib/gcc/arm-none-eabi/10.3.1/../../../../arm-none-eabi/lib/thumb/v7e-m/nofp\libg_nano.a(lib_a-impure.o)
                0x20000000                _impure_ptr
 .data.impure_data
                0x20000004       0x60 e:/program files (x86)/gnu arm embedded toolchain/10 2021.10/bin/../lib/gcc/arm-none-eabi/10.3.1/../../../../arm-none-eabi/lib/thumb/v7e-m/nofp\libg_nano.a(lib_a-impure.o)
                0x20000064                __data_end__ = .

.igot.plt       0x20000064        0x0 load address 0x080018f4
 .igot.plt      0x20000064        0x0 e:/program files (x86)/gnu arm embedded toolchain/10 2021.10/bin/../lib/gcc/arm-none-eabi/10.3.1/thumb/v7e-m/nofp/crtbegin.o

.bss            0x20000064       0x44 load address 0x080018f4
                0x20000064                __bss_start__ = .
 *(.bss*)
 .bss           0x20000064       0x1c e:/program files (x86)/gnu arm embedded toolchain/10 2021.10/bin/../lib/gcc/arm-none-eabi/10.3.1/thumb/v7e-m/nofp/crtbegin.o
 .bss.blueLED_current
                0x20000080        0x1 Projects/LED_Blink_cpp/src/main.o
                0x20000080                blueLED_current
 *fill*         0x20000081        0x3 
 .bss.greenLED  0x20000084        0x5 Projects/LED_Blink_cpp/src/main.o
                0x20000084                greenLED
 .bss.greenLED_power
                0x20000089        0x1 Projects/LED_Blink_cpp/src/main.o
                0x20000089                greenLED_power
 *fill*         0x2000008a        0x2 
 .bss.redLED    0x2000008c        0x2 Projects/LED_Blink_cpp/src/main.o
                0x2000008c                redLED
 .bss.redLED_state
                0x2000008e        0x1 Projects/LED_Blink_cpp/src/main.o
                0x2000008e                redLED_state
 .bss.yellowLED_voltage
                0x2000008f        0x1 Projects/LED_Blink_cpp/src/main.o
                0x2000008f                yellowLED_voltage
 .bss._ZN12_GLOBAL__N_113__new_handlerE
                0x20000090        0x4 e:/program files (x86)/gnu arm embedded toolchain/10 2021.10/bin/../lib/gcc/arm-none-eabi/10.3.1/../../../../arm-none-eabi/lib/thumb/v7e-m/nofp\libstdc++_nano.a(new_handler.o)
 .bss.__malloc_free_list
                0x20000094        0x4 e:/program files (x86)/gnu arm embedded toolchain/10 2021.10/bin/../lib/gcc/arm-none-eabi/10.3.1/../../../../arm-none-eabi/lib/thumb/v7e-m/nofp\libg_nano.a(lib_a-nano-mallocr.o)
                0x20000094                __malloc_free_list
 .bss.__malloc_sbrk_start
                0x20000098        0x4 e:/program files (x86)/gnu arm embedded toolchain/10 2021.10/bin/../lib/gcc/arm-none-eabi/10.3.1/../../../../arm-none-eabi/lib/thumb/v7e-m/nofp\libg_nano.a(lib_a-nano-mallocr.o)
                0x20000098                __malloc_sbrk_start
 .bss.__lock___malloc_recursive_mutex
                0x2000009c        0x1 e:/program files (x86)/gnu arm embedded toolchain/10 2021.10/bin/../lib/gcc/arm-none-eabi/10.3.1/../../../../arm-none-eabi/lib/thumb/v7e-m/nofp\libg_nano.a(lib_a-lock.o)
                0x2000009c                __lock___malloc_recursive_mutex
 .bss.__lock___sfp_recursive_mutex
                0x2000009d        0x1 e:/program files (x86)/gnu arm embedded toolchain/10 2021.10/bin/../lib/gcc/arm-none-eabi/10.3.1/../../../../arm-none-eabi/lib/thumb/v7e-m/nofp\libg_nano.a(lib_a-lock.o)
                0x2000009d                __lock___sfp_recursive_mutex
 .bss.__lock___sinit_recursive_mutex
                0x2000009e        0x1 e:/program files (x86)/gnu arm embedded toolchain/10 2021.10/bin/../lib/gcc/arm-none-eabi/10.3.1/../../../../arm-none-eabi/lib/thumb/v7e-m/nofp\libg_nano.a(lib_a-lock.o)
                0x2000009e                __lock___sinit_recursive_mutex
 *fill*         0x2000009f        0x1 
 .bss.errno     0x200000a0        0x4 e:/program files (x86)/gnu arm embedded toolchain/10 2021.10/bin/../lib/gcc/arm-none-eabi/10.3.1/../../../../arm-none-eabi/lib/thumb/v7e-m/nofp\libg_nano.a(lib_a-reent.o)
                0x200000a0                errno
 .bss.heap_end.0
                0x200000a4        0x4 e:/program files (x86)/gnu arm embedded toolchain/10 2021.10/bin/../lib/gcc/arm-none-eabi/10.3.1/../../../../arm-none-eabi/lib/thumb/v7e-m/nofp\libnosys.a(sbrk.o)
 *(COMMON)
                0x200000a8                . = ALIGN (0x4)
                0x200000a8                __bss_end__ = .
                0x200000a8                end = .
                0x200000a8                _end = .

.stack          0x200000a8      0x400 load address 0x08001938
                0x200000a8                . = ALIGN (0x8)
                0x200000a8                _stack = .
                0x200004a8                . = (. + 0x400)
 *fill*         0x200000a8      0x400 
OUTPUT(Projects/LED_Blink_cpp/main.elf elf32-littlearm)
LOAD linker stubs

.ARM.attributes
                0x00000000       0x2a
 .ARM.attributes
                0x00000000       0x1e e:/program files (x86)/gnu arm embedded toolchain/10 2021.10/bin/../lib/gcc/arm-none-eabi/10.3.1/thumb/v7e-m/nofp/crti.o
 .ARM.attributes
                0x0000001e       0x2e e:/program files (x86)/gnu arm embedded toolchain/10 2021.10/bin/../lib/gcc/arm-none-eabi/10.3.1/thumb/v7e-m/nofp/crtbegin.o
 .ARM.attributes
                0x0000004c       0x2e Projects/LED_Blink_cpp/src/startup.o
 .ARM.attributes
                0x0000007a       0x2e Projects/LED_Blink_cpp/src/system_stm32f4xx.o
 .ARM.attributes
                0x000000a8       0x2e Projects/LED_Blink_cpp/src/led.o
 .ARM.attributes
                0x000000d6       0x2e Projects/LED_Blink_cpp/src/main.o
 .ARM.attributes
                0x00000104       0x2e Projects/LED_Blink_cpp/src/powerLed.o
 .ARM.attributes
                0x00000132       0x2e e:/program files (x86)/gnu arm embedded toolchain/10 2021.10/bin/../lib/gcc/arm-none-eabi/10.3.1/../../../../arm-none-eabi/lib/thumb/v7e-m/nofp\libstdc++_nano.a(del_ops.o)
 .ARM.attributes
                0x00000160       0x2e e:/program files (x86)/gnu arm embedded toolchain/10 2021.10/bin/../lib/gcc/arm-none-eabi/10.3.1/../../../../arm-none-eabi/lib/thumb/v7e-m/nofp\libstdc++_nano.a(new_op.o)
 .ARM.attributes
                0x0000018e       0x2e e:/program files (x86)/gnu arm embedded toolchain/10 2021.10/bin/../lib/gcc/arm-none-eabi/10.3.1/../../../../arm-none-eabi/lib/thumb/v7e-m/nofp\libstdc++_nano.a(del_op.o)
 .ARM.attributes
                0x000001bc       0x2e e:/program files (x86)/gnu arm embedded toolchain/10 2021.10/bin/../lib/gcc/arm-none-eabi/10.3.1/../../../../arm-none-eabi/lib/thumb/v7e-m/nofp\libstdc++_nano.a(new_handler.o)
 .ARM.attributes
                0x000001ea       0x2e e:/program files (x86)/gnu arm embedded toolchain/10 2021.10/bin/../lib/gcc/arm-none-eabi/10.3.1/../../../../arm-none-eabi/lib/thumb/v7e-m/nofp\libg_nano.a(lib_a-abort.o)
 .ARM.attributes
                0x00000218       0x2e e:/program files (x86)/gnu arm embedded toolchain/10 2021.10/bin/../lib/gcc/arm-none-eabi/10.3.1/../../../../arm-none-eabi/lib/thumb/v7e-m/nofp\libg_nano.a(lib_a-impure.o)
 .ARM.attributes
                0x00000246       0x2e e:/program files (x86)/gnu arm embedded toolchain/10 2021.10/bin/../lib/gcc/arm-none-eabi/10.3.1/../../../../arm-none-eabi/lib/thumb/v7e-m/nofp\libg_nano.a(lib_a-init.o)
 .ARM.attributes
                0x00000274       0x2e e:/program files (x86)/gnu arm embedded toolchain/10 2021.10/bin/../lib/gcc/arm-none-eabi/10.3.1/../../../../arm-none-eabi/lib/thumb/v7e-m/nofp\libg_nano.a(lib_a-malloc.o)
 .ARM.attributes
                0x000002a2       0x2e e:/program files (x86)/gnu arm embedded toolchain/10 2021.10/bin/../lib/gcc/arm-none-eabi/10.3.1/../../../../arm-none-eabi/lib/thumb/v7e-m/nofp\libg_nano.a(lib_a-memcpy-stub.o)
 .ARM.attributes
                0x000002d0       0x2e e:/program files (x86)/gnu arm embedded toolchain/10 2021.10/bin/../lib/gcc/arm-none-eabi/10.3.1/../../../../arm-none-eabi/lib/thumb/v7e-m/nofp\libg_nano.a(lib_a-memset.o)
 .ARM.attributes
                0x000002fe       0x2e e:/program files (x86)/gnu arm embedded toolchain/10 2021.10/bin/../lib/gcc/arm-none-eabi/10.3.1/../../../../arm-none-eabi/lib/thumb/v7e-m/nofp\libg_nano.a(lib_a-nano-freer.o)
 .ARM.attributes
                0x0000032c       0x2e e:/program files (x86)/gnu arm embedded toolchain/10 2021.10/bin/../lib/gcc/arm-none-eabi/10.3.1/../../../../arm-none-eabi/lib/thumb/v7e-m/nofp\libg_nano.a(lib_a-nano-mallocr.o)
 .ARM.attributes
                0x0000035a       0x2e e:/program files (x86)/gnu arm embedded toolchain/10 2021.10/bin/../lib/gcc/arm-none-eabi/10.3.1/../../../../arm-none-eabi/lib/thumb/v7e-m/nofp\libg_nano.a(lib_a-printf.o)
 .ARM.attributes
                0x00000388       0x2e e:/program files (x86)/gnu arm embedded toolchain/10 2021.10/bin/../lib/gcc/arm-none-eabi/10.3.1/../../../../arm-none-eabi/lib/thumb/v7e-m/nofp\libg_nano.a(lib_a-sbrkr.o)
 .ARM.attributes
                0x000003b6       0x2e e:/program files (x86)/gnu arm embedded toolchain/10 2021.10/bin/../lib/gcc/arm-none-eabi/10.3.1/../../../../arm-none-eabi/lib/thumb/v7e-m/nofp\libg_nano.a(lib_a-signal.o)
 .ARM.attributes
                0x000003e4       0x2e e:/program files (x86)/gnu arm embedded toolchain/10 2021.10/bin/../lib/gcc/arm-none-eabi/10.3.1/../../../../arm-none-eabi/lib/thumb/v7e-m/nofp\libg_nano.a(lib_a-signalr.o)
 .ARM.attributes
                0x00000412       0x2e e:/program files (x86)/gnu arm embedded toolchain/10 2021.10/bin/../lib/gcc/arm-none-eabi/10.3.1/../../../../arm-none-eabi/lib/thumb/v7e-m/nofp\libg_nano.a(lib_a-findfp.o)
 .ARM.attributes
                0x00000440       0x2e e:/program files (x86)/gnu arm embedded toolchain/10 2021.10/bin/../lib/gcc/arm-none-eabi/10.3.1/../../../../arm-none-eabi/lib/thumb/v7e-m/nofp\libg_nano.a(lib_a-fwalk.o)
 .ARM.attributes
                0x0000046e       0x2e e:/program files (x86)/gnu arm embedded toolchain/10 2021.10/bin/../lib/gcc/arm-none-eabi/10.3.1/../../../../arm-none-eabi/lib/thumb/v7e-m/nofp\libg_nano.a(lib_a-lock.o)
 .ARM.attributes
                0x0000049c       0x2e e:/program files (x86)/gnu arm embedded toolchain/10 2021.10/bin/../lib/gcc/arm-none-eabi/10.3.1/../../../../arm-none-eabi/lib/thumb/v7e-m/nofp\libg_nano.a(lib_a-mlock.o)
 .ARM.attributes
                0x000004ca       0x2e e:/program files (x86)/gnu arm embedded toolchain/10 2021.10/bin/../lib/gcc/arm-none-eabi/10.3.1/../../../../arm-none-eabi/lib/thumb/v7e-m/nofp\libg_nano.a(lib_a-nano-vfprintf.o)
 .ARM.attributes
                0x000004f8       0x2e e:/program files (x86)/gnu arm embedded toolchain/10 2021.10/bin/../lib/gcc/arm-none-eabi/10.3.1/../../../../arm-none-eabi/lib/thumb/v7e-m/nofp\libg_nano.a(lib_a-nano-vfprintf_i.o)
 .ARM.attributes
                0x00000526       0x2e e:/program files (x86)/gnu arm embedded toolchain/10 2021.10/bin/../lib/gcc/arm-none-eabi/10.3.1/../../../../arm-none-eabi/lib/thumb/v7e-m/nofp\libg_nano.a(lib_a-reent.o)
 .ARM.attributes
                0x00000554       0x2e e:/program files (x86)/gnu arm embedded toolchain/10 2021.10/bin/../lib/gcc/arm-none-eabi/10.3.1/../../../../arm-none-eabi/lib/thumb/v7e-m/nofp\libg_nano.a(lib_a-stdio.o)
 .ARM.attributes
                0x00000582       0x2e e:/program files (x86)/gnu arm embedded toolchain/10 2021.10/bin/../lib/gcc/arm-none-eabi/10.3.1/../../../../arm-none-eabi/lib/thumb/v7e-m/nofp\libg_nano.a(lib_a-wbuf.o)
 .ARM.attributes
                0x000005b0       0x2e e:/program files (x86)/gnu arm embedded toolchain/10 2021.10/bin/../lib/gcc/arm-none-eabi/10.3.1/../../../../arm-none-eabi/lib/thumb/v7e-m/nofp\libg_nano.a(lib_a-writer.o)
 .ARM.attributes
                0x000005de       0x2e e:/program files (x86)/gnu arm embedded toolchain/10 2021.10/bin/../lib/gcc/arm-none-eabi/10.3.1/../../../../arm-none-eabi/lib/thumb/v7e-m/nofp\libg_nano.a(lib_a-wsetup.o)
 .ARM.attributes
                0x0000060c       0x2e e:/program files (x86)/gnu arm embedded toolchain/10 2021.10/bin/../lib/gcc/arm-none-eabi/10.3.1/../../../../arm-none-eabi/lib/thumb/v7e-m/nofp\libg_nano.a(lib_a-closer.o)
 .ARM.attributes
                0x0000063a       0x2e e:/program files (x86)/gnu arm embedded toolchain/10 2021.10/bin/../lib/gcc/arm-none-eabi/10.3.1/../../../../arm-none-eabi/lib/thumb/v7e-m/nofp\libg_nano.a(lib_a-fflush.o)
 .ARM.attributes
                0x00000668       0x2e e:/program files (x86)/gnu arm embedded toolchain/10 2021.10/bin/../lib/gcc/arm-none-eabi/10.3.1/../../../../arm-none-eabi/lib/thumb/v7e-m/nofp\libg_nano.a(lib_a-lseekr.o)
 .ARM.attributes
                0x00000696       0x2e e:/program files (x86)/gnu arm embedded toolchain/10 2021.10/bin/../lib/gcc/arm-none-eabi/10.3.1/../../../../arm-none-eabi/lib/thumb/v7e-m/nofp\libg_nano.a(lib_a-makebuf.o)
 .ARM.attributes
                0x000006c4       0x1c e:/program files (x86)/gnu arm embedded toolchain/10 2021.10/bin/../lib/gcc/arm-none-eabi/10.3.1/../../../../arm-none-eabi/lib/thumb/v7e-m/nofp\libg_nano.a(lib_a-memchr.o)
 .ARM.attributes
                0x000006e0       0x2e e:/program files (x86)/gnu arm embedded toolchain/10 2021.10/bin/../lib/gcc/arm-none-eabi/10.3.1/../../../../arm-none-eabi/lib/thumb/v7e-m/nofp\libg_nano.a(lib_a-readr.o)
 .ARM.attributes
                0x0000070e       0x2e e:/program files (x86)/gnu arm embedded toolchain/10 2021.10/bin/../lib/gcc/arm-none-eabi/10.3.1/../../../../arm-none-eabi/lib/thumb/v7e-m/nofp\libg_nano.a(lib_a-fstatr.o)
 .ARM.attributes
                0x0000073c       0x2e e:/program files (x86)/gnu arm embedded toolchain/10 2021.10/bin/../lib/gcc/arm-none-eabi/10.3.1/../../../../arm-none-eabi/lib/thumb/v7e-m/nofp\libg_nano.a(lib_a-isattyr.o)
 .ARM.attributes
                0x0000076a       0x2e e:/program files (x86)/gnu arm embedded toolchain/10 2021.10/bin/../lib/gcc/arm-none-eabi/10.3.1/../../../../arm-none-eabi/lib/thumb/v7e-m/nofp\libnosys.a(close.o)
 .ARM.attributes
                0x00000798       0x2e e:/program files (x86)/gnu arm embedded toolchain/10 2021.10/bin/../lib/gcc/arm-none-eabi/10.3.1/../../../../arm-none-eabi/lib/thumb/v7e-m/nofp\libnosys.a(fstat.o)
 .ARM.attributes
                0x000007c6       0x2e e:/program files (x86)/gnu arm embedded toolchain/10 2021.10/bin/../lib/gcc/arm-none-eabi/10.3.1/../../../../arm-none-eabi/lib/thumb/v7e-m/nofp\libnosys.a(getpid.o)
 .ARM.attributes
                0x000007f4       0x2e e:/program files (x86)/gnu arm embedded toolchain/10 2021.10/bin/../lib/gcc/arm-none-eabi/10.3.1/../../../../arm-none-eabi/lib/thumb/v7e-m/nofp\libnosys.a(isatty.o)
 .ARM.attributes
                0x00000822       0x2e e:/program files (x86)/gnu arm embedded toolchain/10 2021.10/bin/../lib/gcc/arm-none-eabi/10.3.1/../../../../arm-none-eabi/lib/thumb/v7e-m/nofp\libnosys.a(kill.o)
 .ARM.attributes
                0x00000850       0x2e e:/program files (x86)/gnu arm embedded toolchain/10 2021.10/bin/../lib/gcc/arm-none-eabi/10.3.1/../../../../arm-none-eabi/lib/thumb/v7e-m/nofp\libnosys.a(lseek.o)
 .ARM.attributes
                0x0000087e       0x2e e:/program files (x86)/gnu arm embedded toolchain/10 2021.10/bin/../lib/gcc/arm-none-eabi/10.3.1/../../../../arm-none-eabi/lib/thumb/v7e-m/nofp\libnosys.a(read.o)
 .ARM.attributes
                0x000008ac       0x2e e:/program files (x86)/gnu arm embedded toolchain/10 2021.10/bin/../lib/gcc/arm-none-eabi/10.3.1/../../../../arm-none-eabi/lib/thumb/v7e-m/nofp\libnosys.a(sbrk.o)
 .ARM.attributes
                0x000008da       0x2e e:/program files (x86)/gnu arm embedded toolchain/10 2021.10/bin/../lib/gcc/arm-none-eabi/10.3.1/../../../../arm-none-eabi/lib/thumb/v7e-m/nofp\libnosys.a(write.o)
 .ARM.attributes
                0x00000908       0x2e e:/program files (x86)/gnu arm embedded toolchain/10 2021.10/bin/../lib/gcc/arm-none-eabi/10.3.1/../../../../arm-none-eabi/lib/thumb/v7e-m/nofp\libnosys.a(_exit.o)
 .ARM.attributes
                0x00000936       0x2e e:/program files (x86)/gnu arm embedded toolchain/10 2021.10/bin/../lib/gcc/arm-none-eabi/10.3.1/thumb/v7e-m/nofp/crtend.o
 .ARM.attributes
                0x00000964       0x1e e:/program files (x86)/gnu arm embedded toolchain/10 2021.10/bin/../lib/gcc/arm-none-eabi/10.3.1/thumb/v7e-m/nofp/crtn.o

.comment        0x00000000       0x49
 .comment       0x00000000       0x49 Projects/LED_Blink_cpp/src/startup.o
                                 0x4a (size before relaxing)
 .comment       0x00000049       0x4a Projects/LED_Blink_cpp/src/system_stm32f4xx.o
 .comment       0x00000049       0x4a Projects/LED_Blink_cpp/src/led.o
 .comment       0x00000049       0x4a Projects/LED_Blink_cpp/src/main.o
 .comment       0x00000049       0x4a Projects/LED_Blink_cpp/src/powerLed.o

.debug_info     0x00000000     0x1b20
 .debug_info    0x00000000      0x1ab Projects/LED_Blink_cpp/src/startup.o
 .debug_info    0x000001ab       0x7e Projects/LED_Blink_cpp/src/system_stm32f4xx.o
 .debug_info    0x00000229      0x9a2 Projects/LED_Blink_cpp/src/led.o
 .debug_info    0x00000bcb      0x703 Projects/LED_Blink_cpp/src/main.o
 .debug_info    0x000012ce      0x852 Projects/LED_Blink_cpp/src/powerLed.o

.debug_abbrev   0x00000000      0x9d7
 .debug_abbrev  0x00000000      0x115 Projects/LED_Blink_cpp/src/startup.o
 .debug_abbrev  0x00000115       0x44 Projects/LED_Blink_cpp/src/system_stm32f4xx.o
 .debug_abbrev  0x00000159      0x330 Projects/LED_Blink_cpp/src/led.o
 .debug_abbrev  0x00000489      0x24a Projects/LED_Blink_cpp/src/main.o
 .debug_abbrev  0x000006d3      0x304 Projects/LED_Blink_cpp/src/powerLed.o

.debug_aranges  0x00000000      0x140
 .debug_aranges
                0x00000000       0x28 Projects/LED_Blink_cpp/src/startup.o
 .debug_aranges
                0x00000028       0x20 Projects/LED_Blink_cpp/src/system_stm32f4xx.o
 .debug_aranges
                0x00000048       0x50 Projects/LED_Blink_cpp/src/led.o
 .debug_aranges
                0x00000098       0x30 Projects/LED_Blink_cpp/src/main.o
 .debug_aranges
                0x000000c8       0x78 Projects/LED_Blink_cpp/src/powerLed.o

.debug_ranges   0x00000000      0x118
 .debug_ranges  0x00000000       0x18 Projects/LED_Blink_cpp/src/startup.o
 .debug_ranges  0x00000018       0x40 Projects/LED_Blink_cpp/src/led.o
 .debug_ranges  0x00000058       0x40 Projects/LED_Blink_cpp/src/main.o
 .debug_ranges  0x00000098       0x80 Projects/LED_Blink_cpp/src/powerLed.o

.debug_line     0x00000000      0xdff
 .debug_line    0x00000000      0x1e7 Projects/LED_Blink_cpp/src/startup.o
 .debug_line    0x000001e7       0x5c Projects/LED_Blink_cpp/src/system_stm32f4xx.o
 .debug_line    0x00000243      0x5e2 Projects/LED_Blink_cpp/src/led.o
 .debug_line    0x00000825      0x276 Projects/LED_Blink_cpp/src/main.o
 .debug_line    0x00000a9b      0x364 Projects/LED_Blink_cpp/src/powerLed.o

.debug_str      0x00000000      0xd06
 .debug_str     0x00000000      0x1dd Projects/LED_Blink_cpp/src/startup.o
                                0x228 (size before relaxing)
 .debug_str     0x000001dd       0xce Projects/LED_Blink_cpp/src/system_stm32f4xx.o
                                0x15d (size before relaxing)
 .debug_str     0x000002ab      0x495 Projects/LED_Blink_cpp/src/led.o
                                0x598 (size before relaxing)
 .debug_str     0x00000740      0x3a4 Projects/LED_Blink_cpp/src/main.o
                                0x722 (size before relaxing)
 .debug_str     0x00000ae4      0x222 Projects/LED_Blink_cpp/src/powerLed.o
                                0x71a (size before relaxing)

.debug_frame    0x00000000      0xde0
 .debug_frame   0x00000000       0x38 Projects/LED_Blink_cpp/src/startup.o
 .debug_frame   0x00000038       0x20 Projects/LED_Blink_cpp/src/system_stm32f4xx.o
 .debug_frame   0x00000058       0xbc Projects/LED_Blink_cpp/src/led.o
 .debug_frame   0x00000114       0x60 Projects/LED_Blink_cpp/src/main.o
 .debug_frame   0x00000174      0x104 Projects/LED_Blink_cpp/src/powerLed.o
 .debug_frame   0x00000278       0x20 e:/program files (x86)/gnu arm embedded toolchain/10 2021.10/bin/../lib/gcc/arm-none-eabi/10.3.1/../../../../arm-none-eabi/lib/thumb/v7e-m/nofp\libstdc++_nano.a(del_ops.o)
 .debug_frame   0x00000298       0x28 e:/program files (x86)/gnu arm embedded toolchain/10 2021.10/bin/../lib/gcc/arm-none-eabi/10.3.1/../../../../arm-none-eabi/lib/thumb/v7e-m/nofp\libstdc++_nano.a(new_op.o)
 .debug_frame   0x000002c0       0x20 e:/program files (x86)/gnu arm embedded toolchain/10 2021.10/bin/../lib/gcc/arm-none-eabi/10.3.1/../../../../arm-none-eabi/lib/thumb/v7e-m/nofp\libstdc++_nano.a(del_op.o)
 .debug_frame   0x000002e0       0x30 e:/program files (x86)/gnu arm embedded toolchain/10 2021.10/bin/../lib/gcc/arm-none-eabi/10.3.1/../../../../arm-none-eabi/lib/thumb/v7e-m/nofp\libstdc++_nano.a(new_handler.o)
 .debug_frame   0x00000310       0x28 e:/program files (x86)/gnu arm embedded toolchain/10 2021.10/bin/../lib/gcc/arm-none-eabi/10.3.1/../../../../arm-none-eabi/lib/thumb/v7e-m/nofp\libg_nano.a(lib_a-abort.o)
 .debug_frame   0x00000338       0x2c e:/program files (x86)/gnu arm embedded toolchain/10 2021.10/bin/../lib/gcc/arm-none-eabi/10.3.1/../../../../arm-none-eabi/lib/thumb/v7e-m/nofp\libg_nano.a(lib_a-init.o)
 .debug_frame   0x00000364       0x30 e:/program files (x86)/gnu arm embedded toolchain/10 2021.10/bin/../lib/gcc/arm-none-eabi/10.3.1/../../../../arm-none-eabi/lib/thumb/v7e-m/nofp\libg_nano.a(lib_a-malloc.o)
 .debug_frame   0x00000394       0x28 e:/program files (x86)/gnu arm embedded toolchain/10 2021.10/bin/../lib/gcc/arm-none-eabi/10.3.1/../../../../arm-none-eabi/lib/thumb/v7e-m/nofp\libg_nano.a(lib_a-memcpy-stub.o)
 .debug_frame   0x000003bc       0x20 e:/program files (x86)/gnu arm embedded toolchain/10 2021.10/bin/../lib/gcc/arm-none-eabi/10.3.1/../../../../arm-none-eabi/lib/thumb/v7e-m/nofp\libg_nano.a(lib_a-memset.o)
 .debug_frame   0x000003dc       0x38 e:/program files (x86)/gnu arm embedded toolchain/10 2021.10/bin/../lib/gcc/arm-none-eabi/10.3.1/../../../../arm-none-eabi/lib/thumb/v7e-m/nofp\libg_nano.a(lib_a-nano-freer.o)
 .debug_frame   0x00000414       0x4c e:/program files (x86)/gnu arm embedded toolchain/10 2021.10/bin/../lib/gcc/arm-none-eabi/10.3.1/../../../../arm-none-eabi/lib/thumb/v7e-m/nofp\libg_nano.a(lib_a-nano-mallocr.o)
 .debug_frame   0x00000460       0x74 e:/program files (x86)/gnu arm embedded toolchain/10 2021.10/bin/../lib/gcc/arm-none-eabi/10.3.1/../../../../arm-none-eabi/lib/thumb/v7e-m/nofp\libg_nano.a(lib_a-printf.o)
 .debug_frame   0x000004d4       0x2c e:/program files (x86)/gnu arm embedded toolchain/10 2021.10/bin/../lib/gcc/arm-none-eabi/10.3.1/../../../../arm-none-eabi/lib/thumb/v7e-m/nofp\libg_nano.a(lib_a-sbrkr.o)
 .debug_frame   0x00000500       0xcc e:/program files (x86)/gnu arm embedded toolchain/10 2021.10/bin/../lib/gcc/arm-none-eabi/10.3.1/../../../../arm-none-eabi/lib/thumb/v7e-m/nofp\libg_nano.a(lib_a-signal.o)
 .debug_frame   0x000005cc       0x3c e:/program files (x86)/gnu arm embedded toolchain/10 2021.10/bin/../lib/gcc/arm-none-eabi/10.3.1/../../../../arm-none-eabi/lib/thumb/v7e-m/nofp\libg_nano.a(lib_a-signalr.o)
 .debug_frame   0x00000608      0x14c e:/program files (x86)/gnu arm embedded toolchain/10 2021.10/bin/../lib/gcc/arm-none-eabi/10.3.1/../../../../arm-none-eabi/lib/thumb/v7e-m/nofp\libg_nano.a(lib_a-findfp.o)
 .debug_frame   0x00000754       0x54 e:/program files (x86)/gnu arm embedded toolchain/10 2021.10/bin/../lib/gcc/arm-none-eabi/10.3.1/../../../../arm-none-eabi/lib/thumb/v7e-m/nofp\libg_nano.a(lib_a-fwalk.o)
 .debug_frame   0x000007a8       0xb0 e:/program files (x86)/gnu arm embedded toolchain/10 2021.10/bin/../lib/gcc/arm-none-eabi/10.3.1/../../../../arm-none-eabi/lib/thumb/v7e-m/nofp\libg_nano.a(lib_a-lock.o)
 .debug_frame   0x00000858       0x30 e:/program files (x86)/gnu arm embedded toolchain/10 2021.10/bin/../lib/gcc/arm-none-eabi/10.3.1/../../../../arm-none-eabi/lib/thumb/v7e-m/nofp\libg_nano.a(lib_a-mlock.o)
 .debug_frame   0x00000888       0xac e:/program files (x86)/gnu arm embedded toolchain/10 2021.10/bin/../lib/gcc/arm-none-eabi/10.3.1/../../../../arm-none-eabi/lib/thumb/v7e-m/nofp\libg_nano.a(lib_a-nano-vfprintf.o)
 .debug_frame   0x00000934       0x60 e:/program files (x86)/gnu arm embedded toolchain/10 2021.10/bin/../lib/gcc/arm-none-eabi/10.3.1/../../../../arm-none-eabi/lib/thumb/v7e-m/nofp\libg_nano.a(lib_a-nano-vfprintf_i.o)
 .debug_frame   0x00000994       0x5c e:/program files (x86)/gnu arm embedded toolchain/10 2021.10/bin/../lib/gcc/arm-none-eabi/10.3.1/../../../../arm-none-eabi/lib/thumb/v7e-m/nofp\libg_nano.a(lib_a-reent.o)
 .debug_frame   0x000009f0       0x88 e:/program files (x86)/gnu arm embedded toolchain/10 2021.10/bin/../lib/gcc/arm-none-eabi/10.3.1/../../../../arm-none-eabi/lib/thumb/v7e-m/nofp\libg_nano.a(lib_a-stdio.o)
 .debug_frame   0x00000a78       0x40 e:/program files (x86)/gnu arm embedded toolchain/10 2021.10/bin/../lib/gcc/arm-none-eabi/10.3.1/../../../../arm-none-eabi/lib/thumb/v7e-m/nofp\libg_nano.a(lib_a-wbuf.o)
 .debug_frame   0x00000ab8       0x2c e:/program files (x86)/gnu arm embedded toolchain/10 2021.10/bin/../lib/gcc/arm-none-eabi/10.3.1/../../../../arm-none-eabi/lib/thumb/v7e-m/nofp\libg_nano.a(lib_a-writer.o)
 .debug_frame   0x00000ae4       0x2c e:/program files (x86)/gnu arm embedded toolchain/10 2021.10/bin/../lib/gcc/arm-none-eabi/10.3.1/../../../../arm-none-eabi/lib/thumb/v7e-m/nofp\libg_nano.a(lib_a-wsetup.o)
 .debug_frame   0x00000b10       0x2c e:/program files (x86)/gnu arm embedded toolchain/10 2021.10/bin/../lib/gcc/arm-none-eabi/10.3.1/../../../../arm-none-eabi/lib/thumb/v7e-m/nofp\libg_nano.a(lib_a-closer.o)
 .debug_frame   0x00000b3c       0x5c e:/program files (x86)/gnu arm embedded toolchain/10 2021.10/bin/../lib/gcc/arm-none-eabi/10.3.1/../../../../arm-none-eabi/lib/thumb/v7e-m/nofp\libg_nano.a(lib_a-fflush.o)
 .debug_frame   0x00000b98       0x2c e:/program files (x86)/gnu arm embedded toolchain/10 2021.10/bin/../lib/gcc/arm-none-eabi/10.3.1/../../../../arm-none-eabi/lib/thumb/v7e-m/nofp\libg_nano.a(lib_a-lseekr.o)
 .debug_frame   0x00000bc4       0x58 e:/program files (x86)/gnu arm embedded toolchain/10 2021.10/bin/../lib/gcc/arm-none-eabi/10.3.1/../../../../arm-none-eabi/lib/thumb/v7e-m/nofp\libg_nano.a(lib_a-makebuf.o)
 .debug_frame   0x00000c1c       0x2c e:/program files (x86)/gnu arm embedded toolchain/10 2021.10/bin/../lib/gcc/arm-none-eabi/10.3.1/../../../../arm-none-eabi/lib/thumb/v7e-m/nofp\libg_nano.a(lib_a-readr.o)
 .debug_frame   0x00000c48       0x2c e:/program files (x86)/gnu arm embedded toolchain/10 2021.10/bin/../lib/gcc/arm-none-eabi/10.3.1/../../../../arm-none-eabi/lib/thumb/v7e-m/nofp\libg_nano.a(lib_a-fstatr.o)
 .debug_frame   0x00000c74       0x2c e:/program files (x86)/gnu arm embedded toolchain/10 2021.10/bin/../lib/gcc/arm-none-eabi/10.3.1/../../../../arm-none-eabi/lib/thumb/v7e-m/nofp\libg_nano.a(lib_a-isattyr.o)
 .debug_frame   0x00000ca0       0x20 e:/program files (x86)/gnu arm embedded toolchain/10 2021.10/bin/../lib/gcc/arm-none-eabi/10.3.1/../../../../arm-none-eabi/lib/thumb/v7e-m/nofp\libnosys.a(close.o)
 .debug_frame   0x00000cc0       0x20 e:/program files (x86)/gnu arm embedded toolchain/10 2021.10/bin/../lib/gcc/arm-none-eabi/10.3.1/../../../../arm-none-eabi/lib/thumb/v7e-m/nofp\libnosys.a(fstat.o)
 .debug_frame   0x00000ce0       0x20 e:/program files (x86)/gnu arm embedded toolchain/10 2021.10/bin/../lib/gcc/arm-none-eabi/10.3.1/../../../../arm-none-eabi/lib/thumb/v7e-m/nofp\libnosys.a(getpid.o)
 .debug_frame   0x00000d00       0x20 e:/program files (x86)/gnu arm embedded toolchain/10 2021.10/bin/../lib/gcc/arm-none-eabi/10.3.1/../../../../arm-none-eabi/lib/thumb/v7e-m/nofp\libnosys.a(isatty.o)
 .debug_frame   0x00000d20       0x20 e:/program files (x86)/gnu arm embedded toolchain/10 2021.10/bin/../lib/gcc/arm-none-eabi/10.3.1/../../../../arm-none-eabi/lib/thumb/v7e-m/nofp\libnosys.a(kill.o)
 .debug_frame   0x00000d40       0x20 e:/program files (x86)/gnu arm embedded toolchain/10 2021.10/bin/../lib/gcc/arm-none-eabi/10.3.1/../../../../arm-none-eabi/lib/thumb/v7e-m/nofp\libnosys.a(lseek.o)
 .debug_frame   0x00000d60       0x20 e:/program files (x86)/gnu arm embedded toolchain/10 2021.10/bin/../lib/gcc/arm-none-eabi/10.3.1/../../../../arm-none-eabi/lib/thumb/v7e-m/nofp\libnosys.a(read.o)
 .debug_frame   0x00000d80       0x20 e:/program files (x86)/gnu arm embedded toolchain/10 2021.10/bin/../lib/gcc/arm-none-eabi/10.3.1/../../../../arm-none-eabi/lib/thumb/v7e-m/nofp\libnosys.a(sbrk.o)
 .debug_frame   0x00000da0       0x20 e:/program files (x86)/gnu arm embedded toolchain/10 2021.10/bin/../lib/gcc/arm-none-eabi/10.3.1/../../../../arm-none-eabi/lib/thumb/v7e-m/nofp\libnosys.a(write.o)
 .debug_frame   0x00000dc0       0x20 e:/program files (x86)/gnu arm embedded toolchain/10 2021.10/bin/../lib/gcc/arm-none-eabi/10.3.1/../../../../arm-none-eabi/lib/thumb/v7e-m/nofp\libnosys.a(_exit.o)

.debug_loc      0x00000000      0x832
 .debug_loc     0x00000000      0x560 Projects/LED_Blink_cpp/src/led.o
 .debug_loc     0x00000560       0x43 Projects/LED_Blink_cpp/src/main.o
 .debug_loc     0x000005a3      0x28f Projects/LED_Blink_cpp/src/powerLed.o

.stab           0x00000000       0xcc
 .stab          0x00000000       0x24 e:/program files (x86)/gnu arm embedded toolchain/10 2021.10/bin/../lib/gcc/arm-none-eabi/10.3.1/../../../../arm-none-eabi/lib/thumb/v7e-m/nofp\libnosys.a(close.o)
 .stab          0x00000024       0x18 e:/program files (x86)/gnu arm embedded toolchain/10 2021.10/bin/../lib/gcc/arm-none-eabi/10.3.1/../../../../arm-none-eabi/lib/thumb/v7e-m/nofp\libnosys.a(fstat.o)
                                 0x24 (size before relaxing)
 .stab          0x0000003c       0x18 e:/program files (x86)/gnu arm embedded toolchain/10 2021.10/bin/../lib/gcc/arm-none-eabi/10.3.1/../../../../arm-none-eabi/lib/thumb/v7e-m/nofp\libnosys.a(getpid.o)
                                 0x24 (size before relaxing)
 .stab          0x00000054       0x18 e:/program files (x86)/gnu arm embedded toolchain/10 2021.10/bin/../lib/gcc/arm-none-eabi/10.3.1/../../../../arm-none-eabi/lib/thumb/v7e-m/nofp\libnosys.a(isatty.o)
                                 0x24 (size before relaxing)
 .stab          0x0000006c       0x18 e:/program files (x86)/gnu arm embedded toolchain/10 2021.10/bin/../lib/gcc/arm-none-eabi/10.3.1/../../../../arm-none-eabi/lib/thumb/v7e-m/nofp\libnosys.a(kill.o)
                                 0x24 (size before relaxing)
 .stab          0x00000084       0x18 e:/program files (x86)/gnu arm embedded toolchain/10 2021.10/bin/../lib/gcc/arm-none-eabi/10.3.1/../../../../arm-none-eabi/lib/thumb/v7e-m/nofp\libnosys.a(lseek.o)
                                 0x24 (size before relaxing)
 .stab          0x0000009c       0x18 e:/program files (x86)/gnu arm embedded toolchain/10 2021.10/bin/../lib/gcc/arm-none-eabi/10.3.1/../../../../arm-none-eabi/lib/thumb/v7e-m/nofp\libnosys.a(read.o)
                                 0x24 (size before relaxing)
 .stab          0x000000b4       0x18 e:/program files (x86)/gnu arm embedded toolchain/10 2021.10/bin/../lib/gcc/arm-none-eabi/10.3.1/../../../../arm-none-eabi/lib/thumb/v7e-m/nofp\libnosys.a(write.o)
                                 0x24 (size before relaxing)

.stabstr        0x00000000      0x1b9
 .stabstr       0x00000000      0x1b9 e:/program files (x86)/gnu arm embedded toolchain/10 2021.10/bin/../lib/gcc/arm-none-eabi/10.3.1/../../../../arm-none-eabi/lib/thumb/v7e-m/nofp\libnosys.a(close.o)
