Archive member included to satisfy reference by file (symbol)

c:/program files (x86)/gnu arm embedded toolchain/10 2021.10/bin/../lib/gcc/arm-none-eabi/10.3.1/../../../../arm-none-eabi/lib/thumb/v7e-m/nofp\libg_nano.a(lib_a-exit.o)
                              c:/program files (x86)/gnu arm embedded toolchain/10 2021.10/bin/../lib/gcc/arm-none-eabi/10.3.1/../../../../arm-none-eabi/lib/thumb/v7e-m/nofp/crt0.o (exit)
c:/program files (x86)/gnu arm embedded toolchain/10 2021.10/bin/../lib/gcc/arm-none-eabi/10.3.1/../../../../arm-none-eabi/lib/thumb/v7e-m/nofp\libg_nano.a(lib_a-impure.o)
                              c:/program files (x86)/gnu arm embedded toolchain/10 2021.10/bin/../lib/gcc/arm-none-eabi/10.3.1/../../../../arm-none-eabi/lib/thumb/v7e-m/nofp\libg_nano.a(lib_a-exit.o) (_global_impure_ptr)
c:/program files (x86)/gnu arm embedded toolchain/10 2021.10/bin/../lib/gcc/arm-none-eabi/10.3.1/../../../../arm-none-eabi/lib/thumb/v7e-m/nofp\libg_nano.a(lib_a-init.o)
                              c:/program files (x86)/gnu arm embedded toolchain/10 2021.10/bin/../lib/gcc/arm-none-eabi/10.3.1/../../../../arm-none-eabi/lib/thumb/v7e-m/nofp/crt0.o (__libc_init_array)
c:/program files (x86)/gnu arm embedded toolchain/10 2021.10/bin/../lib/gcc/arm-none-eabi/10.3.1/../../../../arm-none-eabi/lib/thumb/v7e-m/nofp\libg_nano.a(lib_a-memcpy-stub.o)
                              Projects/Servo_Motor_cpp/src/startup.o (memcpy)
c:/program files (x86)/gnu arm embedded toolchain/10 2021.10/bin/../lib/gcc/arm-none-eabi/10.3.1/../../../../arm-none-eabi/lib/thumb/v7e-m/nofp\libg_nano.a(lib_a-memset.o)
                              c:/program files (x86)/gnu arm embedded toolchain/10 2021.10/bin/../lib/gcc/arm-none-eabi/10.3.1/../../../../arm-none-eabi/lib/thumb/v7e-m/nofp/crt0.o (memset)
c:/program files (x86)/gnu arm embedded toolchain/10 2021.10/bin/../lib/gcc/arm-none-eabi/10.3.1/../../../../arm-none-eabi/lib/thumb/v7e-m/nofp\libnosys.a(_exit.o)
                              c:/program files (x86)/gnu arm embedded toolchain/10 2021.10/bin/../lib/gcc/arm-none-eabi/10.3.1/../../../../arm-none-eabi/lib/thumb/v7e-m/nofp\libg_nano.a(lib_a-exit.o) (_exit)

Discarded input sections

 .text          0x00000000        0x0 c:/program files (x86)/gnu arm embedded toolchain/10 2021.10/bin/../lib/gcc/arm-none-eabi/10.3.1/thumb/v7e-m/nofp/crti.o
 .data          0x00000000        0x0 c:/program files (x86)/gnu arm embedded toolchain/10 2021.10/bin/../lib/gcc/arm-none-eabi/10.3.1/thumb/v7e-m/nofp/crti.o
 .bss           0x00000000        0x0 c:/program files (x86)/gnu arm embedded toolchain/10 2021.10/bin/../lib/gcc/arm-none-eabi/10.3.1/thumb/v7e-m/nofp/crti.o
 .text          0x00000000       0x40 c:/program files (x86)/gnu arm embedded toolchain/10 2021.10/bin/../lib/gcc/arm-none-eabi/10.3.1/thumb/v7e-m/nofp/crtbegin.o
 .data          0x00000000        0x4 c:/program files (x86)/gnu arm embedded toolchain/10 2021.10/bin/../lib/gcc/arm-none-eabi/10.3.1/thumb/v7e-m/nofp/crtbegin.o
 .bss           0x00000000       0x1c c:/program files (x86)/gnu arm embedded toolchain/10 2021.10/bin/../lib/gcc/arm-none-eabi/10.3.1/thumb/v7e-m/nofp/crtbegin.o
 .rodata        0x00000000       0x24 c:/program files (x86)/gnu arm embedded toolchain/10 2021.10/bin/../lib/gcc/arm-none-eabi/10.3.1/thumb/v7e-m/nofp/crtbegin.o
 .init_array    0x00000000        0x4 c:/program files (x86)/gnu arm embedded toolchain/10 2021.10/bin/../lib/gcc/arm-none-eabi/10.3.1/thumb/v7e-m/nofp/crtbegin.o
 .fini_array    0x00000000        0x4 c:/program files (x86)/gnu arm embedded toolchain/10 2021.10/bin/../lib/gcc/arm-none-eabi/10.3.1/thumb/v7e-m/nofp/crtbegin.o
 .text          0x00000000       0x7c c:/program files (x86)/gnu arm embedded toolchain/10 2021.10/bin/../lib/gcc/arm-none-eabi/10.3.1/../../../../arm-none-eabi/lib/thumb/v7e-m/nofp/crt0.o
 .data          0x00000000        0x0 c:/program files (x86)/gnu arm embedded toolchain/10 2021.10/bin/../lib/gcc/arm-none-eabi/10.3.1/../../../../arm-none-eabi/lib/thumb/v7e-m/nofp/crt0.o
 .bss           0x00000000        0x0 c:/program files (x86)/gnu arm embedded toolchain/10 2021.10/bin/../lib/gcc/arm-none-eabi/10.3.1/../../../../arm-none-eabi/lib/thumb/v7e-m/nofp/crt0.o
 .ARM.extab     0x00000000        0x0 c:/program files (x86)/gnu arm embedded toolchain/10 2021.10/bin/../lib/gcc/arm-none-eabi/10.3.1/../../../../arm-none-eabi/lib/thumb/v7e-m/nofp/crt0.o
 .ARM.exidx     0x00000000       0x10 c:/program files (x86)/gnu arm embedded toolchain/10 2021.10/bin/../lib/gcc/arm-none-eabi/10.3.1/../../../../arm-none-eabi/lib/thumb/v7e-m/nofp/crt0.o
 .ARM.attributes
                0x00000000       0x1c c:/program files (x86)/gnu arm embedded toolchain/10 2021.10/bin/../lib/gcc/arm-none-eabi/10.3.1/../../../../arm-none-eabi/lib/thumb/v7e-m/nofp/crt0.o
 .text          0x00000000        0x0 Drivers/GPIO_cpp/src/gpio.o
 .data          0x00000000        0x0 Drivers/GPIO_cpp/src/gpio.o
 .bss           0x00000000        0x0 Drivers/GPIO_cpp/src/gpio.o
 .text._ZN4GPIO12GPIO_ReadPinEt
                0x00000000       0x10 Drivers/GPIO_cpp/src/gpio.o
 .text._ZN4GPIO13GPIO_WritePinEt13GPIO_PinState
                0x00000000        0xc Drivers/GPIO_cpp/src/gpio.o
 .text._ZN4GPIO14GPIO_TogglePinEt
                0x00000000        0xc Drivers/GPIO_cpp/src/gpio.o
 .text._ZN4GPIO11GPIO_SetPinEt
                0x00000000        0xc Drivers/GPIO_cpp/src/gpio.o
 .text._ZN4GPIO13GPIO_ResetPinEt
                0x00000000        0xc Drivers/GPIO_cpp/src/gpio.o
 .text          0x00000000        0x0 Drivers/PWM/src/pwm.o
 .data          0x00000000        0x0 Drivers/PWM/src/pwm.o
 .bss           0x00000000        0x0 Drivers/PWM/src/pwm.o
 .text.Timer_Init
                0x00000000       0x94 Drivers/PWM/src/pwm.o
 .text.Configure_PWM
                0x00000000       0x5c Drivers/PWM/src/pwm.o
 .text.PWM_constructor
                0x00000000       0x44 Drivers/PWM/src/pwm.o
 .text.PWM_SetDutyCycle
                0x00000000       0x2c Drivers/PWM/src/pwm.o
 .text.PWM_GetDutyCycle
                0x00000000       0x2c Drivers/PWM/src/pwm.o
 .text.PWM_SetPulseTicks
                0x00000000       0x28 Drivers/PWM/src/pwm.o
 .text.PWM_Start
                0x00000000        0xc Drivers/PWM/src/pwm.o
 .text.PWM_Stop
                0x00000000        0xc Drivers/PWM/src/pwm.o
 .debug_info    0x00000000      0x6cc Drivers/PWM/src/pwm.o
 .debug_abbrev  0x00000000      0x1ee Drivers/PWM/src/pwm.o
 .debug_loc     0x00000000      0x1b0 Drivers/PWM/src/pwm.o
 .debug_aranges
                0x00000000       0x58 Drivers/PWM/src/pwm.o
 .debug_ranges  0x00000000       0x70 Drivers/PWM/src/pwm.o
 .debug_line    0x00000000      0x436 Drivers/PWM/src/pwm.o
 .debug_str     0x00000000      0x4e0 Drivers/PWM/src/pwm.o
 .comment       0x00000000       0x4a Drivers/PWM/src/pwm.o
 .debug_frame   0x00000000       0xa8 Drivers/PWM/src/pwm.o
 .ARM.attributes
                0x00000000       0x2e Drivers/PWM/src/pwm.o
 .text          0x00000000        0x0 Drivers/PWM_cpp/src/pwm.o
 .data          0x00000000        0x0 Drivers/PWM_cpp/src/pwm.o
 .bss           0x00000000        0x0 Drivers/PWM_cpp/src/pwm.o
 .text._ZN3PWM16PWM_SetDutyCycleE17dutyCycle_TypeDef
                0x00000000       0x2c Drivers/PWM_cpp/src/pwm.o
 .text._ZN3PWM16PWM_GetDutyCycleEv
                0x00000000       0x2c Drivers/PWM_cpp/src/pwm.o
 .text._ZN3PWM4StopEv
                0x00000000        0xc Drivers/PWM_cpp/src/pwm.o
 .text          0x00000000        0x0 Drivers/UART_cpp/src/uart.o
 .data          0x00000000        0x0 Drivers/UART_cpp/src/uart.o
 .bss           0x00000000        0x0 Drivers/UART_cpp/src/uart.o
 .text._Z20BRR_Oversample_by_16mm
                0x00000000        0xc Drivers/UART_cpp/src/uart.o
 .text._ZN5USARTC2EP16USART_ManualType12UART_COMType17UART_BaudRateType
                0x00000000      0x59c Drivers/UART_cpp/src/uart.o
 .text._ZN5USART13USART_x_WriteEi
                0x00000000       0x10 Drivers/UART_cpp/src/uart.o
 .text._ZN5USART12USART_x_ReadEv
                0x00000000       0x10 Drivers/UART_cpp/src/uart.o
 .rodata._ZN5USART11GetPortNameEv.str1.4
                0x00000000       0x37 Drivers/UART_cpp/src/uart.o
 .text._ZN5USART11GetPortNameEv
                0x00000000       0x74 Drivers/UART_cpp/src/uart.o
 .text._ZN5USART15USART_WriteCharEi
                0x00000000       0x10 Drivers/UART_cpp/src/uart.o
 .text._ZN5USART14USART_ReadCharEv
                0x00000000       0x10 Drivers/UART_cpp/src/uart.o
 .text._ZN5USART17USART_WriteStringEPKc
                0x00000000       0x34 Drivers/UART_cpp/src/uart.o
 .text._ZN5USART16USART_ReadStringEPcj
                0x00000000       0x38 Drivers/UART_cpp/src/uart.o
 .debug_info    0x00000000      0x66f Drivers/UART_cpp/src/uart.o
 .debug_abbrev  0x00000000      0x2e4 Drivers/UART_cpp/src/uart.o
 .debug_loc     0x00000000      0x34e Drivers/UART_cpp/src/uart.o
 .debug_aranges
                0x00000000       0x50 Drivers/UART_cpp/src/uart.o
 .debug_ranges  0x00000000       0xc8 Drivers/UART_cpp/src/uart.o
 .debug_line    0x00000000      0x94a Drivers/UART_cpp/src/uart.o
 .debug_str     0x00000000      0x4a6 Drivers/UART_cpp/src/uart.o
 .comment       0x00000000       0x4a Drivers/UART_cpp/src/uart.o
 .debug_frame   0x00000000       0xd0 Drivers/UART_cpp/src/uart.o
 .ARM.attributes
                0x00000000       0x2e Drivers/UART_cpp/src/uart.o
 .text          0x00000000        0x0 Projects/Servo_Motor_cpp/src/main.o
 .data          0x00000000        0x0 Projects/Servo_Motor_cpp/src/main.o
 .bss           0x00000000        0x0 Projects/Servo_Motor_cpp/src/main.o
 .text._Z5delaym
                0x00000000       0x1c Projects/Servo_Motor_cpp/src/main.o
 .text          0x00000000        0x0 Projects/Servo_Motor_cpp/src/servo.o
 .data          0x00000000        0x0 Projects/Servo_Motor_cpp/src/servo.o
 .bss           0x00000000        0x0 Projects/Servo_Motor_cpp/src/servo.o
 .text._ZN5Servo14Servo_PWM_InitEv
                0x00000000       0x50 Projects/Servo_Motor_cpp/src/servo.o
 .text._ZN5Servo14Servo_GetAngleEv
                0x00000000        0x4 Projects/Servo_Motor_cpp/src/servo.o
 .text._ZN5Servo10Servo_StopEv
                0x00000000        0xc Projects/Servo_Motor_cpp/src/servo.o
 .text._ZN5Servo20servo_angle_to_ticksE15servoAngle_Type
                0x00000000       0x44 Projects/Servo_Motor_cpp/src/servo.o
 .text          0x00000000        0x0 Projects/Servo_Motor_cpp/src/startup.o
 .data          0x00000000        0x0 Projects/Servo_Motor_cpp/src/startup.o
 .bss           0x00000000        0x0 Projects/Servo_Motor_cpp/src/startup.o
 .data          0x00000000        0x0 Projects/Servo_Motor_cpp/src/system_stm32f4xx.o
 .bss           0x00000000        0x0 Projects/Servo_Motor_cpp/src/system_stm32f4xx.o
 .text          0x00000000        0x0 c:/program files (x86)/gnu arm embedded toolchain/10 2021.10/bin/../lib/gcc/arm-none-eabi/10.3.1/../../../../arm-none-eabi/lib/thumb/v7e-m/nofp\libg_nano.a(lib_a-exit.o)
 .data          0x00000000        0x0 c:/program files (x86)/gnu arm embedded toolchain/10 2021.10/bin/../lib/gcc/arm-none-eabi/10.3.1/../../../../arm-none-eabi/lib/thumb/v7e-m/nofp\libg_nano.a(lib_a-exit.o)
 .bss           0x00000000        0x0 c:/program files (x86)/gnu arm embedded toolchain/10 2021.10/bin/../lib/gcc/arm-none-eabi/10.3.1/../../../../arm-none-eabi/lib/thumb/v7e-m/nofp\libg_nano.a(lib_a-exit.o)
 .text.exit     0x00000000       0x28 c:/program files (x86)/gnu arm embedded toolchain/10 2021.10/bin/../lib/gcc/arm-none-eabi/10.3.1/../../../../arm-none-eabi/lib/thumb/v7e-m/nofp\libg_nano.a(lib_a-exit.o)
 .debug_frame   0x00000000       0x28 c:/program files (x86)/gnu arm embedded toolchain/10 2021.10/bin/../lib/gcc/arm-none-eabi/10.3.1/../../../../arm-none-eabi/lib/thumb/v7e-m/nofp\libg_nano.a(lib_a-exit.o)
 .ARM.attributes
                0x00000000       0x2e c:/program files (x86)/gnu arm embedded toolchain/10 2021.10/bin/../lib/gcc/arm-none-eabi/10.3.1/../../../../arm-none-eabi/lib/thumb/v7e-m/nofp\libg_nano.a(lib_a-exit.o)
 .text          0x00000000        0x0 c:/program files (x86)/gnu arm embedded toolchain/10 2021.10/bin/../lib/gcc/arm-none-eabi/10.3.1/../../../../arm-none-eabi/lib/thumb/v7e-m/nofp\libg_nano.a(lib_a-impure.o)
 .data          0x00000000        0x0 c:/program files (x86)/gnu arm embedded toolchain/10 2021.10/bin/../lib/gcc/arm-none-eabi/10.3.1/../../../../arm-none-eabi/lib/thumb/v7e-m/nofp\libg_nano.a(lib_a-impure.o)
 .bss           0x00000000        0x0 c:/program files (x86)/gnu arm embedded toolchain/10 2021.10/bin/../lib/gcc/arm-none-eabi/10.3.1/../../../../arm-none-eabi/lib/thumb/v7e-m/nofp\libg_nano.a(lib_a-impure.o)
 .data._impure_ptr
                0x00000000        0x4 c:/program files (x86)/gnu arm embedded toolchain/10 2021.10/bin/../lib/gcc/arm-none-eabi/10.3.1/../../../../arm-none-eabi/lib/thumb/v7e-m/nofp\libg_nano.a(lib_a-impure.o)
 .data.impure_data
                0x00000000       0x60 c:/program files (x86)/gnu arm embedded toolchain/10 2021.10/bin/../lib/gcc/arm-none-eabi/10.3.1/../../../../arm-none-eabi/lib/thumb/v7e-m/nofp\libg_nano.a(lib_a-impure.o)
 .rodata._global_impure_ptr
                0x00000000        0x4 c:/program files (x86)/gnu arm embedded toolchain/10 2021.10/bin/../lib/gcc/arm-none-eabi/10.3.1/../../../../arm-none-eabi/lib/thumb/v7e-m/nofp\libg_nano.a(lib_a-impure.o)
 .ARM.attributes
                0x00000000       0x2e c:/program files (x86)/gnu arm embedded toolchain/10 2021.10/bin/../lib/gcc/arm-none-eabi/10.3.1/../../../../arm-none-eabi/lib/thumb/v7e-m/nofp\libg_nano.a(lib_a-impure.o)
 .text          0x00000000        0x0 c:/program files (x86)/gnu arm embedded toolchain/10 2021.10/bin/../lib/gcc/arm-none-eabi/10.3.1/../../../../arm-none-eabi/lib/thumb/v7e-m/nofp\libg_nano.a(lib_a-init.o)
 .data          0x00000000        0x0 c:/program files (x86)/gnu arm embedded toolchain/10 2021.10/bin/../lib/gcc/arm-none-eabi/10.3.1/../../../../arm-none-eabi/lib/thumb/v7e-m/nofp\libg_nano.a(lib_a-init.o)
 .bss           0x00000000        0x0 c:/program files (x86)/gnu arm embedded toolchain/10 2021.10/bin/../lib/gcc/arm-none-eabi/10.3.1/../../../../arm-none-eabi/lib/thumb/v7e-m/nofp\libg_nano.a(lib_a-init.o)
 .text.__libc_init_array
                0x00000000       0x48 c:/program files (x86)/gnu arm embedded toolchain/10 2021.10/bin/../lib/gcc/arm-none-eabi/10.3.1/../../../../arm-none-eabi/lib/thumb/v7e-m/nofp\libg_nano.a(lib_a-init.o)
 .debug_frame   0x00000000       0x2c c:/program files (x86)/gnu arm embedded toolchain/10 2021.10/bin/../lib/gcc/arm-none-eabi/10.3.1/../../../../arm-none-eabi/lib/thumb/v7e-m/nofp\libg_nano.a(lib_a-init.o)
 .ARM.attributes
                0x00000000       0x2e c:/program files (x86)/gnu arm embedded toolchain/10 2021.10/bin/../lib/gcc/arm-none-eabi/10.3.1/../../../../arm-none-eabi/lib/thumb/v7e-m/nofp\libg_nano.a(lib_a-init.o)
 .text          0x00000000        0x0 c:/program files (x86)/gnu arm embedded toolchain/10 2021.10/bin/../lib/gcc/arm-none-eabi/10.3.1/../../../../arm-none-eabi/lib/thumb/v7e-m/nofp\libg_nano.a(lib_a-memcpy-stub.o)
 .data          0x00000000        0x0 c:/program files (x86)/gnu arm embedded toolchain/10 2021.10/bin/../lib/gcc/arm-none-eabi/10.3.1/../../../../arm-none-eabi/lib/thumb/v7e-m/nofp\libg_nano.a(lib_a-memcpy-stub.o)
 .bss           0x00000000        0x0 c:/program files (x86)/gnu arm embedded toolchain/10 2021.10/bin/../lib/gcc/arm-none-eabi/10.3.1/../../../../arm-none-eabi/lib/thumb/v7e-m/nofp\libg_nano.a(lib_a-memcpy-stub.o)
 .text          0x00000000        0x0 c:/program files (x86)/gnu arm embedded toolchain/10 2021.10/bin/../lib/gcc/arm-none-eabi/10.3.1/../../../../arm-none-eabi/lib/thumb/v7e-m/nofp\libg_nano.a(lib_a-memset.o)
 .data          0x00000000        0x0 c:/program files (x86)/gnu arm embedded toolchain/10 2021.10/bin/../lib/gcc/arm-none-eabi/10.3.1/../../../../arm-none-eabi/lib/thumb/v7e-m/nofp\libg_nano.a(lib_a-memset.o)
 .bss           0x00000000        0x0 c:/program files (x86)/gnu arm embedded toolchain/10 2021.10/bin/../lib/gcc/arm-none-eabi/10.3.1/../../../../arm-none-eabi/lib/thumb/v7e-m/nofp\libg_nano.a(lib_a-memset.o)
 .text          0x00000000        0x0 c:/program files (x86)/gnu arm embedded toolchain/10 2021.10/bin/../lib/gcc/arm-none-eabi/10.3.1/../../../../arm-none-eabi/lib/thumb/v7e-m/nofp\libnosys.a(_exit.o)
 .data          0x00000000        0x0 c:/program files (x86)/gnu arm embedded toolchain/10 2021.10/bin/../lib/gcc/arm-none-eabi/10.3.1/../../../../arm-none-eabi/lib/thumb/v7e-m/nofp\libnosys.a(_exit.o)
 .bss           0x00000000        0x0 c:/program files (x86)/gnu arm embedded toolchain/10 2021.10/bin/../lib/gcc/arm-none-eabi/10.3.1/../../../../arm-none-eabi/lib/thumb/v7e-m/nofp\libnosys.a(_exit.o)
 .text._exit    0x00000000        0x4 c:/program files (x86)/gnu arm embedded toolchain/10 2021.10/bin/../lib/gcc/arm-none-eabi/10.3.1/../../../../arm-none-eabi/lib/thumb/v7e-m/nofp\libnosys.a(_exit.o)
 .debug_frame   0x00000000       0x20 c:/program files (x86)/gnu arm embedded toolchain/10 2021.10/bin/../lib/gcc/arm-none-eabi/10.3.1/../../../../arm-none-eabi/lib/thumb/v7e-m/nofp\libnosys.a(_exit.o)
 .ARM.attributes
                0x00000000       0x2e c:/program files (x86)/gnu arm embedded toolchain/10 2021.10/bin/../lib/gcc/arm-none-eabi/10.3.1/../../../../arm-none-eabi/lib/thumb/v7e-m/nofp\libnosys.a(_exit.o)
 .text          0x00000000        0x0 c:/program files (x86)/gnu arm embedded toolchain/10 2021.10/bin/../lib/gcc/arm-none-eabi/10.3.1/thumb/v7e-m/nofp/crtend.o
 .data          0x00000000        0x0 c:/program files (x86)/gnu arm embedded toolchain/10 2021.10/bin/../lib/gcc/arm-none-eabi/10.3.1/thumb/v7e-m/nofp/crtend.o
 .bss           0x00000000        0x0 c:/program files (x86)/gnu arm embedded toolchain/10 2021.10/bin/../lib/gcc/arm-none-eabi/10.3.1/thumb/v7e-m/nofp/crtend.o
 .rodata        0x00000000       0x24 c:/program files (x86)/gnu arm embedded toolchain/10 2021.10/bin/../lib/gcc/arm-none-eabi/10.3.1/thumb/v7e-m/nofp/crtend.o
 .text          0x00000000        0x0 c:/program files (x86)/gnu arm embedded toolchain/10 2021.10/bin/../lib/gcc/arm-none-eabi/10.3.1/thumb/v7e-m/nofp/crtn.o
 .data          0x00000000        0x0 c:/program files (x86)/gnu arm embedded toolchain/10 2021.10/bin/../lib/gcc/arm-none-eabi/10.3.1/thumb/v7e-m/nofp/crtn.o
 .bss           0x00000000        0x0 c:/program files (x86)/gnu arm embedded toolchain/10 2021.10/bin/../lib/gcc/arm-none-eabi/10.3.1/thumb/v7e-m/nofp/crtn.o

Memory Configuration

Name             Origin             Length             Attributes
FLASH            0x08000000         0x00100000         xr
RAM              0x20000000         0x00020000         xrw
*default*        0x00000000         0xffffffff

Linker script and memory map

LOAD c:/program files (x86)/gnu arm embedded toolchain/10 2021.10/bin/../lib/gcc/arm-none-eabi/10.3.1/thumb/v7e-m/nofp/crti.o
LOAD c:/program files (x86)/gnu arm embedded toolchain/10 2021.10/bin/../lib/gcc/arm-none-eabi/10.3.1/thumb/v7e-m/nofp/crtbegin.o
LOAD c:/program files (x86)/gnu arm embedded toolchain/10 2021.10/bin/../lib/gcc/arm-none-eabi/10.3.1/../../../../arm-none-eabi/lib/thumb/v7e-m/nofp/crt0.o
LOAD Drivers/GPIO_cpp/src/gpio.o
LOAD Drivers/PWM/src/pwm.o
LOAD Drivers/PWM_cpp/src/pwm.o
LOAD Drivers/UART_cpp/src/uart.o
LOAD Projects/Servo_Motor_cpp/src/main.o
LOAD Projects/Servo_Motor_cpp/src/servo.o
LOAD Projects/Servo_Motor_cpp/src/startup.o
LOAD Projects/Servo_Motor_cpp/src/system_stm32f4xx.o
LOAD c:/program files (x86)/gnu arm embedded toolchain/10 2021.10/bin/../lib/gcc/arm-none-eabi/10.3.1/../../../../arm-none-eabi/lib/thumb/v7e-m/nofp\libstdc++_nano.a
LOAD c:/program files (x86)/gnu arm embedded toolchain/10 2021.10/bin/../lib/gcc/arm-none-eabi/10.3.1/../../../../arm-none-eabi/lib/thumb/v7e-m/nofp\libm.a
START GROUP
LOAD c:/program files (x86)/gnu arm embedded toolchain/10 2021.10/bin/../lib/gcc/arm-none-eabi/10.3.1/thumb/v7e-m/nofp\libgcc.a
LOAD c:/program files (x86)/gnu arm embedded toolchain/10 2021.10/bin/../lib/gcc/arm-none-eabi/10.3.1/../../../../arm-none-eabi/lib/thumb/v7e-m/nofp\libg_nano.a
LOAD c:/program files (x86)/gnu arm embedded toolchain/10 2021.10/bin/../lib/gcc/arm-none-eabi/10.3.1/../../../../arm-none-eabi/lib/thumb/v7e-m/nofp\libc_nano.a
END GROUP
START GROUP
LOAD c:/program files (x86)/gnu arm embedded toolchain/10 2021.10/bin/../lib/gcc/arm-none-eabi/10.3.1/thumb/v7e-m/nofp\libgcc.a
LOAD c:/program files (x86)/gnu arm embedded toolchain/10 2021.10/bin/../lib/gcc/arm-none-eabi/10.3.1/../../../../arm-none-eabi/lib/thumb/v7e-m/nofp\libc_nano.a
LOAD c:/program files (x86)/gnu arm embedded toolchain/10 2021.10/bin/../lib/gcc/arm-none-eabi/10.3.1/../../../../arm-none-eabi/lib/thumb/v7e-m/nofp\libnosys.a
END GROUP
START GROUP
LOAD c:/program files (x86)/gnu arm embedded toolchain/10 2021.10/bin/../lib/gcc/arm-none-eabi/10.3.1/thumb/v7e-m/nofp\libgcc.a
LOAD c:/program files (x86)/gnu arm embedded toolchain/10 2021.10/bin/../lib/gcc/arm-none-eabi/10.3.1/../../../../arm-none-eabi/lib/thumb/v7e-m/nofp\libc_nano.a
LOAD c:/program files (x86)/gnu arm embedded toolchain/10 2021.10/bin/../lib/gcc/arm-none-eabi/10.3.1/../../../../arm-none-eabi/lib/thumb/v7e-m/nofp\libnosys.a
END GROUP
LOAD c:/program files (x86)/gnu arm embedded toolchain/10 2021.10/bin/../lib/gcc/arm-none-eabi/10.3.1/thumb/v7e-m/nofp/crtend.o
LOAD c:/program files (x86)/gnu arm embedded toolchain/10 2021.10/bin/../lib/gcc/arm-none-eabi/10.3.1/thumb/v7e-m/nofp/crtn.o

.isr_vector     0x08000000       0x40
 *(.isr_vector)
 .isr_vector    0x08000000       0x40 Projects/Servo_Motor_cpp/src/startup.o
                0x08000000                vector_table

.text           0x08000040      0x690
                0x08000040                . = ALIGN (0x4)
 *(.text*)
 .text._ZN4GPIO19RCC_GPIO_CLK_ENABLEEv
                0x08000040       0xdc Drivers/GPIO_cpp/src/gpio.o
                0x08000040                GPIO::RCC_GPIO_CLK_ENABLE()
 .text._ZN4GPIOC2EP18GPIO_ManualTypeDefP16GPIO_InitTypeDef
                0x0800011c      0x10c Drivers/GPIO_cpp/src/gpio.o
                0x0800011c                GPIO::GPIO(GPIO_ManualTypeDef*, GPIO_InitTypeDef*)
                0x0800011c                GPIO::GPIO(GPIO_ManualTypeDef*, GPIO_InitTypeDef*)
 .text._ZN3PWM10Timer_InitEv
                0x08000228       0x94 Drivers/PWM_cpp/src/pwm.o
                0x08000228                PWM::Timer_Init()
 .text._ZN3PWM13Configure_PWMEv
                0x080002bc       0x5c Drivers/PWM_cpp/src/pwm.o
                0x080002bc                PWM::Configure_PWM()
 .text._ZN3PWMC2E19PWM_Channel_TypeDef17dutyCycle_TypeDef21PWM_Prescaler_TypeDefmP11TIM_TypeDef
                0x08000318       0x50 Drivers/PWM_cpp/src/pwm.o
                0x08000318                PWM::PWM(PWM_Channel_TypeDef, dutyCycle_TypeDef, PWM_Prescaler_TypeDef, unsigned long, TIM_TypeDef*)
                0x08000318                PWM::PWM(PWM_Channel_TypeDef, dutyCycle_TypeDef, PWM_Prescaler_TypeDef, unsigned long, TIM_TypeDef*)
 .text._ZN3PWM13SetPulseTicksEm
                0x08000368       0x28 Drivers/PWM_cpp/src/pwm.o
                0x08000368                PWM::SetPulseTicks(unsigned long)
 .text._ZN3PWM5StartEv
                0x08000390        0xc Drivers/PWM_cpp/src/pwm.o
                0x08000390                PWM::Start()
 .text.startup.main
                0x0800039c       0x98 Projects/Servo_Motor_cpp/src/main.o
                0x0800039c                main
 .text._ZN5ServoC2E10servo_Type15servoAngle_TypeP11RCC_TypeDefhhP18GPIO_ManualTypeDefP16GPIO_InitTypeDef19PWM_Channel_TypeDef17dutyCycle_TypeDef21PWM_Prescaler_TypeDefmP11TIM_TypeDef
                0x08000434      0x124 Projects/Servo_Motor_cpp/src/servo.o
                0x08000434                Servo::Servo(servo_Type, servoAngle_Type, RCC_TypeDef*, unsigned char, unsigned char, GPIO_ManualTypeDef*, GPIO_InitTypeDef*, PWM_Channel_TypeDef, dutyCycle_TypeDef, PWM_Prescaler_TypeDef, unsigned long, TIM_TypeDef*)
                0x08000434                Servo::Servo(servo_Type, servoAngle_Type, RCC_TypeDef*, unsigned char, unsigned char, GPIO_ManualTypeDef*, GPIO_InitTypeDef*, PWM_Channel_TypeDef, dutyCycle_TypeDef, PWM_Prescaler_TypeDef, unsigned long, TIM_TypeDef*)
 .text._ZN5Servo14Servo_SetAngleE15servoAngle_Type
                0x08000558       0x5c Projects/Servo_Motor_cpp/src/servo.o
                0x08000558                Servo::Servo_SetAngle(servoAngle_Type)
 .text._ZN5Servo11Servo_StartEv
                0x080005b4       0x7c Projects/Servo_Motor_cpp/src/servo.o
                0x080005b4                Servo::Servo_Start()
 .text.Default_Handler
                0x08000630        0x4 Projects/Servo_Motor_cpp/src/startup.o
                0x08000630                Default_Handler
 .text.Reset_Handler
                0x08000634       0x50 Projects/Servo_Motor_cpp/src/startup.o
                0x08000634                Reset_Handler
 .text          0x08000684        0x4 Projects/Servo_Motor_cpp/src/system_stm32f4xx.o
                0x08000684                SystemInit
 .text.memcpy   0x08000688       0x1c c:/program files (x86)/gnu arm embedded toolchain/10 2021.10/bin/../lib/gcc/arm-none-eabi/10.3.1/../../../../arm-none-eabi/lib/thumb/v7e-m/nofp\libg_nano.a(lib_a-memcpy-stub.o)
                0x08000688                memcpy
 .text.memset   0x080006a4       0x10 c:/program files (x86)/gnu arm embedded toolchain/10 2021.10/bin/../lib/gcc/arm-none-eabi/10.3.1/../../../../arm-none-eabi/lib/thumb/v7e-m/nofp\libg_nano.a(lib_a-memset.o)
                0x080006a4                memset
 *(.rodata*)
 *(.glue_7)
 .glue_7        0x080006b4        0x0 linker stubs
 *(.glue_7t)
 .glue_7t       0x080006b4        0x0 linker stubs
 *(.init)
 .init          0x080006b4        0x4 c:/program files (x86)/gnu arm embedded toolchain/10 2021.10/bin/../lib/gcc/arm-none-eabi/10.3.1/thumb/v7e-m/nofp/crti.o
                0x080006b4                _init
 .init          0x080006b8        0x8 c:/program files (x86)/gnu arm embedded toolchain/10 2021.10/bin/../lib/gcc/arm-none-eabi/10.3.1/thumb/v7e-m/nofp/crtn.o
 *(.fini)
 .fini          0x080006c0        0x4 c:/program files (x86)/gnu arm embedded toolchain/10 2021.10/bin/../lib/gcc/arm-none-eabi/10.3.1/thumb/v7e-m/nofp/crti.o
                0x080006c0                _fini
 .fini          0x080006c4        0x8 c:/program files (x86)/gnu arm embedded toolchain/10 2021.10/bin/../lib/gcc/arm-none-eabi/10.3.1/thumb/v7e-m/nofp/crtn.o
 *(.ARM.extab* .gnu.linkonce.armextab.*)
 *(.ARM.exidx* .gnu.linkonce.armexidx.*)
 *(.eh_frame)
 .eh_frame      0x080006cc        0x0 c:/program files (x86)/gnu arm embedded toolchain/10 2021.10/bin/../lib/gcc/arm-none-eabi/10.3.1/thumb/v7e-m/nofp/crtbegin.o
 .eh_frame      0x080006cc        0x4 c:/program files (x86)/gnu arm embedded toolchain/10 2021.10/bin/../lib/gcc/arm-none-eabi/10.3.1/thumb/v7e-m/nofp/crtend.o
                0x080006d0                __etext = .

.vfp11_veneer   0x080006d0        0x0
 .vfp11_veneer  0x080006d0        0x0 linker stubs

.v4_bx          0x080006d0        0x0
 .v4_bx         0x080006d0        0x0 linker stubs

.iplt           0x080006d0        0x0
 .iplt          0x080006d0        0x0 Drivers/GPIO_cpp/src/gpio.o

.rel.dyn        0x080006d0        0x0
 .rel.iplt      0x080006d0        0x0 Drivers/GPIO_cpp/src/gpio.o

.data           0x20000000        0x0 load address 0x080006d0
                0x20000000                __data_start__ = .
 *(.data*)
                0x20000000                __data_end__ = .

.igot.plt       0x20000000        0x0
 .igot.plt      0x20000000        0x0 Drivers/GPIO_cpp/src/gpio.o

.bss            0x20000000        0x0
                0x20000000                __bss_start__ = .
 *(.bss*)
 *(COMMON)
                0x20000000                . = ALIGN (0x4)
                0x20000000                __bss_end__ = .
                0x20000000                end = .
                0x20000000                _end = .

.stack          0x20000000      0x400
                0x20000000                . = ALIGN (0x8)
                0x20000000                _stack = .
                0x20000400                . = (. + 0x400)
 *fill*         0x20000000      0x400 
OUTPUT(Projects/Servo_Motor_cpp/main.elf elf32-littlearm)
LOAD linker stubs

.ARM.attributes
                0x00000000       0x2a
 .ARM.attributes
                0x00000000       0x1e c:/program files (x86)/gnu arm embedded toolchain/10 2021.10/bin/../lib/gcc/arm-none-eabi/10.3.1/thumb/v7e-m/nofp/crti.o
 .ARM.attributes
                0x0000001e       0x2e c:/program files (x86)/gnu arm embedded toolchain/10 2021.10/bin/../lib/gcc/arm-none-eabi/10.3.1/thumb/v7e-m/nofp/crtbegin.o
 .ARM.attributes
                0x0000004c       0x2e Drivers/GPIO_cpp/src/gpio.o
 .ARM.attributes
                0x0000007a       0x2e Drivers/PWM_cpp/src/pwm.o
 .ARM.attributes
                0x000000a8       0x2e Projects/Servo_Motor_cpp/src/main.o
 .ARM.attributes
                0x000000d6       0x2e Projects/Servo_Motor_cpp/src/servo.o
 .ARM.attributes
                0x00000104       0x2e Projects/Servo_Motor_cpp/src/startup.o
 .ARM.attributes
                0x00000132       0x2e Projects/Servo_Motor_cpp/src/system_stm32f4xx.o
 .ARM.attributes
                0x00000160       0x2e c:/program files (x86)/gnu arm embedded toolchain/10 2021.10/bin/../lib/gcc/arm-none-eabi/10.3.1/../../../../arm-none-eabi/lib/thumb/v7e-m/nofp\libg_nano.a(lib_a-memcpy-stub.o)
 .ARM.attributes
                0x0000018e       0x2e c:/program files (x86)/gnu arm embedded toolchain/10 2021.10/bin/../lib/gcc/arm-none-eabi/10.3.1/../../../../arm-none-eabi/lib/thumb/v7e-m/nofp\libg_nano.a(lib_a-memset.o)
 .ARM.attributes
                0x000001bc       0x2e c:/program files (x86)/gnu arm embedded toolchain/10 2021.10/bin/../lib/gcc/arm-none-eabi/10.3.1/thumb/v7e-m/nofp/crtend.o
 .ARM.attributes
                0x000001ea       0x1e c:/program files (x86)/gnu arm embedded toolchain/10 2021.10/bin/../lib/gcc/arm-none-eabi/10.3.1/thumb/v7e-m/nofp/crtn.o

.comment        0x00000000       0x49
 .comment       0x00000000       0x49 Drivers/GPIO_cpp/src/gpio.o
                                 0x4a (size before relaxing)
 .comment       0x00000049       0x4a Drivers/PWM_cpp/src/pwm.o
 .comment       0x00000049       0x4a Projects/Servo_Motor_cpp/src/main.o
 .comment       0x00000049       0x4a Projects/Servo_Motor_cpp/src/servo.o
 .comment       0x00000049       0x4a Projects/Servo_Motor_cpp/src/startup.o
 .comment       0x00000049       0x4a Projects/Servo_Motor_cpp/src/system_stm32f4xx.o

.debug_info     0x00000000     0x2f9a
 .debug_info    0x00000000      0x76e Drivers/GPIO_cpp/src/gpio.o
 .debug_info    0x0000076e      0x81b Drivers/PWM_cpp/src/pwm.o
 .debug_info    0x00000f89      0xaf0 Projects/Servo_Motor_cpp/src/main.o
 .debug_info    0x00001a79     0x130d Projects/Servo_Motor_cpp/src/servo.o
 .debug_info    0x00002d86      0x196 Projects/Servo_Motor_cpp/src/startup.o
 .debug_info    0x00002f1c       0x7e Projects/Servo_Motor_cpp/src/system_stm32f4xx.o

.debug_abbrev   0x00000000      0xc50
 .debug_abbrev  0x00000000      0x22d Drivers/GPIO_cpp/src/gpio.o
 .debug_abbrev  0x0000022d      0x287 Drivers/PWM_cpp/src/pwm.o
 .debug_abbrev  0x000004b4      0x29b Projects/Servo_Motor_cpp/src/main.o
 .debug_abbrev  0x0000074f      0x3a8 Projects/Servo_Motor_cpp/src/servo.o
 .debug_abbrev  0x00000af7      0x115 Projects/Servo_Motor_cpp/src/startup.o
 .debug_abbrev  0x00000c0c       0x44 Projects/Servo_Motor_cpp/src/system_stm32f4xx.o

.debug_loc      0x00000000     0x14cf
 .debug_loc     0x00000000      0x2fd Drivers/GPIO_cpp/src/gpio.o
 .debug_loc     0x000002fd      0x27b Drivers/PWM_cpp/src/pwm.o
 .debug_loc     0x00000578       0x4a Projects/Servo_Motor_cpp/src/main.o
 .debug_loc     0x000005c2      0xf0d Projects/Servo_Motor_cpp/src/servo.o

.debug_aranges  0x00000000      0x168
 .debug_aranges
                0x00000000       0x50 Drivers/GPIO_cpp/src/gpio.o
 .debug_aranges
                0x00000050       0x58 Drivers/PWM_cpp/src/pwm.o
 .debug_aranges
                0x000000a8       0x28 Projects/Servo_Motor_cpp/src/main.o
 .debug_aranges
                0x000000d0       0x50 Projects/Servo_Motor_cpp/src/servo.o
 .debug_aranges
                0x00000120       0x28 Projects/Servo_Motor_cpp/src/startup.o
 .debug_aranges
                0x00000148       0x20 Projects/Servo_Motor_cpp/src/system_stm32f4xx.o

.debug_ranges   0x00000000      0x360
 .debug_ranges  0x00000000       0x60 Drivers/GPIO_cpp/src/gpio.o
 .debug_ranges  0x00000060       0x90 Drivers/PWM_cpp/src/pwm.o
 .debug_ranges  0x000000f0       0x18 Projects/Servo_Motor_cpp/src/main.o
 .debug_ranges  0x00000108      0x240 Projects/Servo_Motor_cpp/src/servo.o
 .debug_ranges  0x00000348       0x18 Projects/Servo_Motor_cpp/src/startup.o

.debug_line     0x00000000     0x1356
 .debug_line    0x00000000      0x401 Drivers/GPIO_cpp/src/gpio.o
 .debug_line    0x00000401      0x480 Drivers/PWM_cpp/src/pwm.o
 .debug_line    0x00000881      0x2ce Projects/Servo_Motor_cpp/src/main.o
 .debug_line    0x00000b4f      0x5c7 Projects/Servo_Motor_cpp/src/servo.o
 .debug_line    0x00001116      0x1e4 Projects/Servo_Motor_cpp/src/startup.o
 .debug_line    0x000012fa       0x5c Projects/Servo_Motor_cpp/src/system_stm32f4xx.o

.debug_str      0x00000000      0xeaf
 .debug_str     0x00000000      0x490 Drivers/GPIO_cpp/src/gpio.o
                                0x558 (size before relaxing)
 .debug_str     0x00000490      0x38e Drivers/PWM_cpp/src/pwm.o
                                0x6bc (size before relaxing)
 .debug_str     0x0000081e      0x373 Projects/Servo_Motor_cpp/src/main.o
                                0xa58 (size before relaxing)
 .debug_str     0x00000b91      0x111 Projects/Servo_Motor_cpp/src/servo.o
                                0xca9 (size before relaxing)
 .debug_str     0x00000ca2      0x13f Projects/Servo_Motor_cpp/src/startup.o
                                0x214 (size before relaxing)
 .debug_str     0x00000de1       0xce Projects/Servo_Motor_cpp/src/system_stm32f4xx.o
                                0x15d (size before relaxing)

.debug_frame    0x00000000      0x304
 .debug_frame   0x00000000       0x98 Drivers/GPIO_cpp/src/gpio.o
 .debug_frame   0x00000098       0xa8 Drivers/PWM_cpp/src/pwm.o
 .debug_frame   0x00000140       0x48 Projects/Servo_Motor_cpp/src/main.o
 .debug_frame   0x00000188       0xdc Projects/Servo_Motor_cpp/src/servo.o
 .debug_frame   0x00000264       0x38 Projects/Servo_Motor_cpp/src/startup.o
 .debug_frame   0x0000029c       0x20 Projects/Servo_Motor_cpp/src/system_stm32f4xx.o
 .debug_frame   0x000002bc       0x28 c:/program files (x86)/gnu arm embedded toolchain/10 2021.10/bin/../lib/gcc/arm-none-eabi/10.3.1/../../../../arm-none-eabi/lib/thumb/v7e-m/nofp\libg_nano.a(lib_a-memcpy-stub.o)
 .debug_frame   0x000002e4       0x20 c:/program files (x86)/gnu arm embedded toolchain/10 2021.10/bin/../lib/gcc/arm-none-eabi/10.3.1/../../../../arm-none-eabi/lib/thumb/v7e-m/nofp\libg_nano.a(lib_a-memset.o)
