Archive member included to satisfy reference by file (symbol)

e:/program files (x86)/gnu arm embedded toolchain/10 2021.10/bin/../lib/gcc/arm-none-eabi/10.3.1/../../../../arm-none-eabi/lib/thumb/v7e-m/nofp\libg_nano.a(lib_a-exit.o)
                              e:/program files (x86)/gnu arm embedded toolchain/10 2021.10/bin/../lib/gcc/arm-none-eabi/10.3.1/../../../../arm-none-eabi/lib/thumb/v7e-m/nofp/crt0.o (exit)
e:/program files (x86)/gnu arm embedded toolchain/10 2021.10/bin/../lib/gcc/arm-none-eabi/10.3.1/../../../../arm-none-eabi/lib/thumb/v7e-m/nofp\libg_nano.a(lib_a-impure.o)
                              e:/program files (x86)/gnu arm embedded toolchain/10 2021.10/bin/../lib/gcc/arm-none-eabi/10.3.1/../../../../arm-none-eabi/lib/thumb/v7e-m/nofp\libg_nano.a(lib_a-exit.o) (_global_impure_ptr)
e:/program files (x86)/gnu arm embedded toolchain/10 2021.10/bin/../lib/gcc/arm-none-eabi/10.3.1/../../../../arm-none-eabi/lib/thumb/v7e-m/nofp\libg_nano.a(lib_a-init.o)
                              e:/program files (x86)/gnu arm embedded toolchain/10 2021.10/bin/../lib/gcc/arm-none-eabi/10.3.1/../../../../arm-none-eabi/lib/thumb/v7e-m/nofp/crt0.o (__libc_init_array)
e:/program files (x86)/gnu arm embedded toolchain/10 2021.10/bin/../lib/gcc/arm-none-eabi/10.3.1/../../../../arm-none-eabi/lib/thumb/v7e-m/nofp\libg_nano.a(lib_a-memcpy-stub.o)
                              Projects/Servo_Motor_cpp/src/startup.o (memcpy)
e:/program files (x86)/gnu arm embedded toolchain/10 2021.10/bin/../lib/gcc/arm-none-eabi/10.3.1/../../../../arm-none-eabi/lib/thumb/v7e-m/nofp\libg_nano.a(lib_a-memset.o)
                              e:/program files (x86)/gnu arm embedded toolchain/10 2021.10/bin/../lib/gcc/arm-none-eabi/10.3.1/../../../../arm-none-eabi/lib/thumb/v7e-m/nofp/crt0.o (memset)
e:/program files (x86)/gnu arm embedded toolchain/10 2021.10/bin/../lib/gcc/arm-none-eabi/10.3.1/../../../../arm-none-eabi/lib/thumb/v7e-m/nofp\libnosys.a(_exit.o)
                              e:/program files (x86)/gnu arm embedded toolchain/10 2021.10/bin/../lib/gcc/arm-none-eabi/10.3.1/../../../../arm-none-eabi/lib/thumb/v7e-m/nofp\libg_nano.a(lib_a-exit.o) (_exit)

Discarded input sections

 .text          0x00000000        0x0 e:/program files (x86)/gnu arm embedded toolchain/10 2021.10/bin/../lib/gcc/arm-none-eabi/10.3.1/thumb/v7e-m/nofp/crti.o
 .data          0x00000000        0x0 e:/program files (x86)/gnu arm embedded toolchain/10 2021.10/bin/../lib/gcc/arm-none-eabi/10.3.1/thumb/v7e-m/nofp/crti.o
 .bss           0x00000000        0x0 e:/program files (x86)/gnu arm embedded toolchain/10 2021.10/bin/../lib/gcc/arm-none-eabi/10.3.1/thumb/v7e-m/nofp/crti.o
 .text          0x00000000       0x40 e:/program files (x86)/gnu arm embedded toolchain/10 2021.10/bin/../lib/gcc/arm-none-eabi/10.3.1/thumb/v7e-m/nofp/crtbegin.o
 .data          0x00000000        0x4 e:/program files (x86)/gnu arm embedded toolchain/10 2021.10/bin/../lib/gcc/arm-none-eabi/10.3.1/thumb/v7e-m/nofp/crtbegin.o
 .bss           0x00000000       0x1c e:/program files (x86)/gnu arm embedded toolchain/10 2021.10/bin/../lib/gcc/arm-none-eabi/10.3.1/thumb/v7e-m/nofp/crtbegin.o
 .rodata        0x00000000       0x24 e:/program files (x86)/gnu arm embedded toolchain/10 2021.10/bin/../lib/gcc/arm-none-eabi/10.3.1/thumb/v7e-m/nofp/crtbegin.o
 .init_array    0x00000000        0x4 e:/program files (x86)/gnu arm embedded toolchain/10 2021.10/bin/../lib/gcc/arm-none-eabi/10.3.1/thumb/v7e-m/nofp/crtbegin.o
 .fini_array    0x00000000        0x4 e:/program files (x86)/gnu arm embedded toolchain/10 2021.10/bin/../lib/gcc/arm-none-eabi/10.3.1/thumb/v7e-m/nofp/crtbegin.o
 .text          0x00000000       0x7c e:/program files (x86)/gnu arm embedded toolchain/10 2021.10/bin/../lib/gcc/arm-none-eabi/10.3.1/../../../../arm-none-eabi/lib/thumb/v7e-m/nofp/crt0.o
 .data          0x00000000        0x0 e:/program files (x86)/gnu arm embedded toolchain/10 2021.10/bin/../lib/gcc/arm-none-eabi/10.3.1/../../../../arm-none-eabi/lib/thumb/v7e-m/nofp/crt0.o
 .bss           0x00000000        0x0 e:/program files (x86)/gnu arm embedded toolchain/10 2021.10/bin/../lib/gcc/arm-none-eabi/10.3.1/../../../../arm-none-eabi/lib/thumb/v7e-m/nofp/crt0.o
 .ARM.extab     0x00000000        0x0 e:/program files (x86)/gnu arm embedded toolchain/10 2021.10/bin/../lib/gcc/arm-none-eabi/10.3.1/../../../../arm-none-eabi/lib/thumb/v7e-m/nofp/crt0.o
 .ARM.exidx     0x00000000       0x10 e:/program files (x86)/gnu arm embedded toolchain/10 2021.10/bin/../lib/gcc/arm-none-eabi/10.3.1/../../../../arm-none-eabi/lib/thumb/v7e-m/nofp/crt0.o
 .ARM.attributes
                0x00000000       0x1c e:/program files (x86)/gnu arm embedded toolchain/10 2021.10/bin/../lib/gcc/arm-none-eabi/10.3.1/../../../../arm-none-eabi/lib/thumb/v7e-m/nofp/crt0.o
 .text          0x00000000        0x0 Drivers/GPIO_cpp/src/gpio.o
 .data          0x00000000        0x0 Drivers/GPIO_cpp/src/gpio.o
 .bss           0x00000000        0x0 Drivers/GPIO_cpp/src/gpio.o
 .text._ZN4GPIOC2E13port_NameTypeP12GPIO_TypeDefP16GPIO_InitTypeDef
                0x00000000      0x178 Drivers/GPIO_cpp/src/gpio.o
 .text._ZN4GPIO16LIB_GPIO_ReadPinEt
                0x00000000       0x10 Drivers/GPIO_cpp/src/gpio.o
 .text._ZN4GPIO17LIB_GPIO_WritePinEt13GPIO_PinState
                0x00000000        0xc Drivers/GPIO_cpp/src/gpio.o
 .text._ZN4GPIO18LIB_GPIO_TogglePinEt
                0x00000000        0xc Drivers/GPIO_cpp/src/gpio.o
 .text._Z17__GPIO_PIN_Paramsmmmmm
                0x00000000       0x10 Drivers/GPIO_cpp/src/gpio.o
 .text._ZNK4GPIO26__LIB_RCC_GPIOA_CLK_ENABLEEv
                0x00000000       0x10 Drivers/GPIO_cpp/src/gpio.o
 .text._ZNK4GPIO26__LIB_RCC_GPIOB_CLK_ENABLEEv
                0x00000000       0x10 Drivers/GPIO_cpp/src/gpio.o
 .text._ZNK4GPIO26__LIB_RCC_GPIOC_CLK_ENABLEEv
                0x00000000       0x10 Drivers/GPIO_cpp/src/gpio.o
 .text._ZNK4GPIO26__LIB_RCC_GPIOD_CLK_ENABLEEv
                0x00000000       0x10 Drivers/GPIO_cpp/src/gpio.o
 .text._ZNK4GPIO26__LIB_RCC_GPIOE_CLK_ENABLEEv
                0x00000000       0x10 Drivers/GPIO_cpp/src/gpio.o
 .text._ZNK4GPIO26__LIB_RCC_GPIOF_CLK_ENABLEEv
                0x00000000       0x10 Drivers/GPIO_cpp/src/gpio.o
 .text._ZNK4GPIO26__LIB_RCC_GPIOG_CLK_ENABLEEv
                0x00000000       0x10 Drivers/GPIO_cpp/src/gpio.o
 .text._ZNK4GPIO26__LIB_RCC_GPIOH_CLK_ENABLEEv
                0x00000000       0x10 Drivers/GPIO_cpp/src/gpio.o
 .debug_info    0x00000000      0xb13 Drivers/GPIO_cpp/src/gpio.o
 .debug_abbrev  0x00000000      0x2a3 Drivers/GPIO_cpp/src/gpio.o
 .debug_loc     0x00000000      0x36d Drivers/GPIO_cpp/src/gpio.o
 .debug_aranges
                0x00000000       0x80 Drivers/GPIO_cpp/src/gpio.o
 .debug_ranges  0x00000000       0x90 Drivers/GPIO_cpp/src/gpio.o
 .debug_line    0x00000000      0x510 Drivers/GPIO_cpp/src/gpio.o
 .debug_str     0x00000000      0x851 Drivers/GPIO_cpp/src/gpio.o
 .comment       0x00000000       0x4a Drivers/GPIO_cpp/src/gpio.o
 .debug_frame   0x00000000       0xf8 Drivers/GPIO_cpp/src/gpio.o
 .ARM.attributes
                0x00000000       0x2e Drivers/GPIO_cpp/src/gpio.o
 .text          0x00000000        0x0 Drivers/UART_cpp/src/uart.o
 .data          0x00000000        0x0 Drivers/UART_cpp/src/uart.o
 .bss           0x00000000        0x0 Drivers/UART_cpp/src/uart.o
 .text._ZN7UARTComC2E12UART_COMType17UART_BaudRateType
                0x00000000       0xd0 Drivers/UART_cpp/src/uart.o
 .text._ZN7UARTCom13USART_2_WriteEi
                0x00000000       0x14 Drivers/UART_cpp/src/uart.o
 .text._ZN7UARTCom12USART_2_ReadEv
                0x00000000       0x14 Drivers/UART_cpp/src/uart.o
 .text._ZNK7UARTCom10getComTypeEv
                0x00000000        0x4 Drivers/UART_cpp/src/uart.o
 .text._ZNK7UARTCom11getBaudRateEv
                0x00000000        0x4 Drivers/UART_cpp/src/uart.o
 .debug_info    0x00000000      0x379 Drivers/UART_cpp/src/uart.o
 .debug_abbrev  0x00000000      0x1b7 Drivers/UART_cpp/src/uart.o
 .debug_loc     0x00000000      0x153 Drivers/UART_cpp/src/uart.o
 .debug_aranges
                0x00000000       0x40 Drivers/UART_cpp/src/uart.o
 .debug_ranges  0x00000000       0x30 Drivers/UART_cpp/src/uart.o
 .debug_line    0x00000000      0x278 Drivers/UART_cpp/src/uart.o
 .debug_str     0x00000000      0x389 Drivers/UART_cpp/src/uart.o
 .comment       0x00000000       0x4a Drivers/UART_cpp/src/uart.o
 .debug_frame   0x00000000       0x6c Drivers/UART_cpp/src/uart.o
 .ARM.attributes
                0x00000000       0x2e Drivers/UART_cpp/src/uart.o
 .text          0x00000000        0x0 Projects/Servo_Motor_cpp/src/main.o
 .data          0x00000000        0x0 Projects/Servo_Motor_cpp/src/main.o
 .bss           0x00000000        0x0 Projects/Servo_Motor_cpp/src/main.o
 .text._Z5delaym
                0x00000000       0x1c Projects/Servo_Motor_cpp/src/main.o
 .text          0x00000000        0x0 Projects/Servo_Motor_cpp/src/servo.o
 .data          0x00000000        0x0 Projects/Servo_Motor_cpp/src/servo.o
 .bss           0x00000000        0x0 Projects/Servo_Motor_cpp/src/servo.o
 .text._ZN5Servo14Servo_PWM_InitEv
                0x00000000       0x68 Projects/Servo_Motor_cpp/src/servo.o
 .text._ZN5Servo14Servo_GetAngleEv
                0x00000000        0x4 Projects/Servo_Motor_cpp/src/servo.o
 .text._ZN5Servo10Servo_StopEv
                0x00000000       0x10 Projects/Servo_Motor_cpp/src/servo.o
 .text._ZN5Servo20servo_angle_to_ticksE15servoAngle_Type
                0x00000000       0x44 Projects/Servo_Motor_cpp/src/servo.o
 .text          0x00000000        0x0 Projects/Servo_Motor_cpp/src/startup.o
 .data          0x00000000        0x0 Projects/Servo_Motor_cpp/src/startup.o
 .bss           0x00000000        0x0 Projects/Servo_Motor_cpp/src/startup.o
 .data          0x00000000        0x0 Projects/Servo_Motor_cpp/src/system_stm32f4xx.o
 .bss           0x00000000        0x0 Projects/Servo_Motor_cpp/src/system_stm32f4xx.o
 .text          0x00000000        0x0 e:/program files (x86)/gnu arm embedded toolchain/10 2021.10/bin/../lib/gcc/arm-none-eabi/10.3.1/../../../../arm-none-eabi/lib/thumb/v7e-m/nofp\libg_nano.a(lib_a-exit.o)
 .data          0x00000000        0x0 e:/program files (x86)/gnu arm embedded toolchain/10 2021.10/bin/../lib/gcc/arm-none-eabi/10.3.1/../../../../arm-none-eabi/lib/thumb/v7e-m/nofp\libg_nano.a(lib_a-exit.o)
 .bss           0x00000000        0x0 e:/program files (x86)/gnu arm embedded toolchain/10 2021.10/bin/../lib/gcc/arm-none-eabi/10.3.1/../../../../arm-none-eabi/lib/thumb/v7e-m/nofp\libg_nano.a(lib_a-exit.o)
 .text.exit     0x00000000       0x28 e:/program files (x86)/gnu arm embedded toolchain/10 2021.10/bin/../lib/gcc/arm-none-eabi/10.3.1/../../../../arm-none-eabi/lib/thumb/v7e-m/nofp\libg_nano.a(lib_a-exit.o)
 .debug_frame   0x00000000       0x28 e:/program files (x86)/gnu arm embedded toolchain/10 2021.10/bin/../lib/gcc/arm-none-eabi/10.3.1/../../../../arm-none-eabi/lib/thumb/v7e-m/nofp\libg_nano.a(lib_a-exit.o)
 .ARM.attributes
                0x00000000       0x2e e:/program files (x86)/gnu arm embedded toolchain/10 2021.10/bin/../lib/gcc/arm-none-eabi/10.3.1/../../../../arm-none-eabi/lib/thumb/v7e-m/nofp\libg_nano.a(lib_a-exit.o)
 .text          0x00000000        0x0 e:/program files (x86)/gnu arm embedded toolchain/10 2021.10/bin/../lib/gcc/arm-none-eabi/10.3.1/../../../../arm-none-eabi/lib/thumb/v7e-m/nofp\libg_nano.a(lib_a-impure.o)
 .data          0x00000000        0x0 e:/program files (x86)/gnu arm embedded toolchain/10 2021.10/bin/../lib/gcc/arm-none-eabi/10.3.1/../../../../arm-none-eabi/lib/thumb/v7e-m/nofp\libg_nano.a(lib_a-impure.o)
 .bss           0x00000000        0x0 e:/program files (x86)/gnu arm embedded toolchain/10 2021.10/bin/../lib/gcc/arm-none-eabi/10.3.1/../../../../arm-none-eabi/lib/thumb/v7e-m/nofp\libg_nano.a(lib_a-impure.o)
 .data._impure_ptr
                0x00000000        0x4 e:/program files (x86)/gnu arm embedded toolchain/10 2021.10/bin/../lib/gcc/arm-none-eabi/10.3.1/../../../../arm-none-eabi/lib/thumb/v7e-m/nofp\libg_nano.a(lib_a-impure.o)
 .data.impure_data
                0x00000000       0x60 e:/program files (x86)/gnu arm embedded toolchain/10 2021.10/bin/../lib/gcc/arm-none-eabi/10.3.1/../../../../arm-none-eabi/lib/thumb/v7e-m/nofp\libg_nano.a(lib_a-impure.o)
 .rodata._global_impure_ptr
                0x00000000        0x4 e:/program files (x86)/gnu arm embedded toolchain/10 2021.10/bin/../lib/gcc/arm-none-eabi/10.3.1/../../../../arm-none-eabi/lib/thumb/v7e-m/nofp\libg_nano.a(lib_a-impure.o)
 .ARM.attributes
                0x00000000       0x2e e:/program files (x86)/gnu arm embedded toolchain/10 2021.10/bin/../lib/gcc/arm-none-eabi/10.3.1/../../../../arm-none-eabi/lib/thumb/v7e-m/nofp\libg_nano.a(lib_a-impure.o)
 .text          0x00000000        0x0 e:/program files (x86)/gnu arm embedded toolchain/10 2021.10/bin/../lib/gcc/arm-none-eabi/10.3.1/../../../../arm-none-eabi/lib/thumb/v7e-m/nofp\libg_nano.a(lib_a-init.o)
 .data          0x00000000        0x0 e:/program files (x86)/gnu arm embedded toolchain/10 2021.10/bin/../lib/gcc/arm-none-eabi/10.3.1/../../../../arm-none-eabi/lib/thumb/v7e-m/nofp\libg_nano.a(lib_a-init.o)
 .bss           0x00000000        0x0 e:/program files (x86)/gnu arm embedded toolchain/10 2021.10/bin/../lib/gcc/arm-none-eabi/10.3.1/../../../../arm-none-eabi/lib/thumb/v7e-m/nofp\libg_nano.a(lib_a-init.o)
 .text.__libc_init_array
                0x00000000       0x48 e:/program files (x86)/gnu arm embedded toolchain/10 2021.10/bin/../lib/gcc/arm-none-eabi/10.3.1/../../../../arm-none-eabi/lib/thumb/v7e-m/nofp\libg_nano.a(lib_a-init.o)
 .debug_frame   0x00000000       0x2c e:/program files (x86)/gnu arm embedded toolchain/10 2021.10/bin/../lib/gcc/arm-none-eabi/10.3.1/../../../../arm-none-eabi/lib/thumb/v7e-m/nofp\libg_nano.a(lib_a-init.o)
 .ARM.attributes
                0x00000000       0x2e e:/program files (x86)/gnu arm embedded toolchain/10 2021.10/bin/../lib/gcc/arm-none-eabi/10.3.1/../../../../arm-none-eabi/lib/thumb/v7e-m/nofp\libg_nano.a(lib_a-init.o)
 .text          0x00000000        0x0 e:/program files (x86)/gnu arm embedded toolchain/10 2021.10/bin/../lib/gcc/arm-none-eabi/10.3.1/../../../../arm-none-eabi/lib/thumb/v7e-m/nofp\libg_nano.a(lib_a-memcpy-stub.o)
 .data          0x00000000        0x0 e:/program files (x86)/gnu arm embedded toolchain/10 2021.10/bin/../lib/gcc/arm-none-eabi/10.3.1/../../../../arm-none-eabi/lib/thumb/v7e-m/nofp\libg_nano.a(lib_a-memcpy-stub.o)
 .bss           0x00000000        0x0 e:/program files (x86)/gnu arm embedded toolchain/10 2021.10/bin/../lib/gcc/arm-none-eabi/10.3.1/../../../../arm-none-eabi/lib/thumb/v7e-m/nofp\libg_nano.a(lib_a-memcpy-stub.o)
 .text          0x00000000        0x0 e:/program files (x86)/gnu arm embedded toolchain/10 2021.10/bin/../lib/gcc/arm-none-eabi/10.3.1/../../../../arm-none-eabi/lib/thumb/v7e-m/nofp\libg_nano.a(lib_a-memset.o)
 .data          0x00000000        0x0 e:/program files (x86)/gnu arm embedded toolchain/10 2021.10/bin/../lib/gcc/arm-none-eabi/10.3.1/../../../../arm-none-eabi/lib/thumb/v7e-m/nofp\libg_nano.a(lib_a-memset.o)
 .bss           0x00000000        0x0 e:/program files (x86)/gnu arm embedded toolchain/10 2021.10/bin/../lib/gcc/arm-none-eabi/10.3.1/../../../../arm-none-eabi/lib/thumb/v7e-m/nofp\libg_nano.a(lib_a-memset.o)
 .text          0x00000000        0x0 e:/program files (x86)/gnu arm embedded toolchain/10 2021.10/bin/../lib/gcc/arm-none-eabi/10.3.1/../../../../arm-none-eabi/lib/thumb/v7e-m/nofp\libnosys.a(_exit.o)
 .data          0x00000000        0x0 e:/program files (x86)/gnu arm embedded toolchain/10 2021.10/bin/../lib/gcc/arm-none-eabi/10.3.1/../../../../arm-none-eabi/lib/thumb/v7e-m/nofp\libnosys.a(_exit.o)
 .bss           0x00000000        0x0 e:/program files (x86)/gnu arm embedded toolchain/10 2021.10/bin/../lib/gcc/arm-none-eabi/10.3.1/../../../../arm-none-eabi/lib/thumb/v7e-m/nofp\libnosys.a(_exit.o)
 .text._exit    0x00000000        0x4 e:/program files (x86)/gnu arm embedded toolchain/10 2021.10/bin/../lib/gcc/arm-none-eabi/10.3.1/../../../../arm-none-eabi/lib/thumb/v7e-m/nofp\libnosys.a(_exit.o)
 .debug_frame   0x00000000       0x20 e:/program files (x86)/gnu arm embedded toolchain/10 2021.10/bin/../lib/gcc/arm-none-eabi/10.3.1/../../../../arm-none-eabi/lib/thumb/v7e-m/nofp\libnosys.a(_exit.o)
 .ARM.attributes
                0x00000000       0x2e e:/program files (x86)/gnu arm embedded toolchain/10 2021.10/bin/../lib/gcc/arm-none-eabi/10.3.1/../../../../arm-none-eabi/lib/thumb/v7e-m/nofp\libnosys.a(_exit.o)
 .text          0x00000000        0x0 e:/program files (x86)/gnu arm embedded toolchain/10 2021.10/bin/../lib/gcc/arm-none-eabi/10.3.1/thumb/v7e-m/nofp/crtend.o
 .data          0x00000000        0x0 e:/program files (x86)/gnu arm embedded toolchain/10 2021.10/bin/../lib/gcc/arm-none-eabi/10.3.1/thumb/v7e-m/nofp/crtend.o
 .bss           0x00000000        0x0 e:/program files (x86)/gnu arm embedded toolchain/10 2021.10/bin/../lib/gcc/arm-none-eabi/10.3.1/thumb/v7e-m/nofp/crtend.o
 .rodata        0x00000000       0x24 e:/program files (x86)/gnu arm embedded toolchain/10 2021.10/bin/../lib/gcc/arm-none-eabi/10.3.1/thumb/v7e-m/nofp/crtend.o
 .text          0x00000000        0x0 e:/program files (x86)/gnu arm embedded toolchain/10 2021.10/bin/../lib/gcc/arm-none-eabi/10.3.1/thumb/v7e-m/nofp/crtn.o
 .data          0x00000000        0x0 e:/program files (x86)/gnu arm embedded toolchain/10 2021.10/bin/../lib/gcc/arm-none-eabi/10.3.1/thumb/v7e-m/nofp/crtn.o
 .bss           0x00000000        0x0 e:/program files (x86)/gnu arm embedded toolchain/10 2021.10/bin/../lib/gcc/arm-none-eabi/10.3.1/thumb/v7e-m/nofp/crtn.o

Memory Configuration

Name             Origin             Length             Attributes
FLASH            0x08000000         0x00100000         xr
RAM              0x20000000         0x00020000         xrw
*default*        0x00000000         0xffffffff

Linker script and memory map

LOAD e:/program files (x86)/gnu arm embedded toolchain/10 2021.10/bin/../lib/gcc/arm-none-eabi/10.3.1/thumb/v7e-m/nofp/crti.o
LOAD e:/program files (x86)/gnu arm embedded toolchain/10 2021.10/bin/../lib/gcc/arm-none-eabi/10.3.1/thumb/v7e-m/nofp/crtbegin.o
LOAD e:/program files (x86)/gnu arm embedded toolchain/10 2021.10/bin/../lib/gcc/arm-none-eabi/10.3.1/../../../../arm-none-eabi/lib/thumb/v7e-m/nofp/crt0.o
LOAD Drivers/GPIO_cpp/src/gpio.o
LOAD Drivers/UART_cpp/src/uart.o
LOAD Projects/Servo_Motor_cpp/src/main.o
LOAD Projects/Servo_Motor_cpp/src/servo.o
LOAD Projects/Servo_Motor_cpp/src/startup.o
LOAD Projects/Servo_Motor_cpp/src/system_stm32f4xx.o
LOAD e:/program files (x86)/gnu arm embedded toolchain/10 2021.10/bin/../lib/gcc/arm-none-eabi/10.3.1/../../../../arm-none-eabi/lib/thumb/v7e-m/nofp\libstdc++_nano.a
LOAD e:/program files (x86)/gnu arm embedded toolchain/10 2021.10/bin/../lib/gcc/arm-none-eabi/10.3.1/../../../../arm-none-eabi/lib/thumb/v7e-m/nofp\libm.a
START GROUP
LOAD e:/program files (x86)/gnu arm embedded toolchain/10 2021.10/bin/../lib/gcc/arm-none-eabi/10.3.1/thumb/v7e-m/nofp\libgcc.a
LOAD e:/program files (x86)/gnu arm embedded toolchain/10 2021.10/bin/../lib/gcc/arm-none-eabi/10.3.1/../../../../arm-none-eabi/lib/thumb/v7e-m/nofp\libg_nano.a
LOAD e:/program files (x86)/gnu arm embedded toolchain/10 2021.10/bin/../lib/gcc/arm-none-eabi/10.3.1/../../../../arm-none-eabi/lib/thumb/v7e-m/nofp\libc_nano.a
END GROUP
START GROUP
LOAD e:/program files (x86)/gnu arm embedded toolchain/10 2021.10/bin/../lib/gcc/arm-none-eabi/10.3.1/thumb/v7e-m/nofp\libgcc.a
LOAD e:/program files (x86)/gnu arm embedded toolchain/10 2021.10/bin/../lib/gcc/arm-none-eabi/10.3.1/../../../../arm-none-eabi/lib/thumb/v7e-m/nofp\libc_nano.a
LOAD e:/program files (x86)/gnu arm embedded toolchain/10 2021.10/bin/../lib/gcc/arm-none-eabi/10.3.1/../../../../arm-none-eabi/lib/thumb/v7e-m/nofp\libnosys.a
END GROUP
START GROUP
LOAD e:/program files (x86)/gnu arm embedded toolchain/10 2021.10/bin/../lib/gcc/arm-none-eabi/10.3.1/thumb/v7e-m/nofp\libgcc.a
LOAD e:/program files (x86)/gnu arm embedded toolchain/10 2021.10/bin/../lib/gcc/arm-none-eabi/10.3.1/../../../../arm-none-eabi/lib/thumb/v7e-m/nofp\libc_nano.a
LOAD e:/program files (x86)/gnu arm embedded toolchain/10 2021.10/bin/../lib/gcc/arm-none-eabi/10.3.1/../../../../arm-none-eabi/lib/thumb/v7e-m/nofp\libnosys.a
END GROUP
LOAD e:/program files (x86)/gnu arm embedded toolchain/10 2021.10/bin/../lib/gcc/arm-none-eabi/10.3.1/thumb/v7e-m/nofp/crtend.o
LOAD e:/program files (x86)/gnu arm embedded toolchain/10 2021.10/bin/../lib/gcc/arm-none-eabi/10.3.1/thumb/v7e-m/nofp/crtn.o

.isr_vector     0x08000000       0x40
 *(.isr_vector)
 .isr_vector    0x08000000       0x40 Projects/Servo_Motor_cpp/src/startup.o
                0x08000000                vector_table

.text           0x08000040      0x330
                0x08000040                . = ALIGN (0x4)
 *(.text*)
 .text.startup.main
                0x08000040       0x84 Projects/Servo_Motor_cpp/src/main.o
                0x08000040                main
 .text._ZN5Servo15Servo_GPIO_InitEv
                0x080000c4       0x8c Projects/Servo_Motor_cpp/src/servo.o
                0x080000c4                Servo::Servo_GPIO_Init()
 .text._ZN5ServoC2E10servo_Type15servoAngle_TypeP11TIM_TypeDefP12GPIO_TypeDefP11RCC_TypeDefhhm
                0x08000150       0xd0 Projects/Servo_Motor_cpp/src/servo.o
                0x08000150                Servo::Servo(servo_Type, servoAngle_Type, TIM_TypeDef*, GPIO_TypeDef*, RCC_TypeDef*, unsigned char, unsigned char, unsigned long)
                0x08000150                Servo::Servo(servo_Type, servoAngle_Type, TIM_TypeDef*, GPIO_TypeDef*, RCC_TypeDef*, unsigned char, unsigned char, unsigned long)
 .text._ZN5Servo14Servo_SetAngleE15servoAngle_Type
                0x08000220       0x58 Projects/Servo_Motor_cpp/src/servo.o
                0x08000220                Servo::Servo_SetAngle(servoAngle_Type)
 .text._ZN5Servo11Servo_StartEv
                0x08000278       0x58 Projects/Servo_Motor_cpp/src/servo.o
                0x08000278                Servo::Servo_Start()
 .text.Default_Handler
                0x080002d0        0x4 Projects/Servo_Motor_cpp/src/startup.o
                0x080002d0                Default_Handler
 .text.Reset_Handler
                0x080002d4       0x50 Projects/Servo_Motor_cpp/src/startup.o
                0x080002d4                Reset_Handler
 .text          0x08000324        0x4 Projects/Servo_Motor_cpp/src/system_stm32f4xx.o
                0x08000324                SystemInit
 .text.memcpy   0x08000328       0x1c e:/program files (x86)/gnu arm embedded toolchain/10 2021.10/bin/../lib/gcc/arm-none-eabi/10.3.1/../../../../arm-none-eabi/lib/thumb/v7e-m/nofp\libg_nano.a(lib_a-memcpy-stub.o)
                0x08000328                memcpy
 .text.memset   0x08000344       0x10 e:/program files (x86)/gnu arm embedded toolchain/10 2021.10/bin/../lib/gcc/arm-none-eabi/10.3.1/../../../../arm-none-eabi/lib/thumb/v7e-m/nofp\libg_nano.a(lib_a-memset.o)
                0x08000344                memset
 *(.rodata*)
 *(.glue_7)
 .glue_7        0x08000354        0x0 linker stubs
 *(.glue_7t)
 .glue_7t       0x08000354        0x0 linker stubs
 *(.init)
 .init          0x08000354        0x4 e:/program files (x86)/gnu arm embedded toolchain/10 2021.10/bin/../lib/gcc/arm-none-eabi/10.3.1/thumb/v7e-m/nofp/crti.o
                0x08000354                _init
 .init          0x08000358        0x8 e:/program files (x86)/gnu arm embedded toolchain/10 2021.10/bin/../lib/gcc/arm-none-eabi/10.3.1/thumb/v7e-m/nofp/crtn.o
 *(.fini)
 .fini          0x08000360        0x4 e:/program files (x86)/gnu arm embedded toolchain/10 2021.10/bin/../lib/gcc/arm-none-eabi/10.3.1/thumb/v7e-m/nofp/crti.o
                0x08000360                _fini
 .fini          0x08000364        0x8 e:/program files (x86)/gnu arm embedded toolchain/10 2021.10/bin/../lib/gcc/arm-none-eabi/10.3.1/thumb/v7e-m/nofp/crtn.o
 *(.ARM.extab* .gnu.linkonce.armextab.*)
 *(.ARM.exidx* .gnu.linkonce.armexidx.*)
 *(.eh_frame)
 .eh_frame      0x0800036c        0x0 e:/program files (x86)/gnu arm embedded toolchain/10 2021.10/bin/../lib/gcc/arm-none-eabi/10.3.1/thumb/v7e-m/nofp/crtbegin.o
 .eh_frame      0x0800036c        0x4 e:/program files (x86)/gnu arm embedded toolchain/10 2021.10/bin/../lib/gcc/arm-none-eabi/10.3.1/thumb/v7e-m/nofp/crtend.o
                0x08000370                __etext = .

.vfp11_veneer   0x08000370        0x0
 .vfp11_veneer  0x08000370        0x0 linker stubs

.v4_bx          0x08000370        0x0
 .v4_bx         0x08000370        0x0 linker stubs

.iplt           0x08000370        0x0
 .iplt          0x08000370        0x0 Projects/Servo_Motor_cpp/src/main.o

.rel.dyn        0x08000370        0x0
 .rel.iplt      0x08000370        0x0 Projects/Servo_Motor_cpp/src/main.o

.data           0x20000000        0x0 load address 0x08000370
                0x20000000                __data_start__ = .
 *(.data*)
                0x20000000                __data_end__ = .

.igot.plt       0x20000000        0x0
 .igot.plt      0x20000000        0x0 Projects/Servo_Motor_cpp/src/main.o

.bss            0x20000000        0x0
                0x20000000                __bss_start__ = .
 *(.bss*)
 *(COMMON)
                0x20000000                . = ALIGN (0x4)
                0x20000000                __bss_end__ = .
                0x20000000                end = .
                0x20000000                _end = .

.stack          0x20000000      0x400
                0x20000000                . = ALIGN (0x8)
                0x20000000                _stack = .
                0x20000400                . = (. + 0x400)
 *fill*         0x20000000      0x400 
OUTPUT(Projects/Servo_Motor_cpp/main.elf elf32-littlearm)
LOAD linker stubs

.ARM.attributes
                0x00000000       0x2a
 .ARM.attributes
                0x00000000       0x1e e:/program files (x86)/gnu arm embedded toolchain/10 2021.10/bin/../lib/gcc/arm-none-eabi/10.3.1/thumb/v7e-m/nofp/crti.o
 .ARM.attributes
                0x0000001e       0x2e e:/program files (x86)/gnu arm embedded toolchain/10 2021.10/bin/../lib/gcc/arm-none-eabi/10.3.1/thumb/v7e-m/nofp/crtbegin.o
 .ARM.attributes
                0x0000004c       0x2e Projects/Servo_Motor_cpp/src/main.o
 .ARM.attributes
                0x0000007a       0x2e Projects/Servo_Motor_cpp/src/servo.o
 .ARM.attributes
                0x000000a8       0x2e Projects/Servo_Motor_cpp/src/startup.o
 .ARM.attributes
                0x000000d6       0x2e Projects/Servo_Motor_cpp/src/system_stm32f4xx.o
 .ARM.attributes
                0x00000104       0x2e e:/program files (x86)/gnu arm embedded toolchain/10 2021.10/bin/../lib/gcc/arm-none-eabi/10.3.1/../../../../arm-none-eabi/lib/thumb/v7e-m/nofp\libg_nano.a(lib_a-memcpy-stub.o)
 .ARM.attributes
                0x00000132       0x2e e:/program files (x86)/gnu arm embedded toolchain/10 2021.10/bin/../lib/gcc/arm-none-eabi/10.3.1/../../../../arm-none-eabi/lib/thumb/v7e-m/nofp\libg_nano.a(lib_a-memset.o)
 .ARM.attributes
                0x00000160       0x2e e:/program files (x86)/gnu arm embedded toolchain/10 2021.10/bin/../lib/gcc/arm-none-eabi/10.3.1/thumb/v7e-m/nofp/crtend.o
 .ARM.attributes
                0x0000018e       0x1e e:/program files (x86)/gnu arm embedded toolchain/10 2021.10/bin/../lib/gcc/arm-none-eabi/10.3.1/thumb/v7e-m/nofp/crtn.o

.comment        0x00000000       0x49
 .comment       0x00000000       0x49 Projects/Servo_Motor_cpp/src/main.o
                                 0x4a (size before relaxing)
 .comment       0x00000049       0x4a Projects/Servo_Motor_cpp/src/servo.o
 .comment       0x00000049       0x4a Projects/Servo_Motor_cpp/src/startup.o
 .comment       0x00000049       0x4a Projects/Servo_Motor_cpp/src/system_stm32f4xx.o

.debug_info     0x00000000     0x17fc
 .debug_info    0x00000000      0x817 Projects/Servo_Motor_cpp/src/main.o
 .debug_info    0x00000817      0xdd1 Projects/Servo_Motor_cpp/src/servo.o
 .debug_info    0x000015e8      0x196 Projects/Servo_Motor_cpp/src/startup.o
 .debug_info    0x0000177e       0x7e Projects/Servo_Motor_cpp/src/system_stm32f4xx.o

.debug_abbrev   0x00000000      0x5ed
 .debug_abbrev  0x00000000      0x1f6 Projects/Servo_Motor_cpp/src/main.o
 .debug_abbrev  0x000001f6      0x29e Projects/Servo_Motor_cpp/src/servo.o
 .debug_abbrev  0x00000494      0x115 Projects/Servo_Motor_cpp/src/startup.o
 .debug_abbrev  0x000005a9       0x44 Projects/Servo_Motor_cpp/src/system_stm32f4xx.o

.debug_loc      0x00000000      0xfdd
 .debug_loc     0x00000000       0x86 Projects/Servo_Motor_cpp/src/main.o
 .debug_loc     0x00000086      0xf57 Projects/Servo_Motor_cpp/src/servo.o

.debug_aranges  0x00000000       0xc8
 .debug_aranges
                0x00000000       0x28 Projects/Servo_Motor_cpp/src/main.o
 .debug_aranges
                0x00000028       0x58 Projects/Servo_Motor_cpp/src/servo.o
 .debug_aranges
                0x00000080       0x28 Projects/Servo_Motor_cpp/src/startup.o
 .debug_aranges
                0x000000a8       0x20 Projects/Servo_Motor_cpp/src/system_stm32f4xx.o

.debug_ranges   0x00000000      0x300
 .debug_ranges  0x00000000       0x18 Projects/Servo_Motor_cpp/src/main.o
 .debug_ranges  0x00000018      0x2d0 Projects/Servo_Motor_cpp/src/servo.o
 .debug_ranges  0x000002e8       0x18 Projects/Servo_Motor_cpp/src/startup.o

.debug_line     0x00000000      0xb4c
 .debug_line    0x00000000      0x2bc Projects/Servo_Motor_cpp/src/main.o
 .debug_line    0x000002bc      0x650 Projects/Servo_Motor_cpp/src/servo.o
 .debug_line    0x0000090c      0x1e4 Projects/Servo_Motor_cpp/src/startup.o
 .debug_line    0x00000af0       0x5c Projects/Servo_Motor_cpp/src/system_stm32f4xx.o

.debug_str      0x00000000      0xa02
 .debug_str     0x00000000      0x690 Projects/Servo_Motor_cpp/src/main.o
                                0x746 (size before relaxing)
 .debug_str     0x00000690      0x13b Projects/Servo_Motor_cpp/src/servo.o
                                0x851 (size before relaxing)
 .debug_str     0x000007cb      0x169 Projects/Servo_Motor_cpp/src/startup.o
                                0x214 (size before relaxing)
 .debug_str     0x00000934       0xce Projects/Servo_Motor_cpp/src/system_stm32f4xx.o
                                0x15d (size before relaxing)

.debug_frame    0x00000000      0x194
 .debug_frame   0x00000000       0x44 Projects/Servo_Motor_cpp/src/main.o
 .debug_frame   0x00000044       0xb0 Projects/Servo_Motor_cpp/src/servo.o
 .debug_frame   0x000000f4       0x38 Projects/Servo_Motor_cpp/src/startup.o
 .debug_frame   0x0000012c       0x20 Projects/Servo_Motor_cpp/src/system_stm32f4xx.o
 .debug_frame   0x0000014c       0x28 e:/program files (x86)/gnu arm embedded toolchain/10 2021.10/bin/../lib/gcc/arm-none-eabi/10.3.1/../../../../arm-none-eabi/lib/thumb/v7e-m/nofp\libg_nano.a(lib_a-memcpy-stub.o)
 .debug_frame   0x00000174       0x20 e:/program files (x86)/gnu arm embedded toolchain/10 2021.10/bin/../lib/gcc/arm-none-eabi/10.3.1/../../../../arm-none-eabi/lib/thumb/v7e-m/nofp\libg_nano.a(lib_a-memset.o)
