Archive member included to satisfy reference by file (symbol)

c:/program files (x86)/gnu arm embedded toolchain/10 2021.10/bin/../lib/gcc/arm-none-eabi/10.3.1/../../../../arm-none-eabi/lib/thumb/v7e-m/nofp\libg_nano.a(lib_a-exit.o)
                              c:/program files (x86)/gnu arm embedded toolchain/10 2021.10/bin/../lib/gcc/arm-none-eabi/10.3.1/../../../../arm-none-eabi/lib/thumb/v7e-m/nofp/crt0.o (exit)
c:/program files (x86)/gnu arm embedded toolchain/10 2021.10/bin/../lib/gcc/arm-none-eabi/10.3.1/../../../../arm-none-eabi/lib/thumb/v7e-m/nofp\libg_nano.a(lib_a-impure.o)
                              c:/program files (x86)/gnu arm embedded toolchain/10 2021.10/bin/../lib/gcc/arm-none-eabi/10.3.1/../../../../arm-none-eabi/lib/thumb/v7e-m/nofp\libg_nano.a(lib_a-exit.o) (_global_impure_ptr)
c:/program files (x86)/gnu arm embedded toolchain/10 2021.10/bin/../lib/gcc/arm-none-eabi/10.3.1/../../../../arm-none-eabi/lib/thumb/v7e-m/nofp\libg_nano.a(lib_a-init.o)
                              c:/program files (x86)/gnu arm embedded toolchain/10 2021.10/bin/../lib/gcc/arm-none-eabi/10.3.1/../../../../arm-none-eabi/lib/thumb/v7e-m/nofp/crt0.o (__libc_init_array)
c:/program files (x86)/gnu arm embedded toolchain/10 2021.10/bin/../lib/gcc/arm-none-eabi/10.3.1/../../../../arm-none-eabi/lib/thumb/v7e-m/nofp\libg_nano.a(lib_a-memcpy-stub.o)
                              Projects/Servo_Motor_cpp/src/startup.o (memcpy)
c:/program files (x86)/gnu arm embedded toolchain/10 2021.10/bin/../lib/gcc/arm-none-eabi/10.3.1/../../../../arm-none-eabi/lib/thumb/v7e-m/nofp\libg_nano.a(lib_a-memset.o)
                              c:/program files (x86)/gnu arm embedded toolchain/10 2021.10/bin/../lib/gcc/arm-none-eabi/10.3.1/../../../../arm-none-eabi/lib/thumb/v7e-m/nofp/crt0.o (memset)
c:/program files (x86)/gnu arm embedded toolchain/10 2021.10/bin/../lib/gcc/arm-none-eabi/10.3.1/../../../../arm-none-eabi/lib/thumb/v7e-m/nofp\libnosys.a(_exit.o)
                              c:/program files (x86)/gnu arm embedded toolchain/10 2021.10/bin/../lib/gcc/arm-none-eabi/10.3.1/../../../../arm-none-eabi/lib/thumb/v7e-m/nofp\libg_nano.a(lib_a-exit.o) (_exit)

Discarded input sections

 .text          0x00000000        0x0 c:/program files (x86)/gnu arm embedded toolchain/10 2021.10/bin/../lib/gcc/arm-none-eabi/10.3.1/thumb/v7e-m/nofp/crti.o
 .data          0x00000000        0x0 c:/program files (x86)/gnu arm embedded toolchain/10 2021.10/bin/../lib/gcc/arm-none-eabi/10.3.1/thumb/v7e-m/nofp/crti.o
 .bss           0x00000000        0x0 c:/program files (x86)/gnu arm embedded toolchain/10 2021.10/bin/../lib/gcc/arm-none-eabi/10.3.1/thumb/v7e-m/nofp/crti.o
 .text          0x00000000       0x40 c:/program files (x86)/gnu arm embedded toolchain/10 2021.10/bin/../lib/gcc/arm-none-eabi/10.3.1/thumb/v7e-m/nofp/crtbegin.o
 .data          0x00000000        0x4 c:/program files (x86)/gnu arm embedded toolchain/10 2021.10/bin/../lib/gcc/arm-none-eabi/10.3.1/thumb/v7e-m/nofp/crtbegin.o
 .bss           0x00000000       0x1c c:/program files (x86)/gnu arm embedded toolchain/10 2021.10/bin/../lib/gcc/arm-none-eabi/10.3.1/thumb/v7e-m/nofp/crtbegin.o
 .rodata        0x00000000       0x24 c:/program files (x86)/gnu arm embedded toolchain/10 2021.10/bin/../lib/gcc/arm-none-eabi/10.3.1/thumb/v7e-m/nofp/crtbegin.o
 .init_array    0x00000000        0x4 c:/program files (x86)/gnu arm embedded toolchain/10 2021.10/bin/../lib/gcc/arm-none-eabi/10.3.1/thumb/v7e-m/nofp/crtbegin.o
 .fini_array    0x00000000        0x4 c:/program files (x86)/gnu arm embedded toolchain/10 2021.10/bin/../lib/gcc/arm-none-eabi/10.3.1/thumb/v7e-m/nofp/crtbegin.o
 .text          0x00000000       0x7c c:/program files (x86)/gnu arm embedded toolchain/10 2021.10/bin/../lib/gcc/arm-none-eabi/10.3.1/../../../../arm-none-eabi/lib/thumb/v7e-m/nofp/crt0.o
 .data          0x00000000        0x0 c:/program files (x86)/gnu arm embedded toolchain/10 2021.10/bin/../lib/gcc/arm-none-eabi/10.3.1/../../../../arm-none-eabi/lib/thumb/v7e-m/nofp/crt0.o
 .bss           0x00000000        0x0 c:/program files (x86)/gnu arm embedded toolchain/10 2021.10/bin/../lib/gcc/arm-none-eabi/10.3.1/../../../../arm-none-eabi/lib/thumb/v7e-m/nofp/crt0.o
 .ARM.extab     0x00000000        0x0 c:/program files (x86)/gnu arm embedded toolchain/10 2021.10/bin/../lib/gcc/arm-none-eabi/10.3.1/../../../../arm-none-eabi/lib/thumb/v7e-m/nofp/crt0.o
 .ARM.exidx     0x00000000       0x10 c:/program files (x86)/gnu arm embedded toolchain/10 2021.10/bin/../lib/gcc/arm-none-eabi/10.3.1/../../../../arm-none-eabi/lib/thumb/v7e-m/nofp/crt0.o
 .ARM.attributes
                0x00000000       0x1c c:/program files (x86)/gnu arm embedded toolchain/10 2021.10/bin/../lib/gcc/arm-none-eabi/10.3.1/../../../../arm-none-eabi/lib/thumb/v7e-m/nofp/crt0.o
 .text          0x00000000        0x0 Drivers/GPIO_cpp/src/gpio.o
 .data          0x00000000        0x0 Drivers/GPIO_cpp/src/gpio.o
 .bss           0x00000000        0x0 Drivers/GPIO_cpp/src/gpio.o
 .text._ZN4GPIO12GPIO_ReadPinEt
                0x00000000       0x10 Drivers/GPIO_cpp/src/gpio.o
 .text._ZN4GPIO13GPIO_WritePinEt13GPIO_PinState
                0x00000000        0xc Drivers/GPIO_cpp/src/gpio.o
 .text._ZN4GPIO14GPIO_TogglePinEt
                0x00000000        0xc Drivers/GPIO_cpp/src/gpio.o
 .text._Z21__RCC_GPIO_CLK_ENABLEP18GPIO_ManualTypeDef
                0x00000000       0xcc Drivers/GPIO_cpp/src/gpio.o
 .text._ZN4GPIOC2EP18GPIO_ManualTypeDefP16GPIO_InitTypeDef
                0x00000000      0x10c Drivers/GPIO_cpp/src/gpio.o
 .debug_info    0x00000000      0x6c8 Drivers/GPIO_cpp/src/gpio.o
 .debug_abbrev  0x00000000      0x29d Drivers/GPIO_cpp/src/gpio.o
 .debug_loc     0x00000000      0x353 Drivers/GPIO_cpp/src/gpio.o
 .debug_aranges
                0x00000000       0x40 Drivers/GPIO_cpp/src/gpio.o
 .debug_ranges  0x00000000       0x78 Drivers/GPIO_cpp/src/gpio.o
 .debug_line    0x00000000      0x3bc Drivers/GPIO_cpp/src/gpio.o
 .debug_str     0x00000000      0x51d Drivers/GPIO_cpp/src/gpio.o
 .comment       0x00000000       0x4a Drivers/GPIO_cpp/src/gpio.o
 .debug_frame   0x00000000       0x78 Drivers/GPIO_cpp/src/gpio.o
 .ARM.attributes
                0x00000000       0x2e Drivers/GPIO_cpp/src/gpio.o
 .text          0x00000000        0x0 Drivers/PWM/src/pwm.o
 .data          0x00000000        0x0 Drivers/PWM/src/pwm.o
 .bss           0x00000000        0x0 Drivers/PWM/src/pwm.o
 .text.Timer_Init
                0x00000000       0x78 Drivers/PWM/src/pwm.o
 .text.Configure_PWM
                0x00000000       0x5c Drivers/PWM/src/pwm.o
 .text.PWM_SetDutyCycle
                0x00000000       0x20 Drivers/PWM/src/pwm.o
 .text.PWM_GetDutyCycle
                0x00000000       0x24 Drivers/PWM/src/pwm.o
 .debug_info    0x00000000      0x539 Drivers/PWM/src/pwm.o
 .debug_abbrev  0x00000000      0x166 Drivers/PWM/src/pwm.o
 .debug_loc     0x00000000      0x116 Drivers/PWM/src/pwm.o
 .debug_aranges
                0x00000000       0x38 Drivers/PWM/src/pwm.o
 .debug_ranges  0x00000000       0x28 Drivers/PWM/src/pwm.o
 .debug_line    0x00000000      0x2cf Drivers/PWM/src/pwm.o
 .debug_str     0x00000000      0x475 Drivers/PWM/src/pwm.o
 .comment       0x00000000       0x4a Drivers/PWM/src/pwm.o
 .debug_frame   0x00000000       0x50 Drivers/PWM/src/pwm.o
 .ARM.attributes
                0x00000000       0x2e Drivers/PWM/src/pwm.o
 .text          0x00000000        0x0 Drivers/PWM_cpp/src/pwm.o
 .data          0x00000000        0x0 Drivers/PWM_cpp/src/pwm.o
 .bss           0x00000000        0x0 Drivers/PWM_cpp/src/pwm.o
 .text._ZN3PWMC2EP11TIM_TypeDef21PWM_Prescaler_TypeDefm
                0x00000000       0xd8 Drivers/PWM_cpp/src/pwm.o
 .text._ZN3PWM10Timer_InitEP11TIM_TypeDefP11RCC_TypeDef
                0x00000000       0x78 Drivers/PWM_cpp/src/pwm.o
 .text._ZN3PWM13Configure_PWMEP11TIM_TypeDef21PWM_Prescaler_TypeDefm
                0x00000000       0x5c Drivers/PWM_cpp/src/pwm.o
 .text._ZN3PWM12SetDutyCycleEP11TIM_TypeDef19PWM_Channel_TypeDef17dutyCycle_TypeDef
                0x00000000       0x20 Drivers/PWM_cpp/src/pwm.o
 .text._ZN3PWM12GetDutyCycleEP11TIM_TypeDef19PWM_Channel_TypeDef
                0x00000000       0x24 Drivers/PWM_cpp/src/pwm.o
 .debug_info    0x00000000      0x838 Drivers/PWM_cpp/src/pwm.o
 .debug_abbrev  0x00000000      0x261 Drivers/PWM_cpp/src/pwm.o
 .debug_loc     0x00000000      0x48d Drivers/PWM_cpp/src/pwm.o
 .debug_aranges
                0x00000000       0x40 Drivers/PWM_cpp/src/pwm.o
 .debug_ranges  0x00000000       0xb8 Drivers/PWM_cpp/src/pwm.o
 .debug_line    0x00000000      0x3c0 Drivers/PWM_cpp/src/pwm.o
 .debug_str     0x00000000      0x66b Drivers/PWM_cpp/src/pwm.o
 .comment       0x00000000       0x4a Drivers/PWM_cpp/src/pwm.o
 .debug_frame   0x00000000       0x70 Drivers/PWM_cpp/src/pwm.o
 .ARM.attributes
                0x00000000       0x2e Drivers/PWM_cpp/src/pwm.o
 .text          0x00000000        0x0 Drivers/UART_cpp/src/uart.o
 .data          0x00000000        0x0 Drivers/UART_cpp/src/uart.o
 .bss           0x00000000        0x0 Drivers/UART_cpp/src/uart.o
 .text._ZN5USARTC2EP20USART_Manual_TypeDef12UART_COMType17UART_BaudRateType
                0x00000000      0x59c Drivers/UART_cpp/src/uart.o
 .text._ZN5USART20BRR_Oversample_by_16Emm
                0x00000000        0xc Drivers/UART_cpp/src/uart.o
 .text._ZN5USART13USART_x_WriteEi
                0x00000000       0x10 Drivers/UART_cpp/src/uart.o
 .text._ZN5USART12USART_x_ReadEv
                0x00000000       0x10 Drivers/UART_cpp/src/uart.o
 .text._ZN5USART8get_charEP7__sFILE
                0x00000000       0x2c Drivers/UART_cpp/src/uart.o
 .text._ZN5USART9send_charEiP7__sFILE
                0x00000000       0x10 Drivers/UART_cpp/src/uart.o
 .text._ZN5USART11writeStringEPKc
                0x00000000       0x34 Drivers/UART_cpp/src/uart.o
 .text._ZN5USART10readStringEPcj
                0x00000000       0x38 Drivers/UART_cpp/src/uart.o
 .text._ZNK5USART10getComTypeEv
                0x00000000        0x4 Drivers/UART_cpp/src/uart.o
 .text._ZNK5USART11getBaudRateEv
                0x00000000        0x4 Drivers/UART_cpp/src/uart.o
 .rodata._ZNK5USART11GetPortNameEv.str1.4
                0x00000000       0x37 Drivers/UART_cpp/src/uart.o
 .text._ZNK5USART11GetPortNameEv
                0x00000000       0x74 Drivers/UART_cpp/src/uart.o
 .debug_info    0x00000000     0x1116 Drivers/UART_cpp/src/uart.o
 .debug_abbrev  0x00000000      0x424 Drivers/UART_cpp/src/uart.o
 .debug_loc     0x00000000      0x4fd Drivers/UART_cpp/src/uart.o
 .debug_aranges
                0x00000000       0x70 Drivers/UART_cpp/src/uart.o
 .debug_ranges  0x00000000      0x130 Drivers/UART_cpp/src/uart.o
 .debug_line    0x00000000      0xab2 Drivers/UART_cpp/src/uart.o
 .debug_str     0x00000000      0x91f Drivers/UART_cpp/src/uart.o
 .comment       0x00000000       0x4a Drivers/UART_cpp/src/uart.o
 .debug_frame   0x00000000       0xf0 Drivers/UART_cpp/src/uart.o
 .ARM.attributes
                0x00000000       0x2e Drivers/UART_cpp/src/uart.o
 .text          0x00000000        0x0 Projects/Servo_Motor_cpp/src/main.o
 .data          0x00000000        0x0 Projects/Servo_Motor_cpp/src/main.o
 .bss           0x00000000        0x0 Projects/Servo_Motor_cpp/src/main.o
 .text._Z5delaym
                0x00000000       0x1c Projects/Servo_Motor_cpp/src/main.o
 .text          0x00000000        0x0 Projects/Servo_Motor_cpp/src/servo.o
 .data          0x00000000        0x0 Projects/Servo_Motor_cpp/src/servo.o
 .bss           0x00000000        0x0 Projects/Servo_Motor_cpp/src/servo.o
 .text._ZN5Servo9GPIO_InitEv
                0x00000000       0x8c Projects/Servo_Motor_cpp/src/servo.o
 .text._ZN5Servo8PWM_InitEv
                0x00000000       0x70 Projects/Servo_Motor_cpp/src/servo.o
 .text._ZN5ServoC2EP4GPIO10servo_Type15servoAngle_TypeP11TIM_TypeDefP18GPIO_ManualTypeDefP11RCC_TypeDefhhm
                0x00000000       0x9c Projects/Servo_Motor_cpp/src/servo.o
 .text._ZN5Servo8GetAngleEv
                0x00000000        0x4 Projects/Servo_Motor_cpp/src/servo.o
 .text._ZN5Servo4StopEv
                0x00000000       0x10 Projects/Servo_Motor_cpp/src/servo.o
 .text._ZN5Servo14angle_to_ticksE15servoAngle_Type
                0x00000000       0x44 Projects/Servo_Motor_cpp/src/servo.o
 .text          0x00000000        0x0 Projects/Servo_Motor_cpp/src/startup.o
 .data          0x00000000        0x0 Projects/Servo_Motor_cpp/src/startup.o
 .bss           0x00000000        0x0 Projects/Servo_Motor_cpp/src/startup.o
 .text          0x00000000        0x0 Projects/Servo_Motor_cpp/src/system_stm32f4xx.o
 .data          0x00000000        0x0 Projects/Servo_Motor_cpp/src/system_stm32f4xx.o
 .bss           0x00000000        0x0 Projects/Servo_Motor_cpp/src/system_stm32f4xx.o
 .text          0x00000000        0x0 c:/program files (x86)/gnu arm embedded toolchain/10 2021.10/bin/../lib/gcc/arm-none-eabi/10.3.1/../../../../arm-none-eabi/lib/thumb/v7e-m/nofp\libg_nano.a(lib_a-exit.o)
 .data          0x00000000        0x0 c:/program files (x86)/gnu arm embedded toolchain/10 2021.10/bin/../lib/gcc/arm-none-eabi/10.3.1/../../../../arm-none-eabi/lib/thumb/v7e-m/nofp\libg_nano.a(lib_a-exit.o)
 .bss           0x00000000        0x0 c:/program files (x86)/gnu arm embedded toolchain/10 2021.10/bin/../lib/gcc/arm-none-eabi/10.3.1/../../../../arm-none-eabi/lib/thumb/v7e-m/nofp\libg_nano.a(lib_a-exit.o)
 .text.exit     0x00000000       0x28 c:/program files (x86)/gnu arm embedded toolchain/10 2021.10/bin/../lib/gcc/arm-none-eabi/10.3.1/../../../../arm-none-eabi/lib/thumb/v7e-m/nofp\libg_nano.a(lib_a-exit.o)
 .debug_frame   0x00000000       0x28 c:/program files (x86)/gnu arm embedded toolchain/10 2021.10/bin/../lib/gcc/arm-none-eabi/10.3.1/../../../../arm-none-eabi/lib/thumb/v7e-m/nofp\libg_nano.a(lib_a-exit.o)
 .ARM.attributes
                0x00000000       0x2e c:/program files (x86)/gnu arm embedded toolchain/10 2021.10/bin/../lib/gcc/arm-none-eabi/10.3.1/../../../../arm-none-eabi/lib/thumb/v7e-m/nofp\libg_nano.a(lib_a-exit.o)
 .text          0x00000000        0x0 c:/program files (x86)/gnu arm embedded toolchain/10 2021.10/bin/../lib/gcc/arm-none-eabi/10.3.1/../../../../arm-none-eabi/lib/thumb/v7e-m/nofp\libg_nano.a(lib_a-impure.o)
 .data          0x00000000        0x0 c:/program files (x86)/gnu arm embedded toolchain/10 2021.10/bin/../lib/gcc/arm-none-eabi/10.3.1/../../../../arm-none-eabi/lib/thumb/v7e-m/nofp\libg_nano.a(lib_a-impure.o)
 .bss           0x00000000        0x0 c:/program files (x86)/gnu arm embedded toolchain/10 2021.10/bin/../lib/gcc/arm-none-eabi/10.3.1/../../../../arm-none-eabi/lib/thumb/v7e-m/nofp\libg_nano.a(lib_a-impure.o)
 .data._impure_ptr
                0x00000000        0x4 c:/program files (x86)/gnu arm embedded toolchain/10 2021.10/bin/../lib/gcc/arm-none-eabi/10.3.1/../../../../arm-none-eabi/lib/thumb/v7e-m/nofp\libg_nano.a(lib_a-impure.o)
 .data.impure_data
                0x00000000       0x60 c:/program files (x86)/gnu arm embedded toolchain/10 2021.10/bin/../lib/gcc/arm-none-eabi/10.3.1/../../../../arm-none-eabi/lib/thumb/v7e-m/nofp\libg_nano.a(lib_a-impure.o)
 .rodata._global_impure_ptr
                0x00000000        0x4 c:/program files (x86)/gnu arm embedded toolchain/10 2021.10/bin/../lib/gcc/arm-none-eabi/10.3.1/../../../../arm-none-eabi/lib/thumb/v7e-m/nofp\libg_nano.a(lib_a-impure.o)
 .ARM.attributes
                0x00000000       0x2e c:/program files (x86)/gnu arm embedded toolchain/10 2021.10/bin/../lib/gcc/arm-none-eabi/10.3.1/../../../../arm-none-eabi/lib/thumb/v7e-m/nofp\libg_nano.a(lib_a-impure.o)
 .text          0x00000000        0x0 c:/program files (x86)/gnu arm embedded toolchain/10 2021.10/bin/../lib/gcc/arm-none-eabi/10.3.1/../../../../arm-none-eabi/lib/thumb/v7e-m/nofp\libg_nano.a(lib_a-init.o)
 .data          0x00000000        0x0 c:/program files (x86)/gnu arm embedded toolchain/10 2021.10/bin/../lib/gcc/arm-none-eabi/10.3.1/../../../../arm-none-eabi/lib/thumb/v7e-m/nofp\libg_nano.a(lib_a-init.o)
 .bss           0x00000000        0x0 c:/program files (x86)/gnu arm embedded toolchain/10 2021.10/bin/../lib/gcc/arm-none-eabi/10.3.1/../../../../arm-none-eabi/lib/thumb/v7e-m/nofp\libg_nano.a(lib_a-init.o)
 .text.__libc_init_array
                0x00000000       0x48 c:/program files (x86)/gnu arm embedded toolchain/10 2021.10/bin/../lib/gcc/arm-none-eabi/10.3.1/../../../../arm-none-eabi/lib/thumb/v7e-m/nofp\libg_nano.a(lib_a-init.o)
 .debug_frame   0x00000000       0x2c c:/program files (x86)/gnu arm embedded toolchain/10 2021.10/bin/../lib/gcc/arm-none-eabi/10.3.1/../../../../arm-none-eabi/lib/thumb/v7e-m/nofp\libg_nano.a(lib_a-init.o)
 .ARM.attributes
                0x00000000       0x2e c:/program files (x86)/gnu arm embedded toolchain/10 2021.10/bin/../lib/gcc/arm-none-eabi/10.3.1/../../../../arm-none-eabi/lib/thumb/v7e-m/nofp\libg_nano.a(lib_a-init.o)
 .text          0x00000000        0x0 c:/program files (x86)/gnu arm embedded toolchain/10 2021.10/bin/../lib/gcc/arm-none-eabi/10.3.1/../../../../arm-none-eabi/lib/thumb/v7e-m/nofp\libg_nano.a(lib_a-memcpy-stub.o)
 .data          0x00000000        0x0 c:/program files (x86)/gnu arm embedded toolchain/10 2021.10/bin/../lib/gcc/arm-none-eabi/10.3.1/../../../../arm-none-eabi/lib/thumb/v7e-m/nofp\libg_nano.a(lib_a-memcpy-stub.o)
 .bss           0x00000000        0x0 c:/program files (x86)/gnu arm embedded toolchain/10 2021.10/bin/../lib/gcc/arm-none-eabi/10.3.1/../../../../arm-none-eabi/lib/thumb/v7e-m/nofp\libg_nano.a(lib_a-memcpy-stub.o)
 .text          0x00000000        0x0 c:/program files (x86)/gnu arm embedded toolchain/10 2021.10/bin/../lib/gcc/arm-none-eabi/10.3.1/../../../../arm-none-eabi/lib/thumb/v7e-m/nofp\libg_nano.a(lib_a-memset.o)
 .data          0x00000000        0x0 c:/program files (x86)/gnu arm embedded toolchain/10 2021.10/bin/../lib/gcc/arm-none-eabi/10.3.1/../../../../arm-none-eabi/lib/thumb/v7e-m/nofp\libg_nano.a(lib_a-memset.o)
 .bss           0x00000000        0x0 c:/program files (x86)/gnu arm embedded toolchain/10 2021.10/bin/../lib/gcc/arm-none-eabi/10.3.1/../../../../arm-none-eabi/lib/thumb/v7e-m/nofp\libg_nano.a(lib_a-memset.o)
 .text          0x00000000        0x0 c:/program files (x86)/gnu arm embedded toolchain/10 2021.10/bin/../lib/gcc/arm-none-eabi/10.3.1/../../../../arm-none-eabi/lib/thumb/v7e-m/nofp\libnosys.a(_exit.o)
 .data          0x00000000        0x0 c:/program files (x86)/gnu arm embedded toolchain/10 2021.10/bin/../lib/gcc/arm-none-eabi/10.3.1/../../../../arm-none-eabi/lib/thumb/v7e-m/nofp\libnosys.a(_exit.o)
 .bss           0x00000000        0x0 c:/program files (x86)/gnu arm embedded toolchain/10 2021.10/bin/../lib/gcc/arm-none-eabi/10.3.1/../../../../arm-none-eabi/lib/thumb/v7e-m/nofp\libnosys.a(_exit.o)
 .text._exit    0x00000000        0x4 c:/program files (x86)/gnu arm embedded toolchain/10 2021.10/bin/../lib/gcc/arm-none-eabi/10.3.1/../../../../arm-none-eabi/lib/thumb/v7e-m/nofp\libnosys.a(_exit.o)
 .debug_frame   0x00000000       0x20 c:/program files (x86)/gnu arm embedded toolchain/10 2021.10/bin/../lib/gcc/arm-none-eabi/10.3.1/../../../../arm-none-eabi/lib/thumb/v7e-m/nofp\libnosys.a(_exit.o)
 .ARM.attributes
                0x00000000       0x2e c:/program files (x86)/gnu arm embedded toolchain/10 2021.10/bin/../lib/gcc/arm-none-eabi/10.3.1/../../../../arm-none-eabi/lib/thumb/v7e-m/nofp\libnosys.a(_exit.o)
 .text          0x00000000        0x0 c:/program files (x86)/gnu arm embedded toolchain/10 2021.10/bin/../lib/gcc/arm-none-eabi/10.3.1/thumb/v7e-m/nofp/crtend.o
 .data          0x00000000        0x0 c:/program files (x86)/gnu arm embedded toolchain/10 2021.10/bin/../lib/gcc/arm-none-eabi/10.3.1/thumb/v7e-m/nofp/crtend.o
 .bss           0x00000000        0x0 c:/program files (x86)/gnu arm embedded toolchain/10 2021.10/bin/../lib/gcc/arm-none-eabi/10.3.1/thumb/v7e-m/nofp/crtend.o
 .rodata        0x00000000       0x24 c:/program files (x86)/gnu arm embedded toolchain/10 2021.10/bin/../lib/gcc/arm-none-eabi/10.3.1/thumb/v7e-m/nofp/crtend.o
 .text          0x00000000        0x0 c:/program files (x86)/gnu arm embedded toolchain/10 2021.10/bin/../lib/gcc/arm-none-eabi/10.3.1/thumb/v7e-m/nofp/crtn.o
 .data          0x00000000        0x0 c:/program files (x86)/gnu arm embedded toolchain/10 2021.10/bin/../lib/gcc/arm-none-eabi/10.3.1/thumb/v7e-m/nofp/crtn.o
 .bss           0x00000000        0x0 c:/program files (x86)/gnu arm embedded toolchain/10 2021.10/bin/../lib/gcc/arm-none-eabi/10.3.1/thumb/v7e-m/nofp/crtn.o

Memory Configuration

Name             Origin             Length             Attributes
FLASH            0x08000000         0x00100000         xr
RAM              0x20000000         0x00020000         xrw
*default*        0x00000000         0xffffffff

Linker script and memory map

LOAD c:/program files (x86)/gnu arm embedded toolchain/10 2021.10/bin/../lib/gcc/arm-none-eabi/10.3.1/thumb/v7e-m/nofp/crti.o
LOAD c:/program files (x86)/gnu arm embedded toolchain/10 2021.10/bin/../lib/gcc/arm-none-eabi/10.3.1/thumb/v7e-m/nofp/crtbegin.o
LOAD c:/program files (x86)/gnu arm embedded toolchain/10 2021.10/bin/../lib/gcc/arm-none-eabi/10.3.1/../../../../arm-none-eabi/lib/thumb/v7e-m/nofp/crt0.o
LOAD Drivers/GPIO_cpp/src/gpio.o
LOAD Drivers/PWM/src/pwm.o
LOAD Drivers/PWM_cpp/src/pwm.o
LOAD Drivers/UART_cpp/src/uart.o
LOAD Projects/Servo_Motor_cpp/src/main.o
LOAD Projects/Servo_Motor_cpp/src/servo.o
LOAD Projects/Servo_Motor_cpp/src/startup.o
LOAD Projects/Servo_Motor_cpp/src/system_stm32f4xx.o
LOAD c:/program files (x86)/gnu arm embedded toolchain/10 2021.10/bin/../lib/gcc/arm-none-eabi/10.3.1/../../../../arm-none-eabi/lib/thumb/v7e-m/nofp\libstdc++_nano.a
LOAD c:/program files (x86)/gnu arm embedded toolchain/10 2021.10/bin/../lib/gcc/arm-none-eabi/10.3.1/../../../../arm-none-eabi/lib/thumb/v7e-m/nofp\libm.a
START GROUP
LOAD c:/program files (x86)/gnu arm embedded toolchain/10 2021.10/bin/../lib/gcc/arm-none-eabi/10.3.1/thumb/v7e-m/nofp\libgcc.a
LOAD c:/program files (x86)/gnu arm embedded toolchain/10 2021.10/bin/../lib/gcc/arm-none-eabi/10.3.1/../../../../arm-none-eabi/lib/thumb/v7e-m/nofp\libg_nano.a
LOAD c:/program files (x86)/gnu arm embedded toolchain/10 2021.10/bin/../lib/gcc/arm-none-eabi/10.3.1/../../../../arm-none-eabi/lib/thumb/v7e-m/nofp\libc_nano.a
END GROUP
START GROUP
LOAD c:/program files (x86)/gnu arm embedded toolchain/10 2021.10/bin/../lib/gcc/arm-none-eabi/10.3.1/thumb/v7e-m/nofp\libgcc.a
LOAD c:/program files (x86)/gnu arm embedded toolchain/10 2021.10/bin/../lib/gcc/arm-none-eabi/10.3.1/../../../../arm-none-eabi/lib/thumb/v7e-m/nofp\libc_nano.a
LOAD c:/program files (x86)/gnu arm embedded toolchain/10 2021.10/bin/../lib/gcc/arm-none-eabi/10.3.1/../../../../arm-none-eabi/lib/thumb/v7e-m/nofp\libnosys.a
END GROUP
START GROUP
LOAD c:/program files (x86)/gnu arm embedded toolchain/10 2021.10/bin/../lib/gcc/arm-none-eabi/10.3.1/thumb/v7e-m/nofp\libgcc.a
LOAD c:/program files (x86)/gnu arm embedded toolchain/10 2021.10/bin/../lib/gcc/arm-none-eabi/10.3.1/../../../../arm-none-eabi/lib/thumb/v7e-m/nofp\libc_nano.a
LOAD c:/program files (x86)/gnu arm embedded toolchain/10 2021.10/bin/../lib/gcc/arm-none-eabi/10.3.1/../../../../arm-none-eabi/lib/thumb/v7e-m/nofp\libnosys.a
END GROUP
LOAD c:/program files (x86)/gnu arm embedded toolchain/10 2021.10/bin/../lib/gcc/arm-none-eabi/10.3.1/thumb/v7e-m/nofp/crtend.o
LOAD c:/program files (x86)/gnu arm embedded toolchain/10 2021.10/bin/../lib/gcc/arm-none-eabi/10.3.1/thumb/v7e-m/nofp/crtn.o

.isr_vector     0x08000000       0x40
 *(.isr_vector)
 .isr_vector    0x08000000       0x40 Projects/Servo_Motor_cpp/src/startup.o
                0x08000000                vector_table

.text           0x08000040      0x1d4
                0x08000040                . = ALIGN (0x4)
 *(.text*)
 .text.startup.main
                0x08000040       0x84 Projects/Servo_Motor_cpp/src/main.o
                0x08000040                main
 .text._ZN5Servo8SetAngleE15servoAngle_Type
                0x080000c4       0x58 Projects/Servo_Motor_cpp/src/servo.o
                0x080000c4                Servo::SetAngle(servoAngle_Type)
 .text._ZN5Servo5StartEv
                0x0800011c       0x58 Projects/Servo_Motor_cpp/src/servo.o
                0x0800011c                Servo::Start()
 .text.Default_Handler
                0x08000174        0x4 Projects/Servo_Motor_cpp/src/startup.o
                0x08000174                Default_Handler
 .text.Reset_Handler
                0x08000178       0x50 Projects/Servo_Motor_cpp/src/startup.o
                0x08000178                Reset_Handler
 .text.SystemInit
                0x080001c8        0x4 Projects/Servo_Motor_cpp/src/system_stm32f4xx.o
                0x080001c8                SystemInit
 .text.memcpy   0x080001cc       0x1c c:/program files (x86)/gnu arm embedded toolchain/10 2021.10/bin/../lib/gcc/arm-none-eabi/10.3.1/../../../../arm-none-eabi/lib/thumb/v7e-m/nofp\libg_nano.a(lib_a-memcpy-stub.o)
                0x080001cc                memcpy
 .text.memset   0x080001e8       0x10 c:/program files (x86)/gnu arm embedded toolchain/10 2021.10/bin/../lib/gcc/arm-none-eabi/10.3.1/../../../../arm-none-eabi/lib/thumb/v7e-m/nofp\libg_nano.a(lib_a-memset.o)
                0x080001e8                memset
 *(.rodata*)
 *(.glue_7)
 .glue_7        0x080001f8        0x0 linker stubs
 *(.glue_7t)
 .glue_7t       0x080001f8        0x0 linker stubs
 *(.init)
 .init          0x080001f8        0x4 c:/program files (x86)/gnu arm embedded toolchain/10 2021.10/bin/../lib/gcc/arm-none-eabi/10.3.1/thumb/v7e-m/nofp/crti.o
                0x080001f8                _init
 .init          0x080001fc        0x8 c:/program files (x86)/gnu arm embedded toolchain/10 2021.10/bin/../lib/gcc/arm-none-eabi/10.3.1/thumb/v7e-m/nofp/crtn.o
 *(.fini)
 .fini          0x08000204        0x4 c:/program files (x86)/gnu arm embedded toolchain/10 2021.10/bin/../lib/gcc/arm-none-eabi/10.3.1/thumb/v7e-m/nofp/crti.o
                0x08000204                _fini
 .fini          0x08000208        0x8 c:/program files (x86)/gnu arm embedded toolchain/10 2021.10/bin/../lib/gcc/arm-none-eabi/10.3.1/thumb/v7e-m/nofp/crtn.o
 *(.ARM.extab* .gnu.linkonce.armextab.*)
 *(.ARM.exidx* .gnu.linkonce.armexidx.*)
 *(.eh_frame)
 .eh_frame      0x08000210        0x0 c:/program files (x86)/gnu arm embedded toolchain/10 2021.10/bin/../lib/gcc/arm-none-eabi/10.3.1/thumb/v7e-m/nofp/crtbegin.o
 .eh_frame      0x08000210        0x4 c:/program files (x86)/gnu arm embedded toolchain/10 2021.10/bin/../lib/gcc/arm-none-eabi/10.3.1/thumb/v7e-m/nofp/crtend.o
                0x08000214                __etext = .

.vfp11_veneer   0x08000214        0x0
 .vfp11_veneer  0x08000214        0x0 linker stubs

.v4_bx          0x08000214        0x0
 .v4_bx         0x08000214        0x0 linker stubs

.iplt           0x08000214        0x0
 .iplt          0x08000214        0x0 Projects/Servo_Motor_cpp/src/main.o

.rel.dyn        0x08000214        0x0
 .rel.iplt      0x08000214        0x0 Projects/Servo_Motor_cpp/src/main.o

.data           0x20000000        0x0 load address 0x08000214
                0x20000000                __data_start__ = .
 *(.data*)
                0x20000000                __data_end__ = .

.igot.plt       0x20000000        0x0
 .igot.plt      0x20000000        0x0 Projects/Servo_Motor_cpp/src/main.o

.bss            0x20000000        0x0
                0x20000000                __bss_start__ = .
 *(.bss*)
 *(COMMON)
                0x20000000                . = ALIGN (0x4)
                0x20000000                __bss_end__ = .
                0x20000000                end = .
                0x20000000                _end = .

.stack          0x20000000      0x400
                0x20000000                . = ALIGN (0x8)
                0x20000000                _stack = .
                0x20000400                . = (. + 0x400)
 *fill*         0x20000000      0x400 
OUTPUT(Projects/Servo_Motor_cpp/main.elf elf32-littlearm)
LOAD linker stubs

.ARM.attributes
                0x00000000       0x2a
 .ARM.attributes
                0x00000000       0x1e c:/program files (x86)/gnu arm embedded toolchain/10 2021.10/bin/../lib/gcc/arm-none-eabi/10.3.1/thumb/v7e-m/nofp/crti.o
 .ARM.attributes
                0x0000001e       0x2e c:/program files (x86)/gnu arm embedded toolchain/10 2021.10/bin/../lib/gcc/arm-none-eabi/10.3.1/thumb/v7e-m/nofp/crtbegin.o
 .ARM.attributes
                0x0000004c       0x2e Projects/Servo_Motor_cpp/src/main.o
 .ARM.attributes
                0x0000007a       0x2e Projects/Servo_Motor_cpp/src/servo.o
 .ARM.attributes
                0x000000a8       0x2e Projects/Servo_Motor_cpp/src/startup.o
 .ARM.attributes
                0x000000d6       0x2e Projects/Servo_Motor_cpp/src/system_stm32f4xx.o
 .ARM.attributes
                0x00000104       0x2e c:/program files (x86)/gnu arm embedded toolchain/10 2021.10/bin/../lib/gcc/arm-none-eabi/10.3.1/../../../../arm-none-eabi/lib/thumb/v7e-m/nofp\libg_nano.a(lib_a-memcpy-stub.o)
 .ARM.attributes
                0x00000132       0x2e c:/program files (x86)/gnu arm embedded toolchain/10 2021.10/bin/../lib/gcc/arm-none-eabi/10.3.1/../../../../arm-none-eabi/lib/thumb/v7e-m/nofp\libg_nano.a(lib_a-memset.o)
 .ARM.attributes
                0x00000160       0x2e c:/program files (x86)/gnu arm embedded toolchain/10 2021.10/bin/../lib/gcc/arm-none-eabi/10.3.1/thumb/v7e-m/nofp/crtend.o
 .ARM.attributes
                0x0000018e       0x1e c:/program files (x86)/gnu arm embedded toolchain/10 2021.10/bin/../lib/gcc/arm-none-eabi/10.3.1/thumb/v7e-m/nofp/crtn.o

.comment        0x00000000       0x49
 .comment       0x00000000       0x49 Projects/Servo_Motor_cpp/src/main.o
                                 0x4a (size before relaxing)
 .comment       0x00000049       0x4a Projects/Servo_Motor_cpp/src/servo.o
 .comment       0x00000049       0x4a Projects/Servo_Motor_cpp/src/startup.o
 .comment       0x00000049       0x4a Projects/Servo_Motor_cpp/src/system_stm32f4xx.o

.debug_info     0x00000000     0x1dc8
 .debug_info    0x00000000      0xb9e Projects/Servo_Motor_cpp/src/main.o
 .debug_info    0x00000b9e     0x1016 Projects/Servo_Motor_cpp/src/servo.o
 .debug_info    0x00001bb4      0x196 Projects/Servo_Motor_cpp/src/startup.o
 .debug_info    0x00001d4a       0x7e Projects/Servo_Motor_cpp/src/system_stm32f4xx.o

.debug_abbrev   0x00000000      0x7b0
 .debug_abbrev  0x00000000      0x2e0 Projects/Servo_Motor_cpp/src/main.o
 .debug_abbrev  0x000002e0      0x377 Projects/Servo_Motor_cpp/src/servo.o
 .debug_abbrev  0x00000657      0x115 Projects/Servo_Motor_cpp/src/startup.o
 .debug_abbrev  0x0000076c       0x44 Projects/Servo_Motor_cpp/src/system_stm32f4xx.o

.debug_loc      0x00000000      0xe0e
 .debug_loc     0x00000000       0x86 Projects/Servo_Motor_cpp/src/main.o
 .debug_loc     0x00000086      0xd88 Projects/Servo_Motor_cpp/src/servo.o

.debug_aranges  0x00000000       0xc8
 .debug_aranges
                0x00000000       0x28 Projects/Servo_Motor_cpp/src/main.o
 .debug_aranges
                0x00000028       0x58 Projects/Servo_Motor_cpp/src/servo.o
 .debug_aranges
                0x00000080       0x28 Projects/Servo_Motor_cpp/src/startup.o
 .debug_aranges
                0x000000a8       0x20 Projects/Servo_Motor_cpp/src/system_stm32f4xx.o

.debug_ranges   0x00000000      0x1c0
 .debug_ranges  0x00000000       0x18 Projects/Servo_Motor_cpp/src/main.o
 .debug_ranges  0x00000018      0x180 Projects/Servo_Motor_cpp/src/servo.o
 .debug_ranges  0x00000198       0x18 Projects/Servo_Motor_cpp/src/startup.o
 .debug_ranges  0x000001b0       0x10 Projects/Servo_Motor_cpp/src/system_stm32f4xx.o

.debug_line     0x00000000      0xac9
 .debug_line    0x00000000      0x2d3 Projects/Servo_Motor_cpp/src/main.o
 .debug_line    0x000002d3      0x5ac Projects/Servo_Motor_cpp/src/servo.o
 .debug_line    0x0000087f      0x1e8 Projects/Servo_Motor_cpp/src/startup.o
 .debug_line    0x00000a67       0x62 Projects/Servo_Motor_cpp/src/system_stm32f4xx.o

.debug_str      0x00000000      0xba7
 .debug_str     0x00000000      0x971 Projects/Servo_Motor_cpp/src/main.o
                                0xaf6 (size before relaxing)
 .debug_str     0x00000971       0xc3 Projects/Servo_Motor_cpp/src/servo.o
                                0xb0c (size before relaxing)
 .debug_str     0x00000a34      0x143 Projects/Servo_Motor_cpp/src/startup.o
                                0x218 (size before relaxing)
 .debug_str     0x00000b77       0x30 Projects/Servo_Motor_cpp/src/system_stm32f4xx.o
                                0x16f (size before relaxing)

.debug_frame    0x00000000      0x198
 .debug_frame   0x00000000       0x44 Projects/Servo_Motor_cpp/src/main.o
 .debug_frame   0x00000044       0xb4 Projects/Servo_Motor_cpp/src/servo.o
 .debug_frame   0x000000f8       0x38 Projects/Servo_Motor_cpp/src/startup.o
 .debug_frame   0x00000130       0x20 Projects/Servo_Motor_cpp/src/system_stm32f4xx.o
 .debug_frame   0x00000150       0x28 c:/program files (x86)/gnu arm embedded toolchain/10 2021.10/bin/../lib/gcc/arm-none-eabi/10.3.1/../../../../arm-none-eabi/lib/thumb/v7e-m/nofp\libg_nano.a(lib_a-memcpy-stub.o)
 .debug_frame   0x00000178       0x20 c:/program files (x86)/gnu arm embedded toolchain/10 2021.10/bin/../lib/gcc/arm-none-eabi/10.3.1/../../../../arm-none-eabi/lib/thumb/v7e-m/nofp\libg_nano.a(lib_a-memset.o)
